Archive member included to satisfy reference by file (symbol)

app/libapp.a(main.c.obj)      (--whole-archive)
zephyr/libzephyr.a(heap.c.obj)
                              (--whole-archive)
zephyr/libzephyr.a(cbprintf_packaged.c.obj)
                              (--whole-archive)
zephyr/libzephyr.a(printk.c.obj)
                              (--whole-archive)
zephyr/libzephyr.a(sem.c.obj)
                              (--whole-archive)
zephyr/libzephyr.a(thread_entry.c.obj)
                              (--whole-archive)
zephyr/libzephyr.a(cbprintf_complete.c.obj)
                              (--whole-archive)
zephyr/libzephyr.a(assert.c.obj)
                              (--whole-archive)
zephyr/libzephyr.a(dec.c.obj)
                              (--whole-archive)
zephyr/libzephyr.a(hex.c.obj)
                              (--whole-archive)
zephyr/libzephyr.a(rb.c.obj)  (--whole-archive)
zephyr/libzephyr.a(timeutil.c.obj)
                              (--whole-archive)
zephyr/libzephyr.a(bitarray.c.obj)
                              (--whole-archive)
zephyr/libzephyr.a(onoff.c.obj)
                              (--whole-archive)
zephyr/libzephyr.a(notify.c.obj)
                              (--whole-archive)
zephyr/libzephyr.a(configs.c.obj)
                              (--whole-archive)
zephyr/libzephyr.a(thread_info.c.obj)
                              (--whole-archive)
zephyr/libzephyr.a(tracing_none.c.obj)
                              (--whole-archive)
zephyr/libzephyr.a(banner.c.obj)
                              (--whole-archive)
zephyr/libzephyr.a(flash_map_partition_manager.c.obj)
                              (--whole-archive)
zephyr/arch/common/libarch__common.a(sw_isr_common.c.obj)
                              (--whole-archive)
zephyr/arch/arch/arm/core/libarch__arm__core.a(fatal.c.obj)
                              (--whole-archive)
zephyr/arch/arch/arm/core/libarch__arm__core.a(nmi.c.obj)
                              (--whole-archive)
zephyr/arch/arch/arm/core/libarch__arm__core.a(nmi_on_reset.S.obj)
                              (--whole-archive)
zephyr/arch/arch/arm/core/libarch__arm__core.a(tls.c.obj)
                              (--whole-archive)
zephyr/arch/arch/arm/core/cortex_m/libarch__arm__core__cortex_m.a(exc_exit.c.obj)
                              (--whole-archive)
zephyr/arch/arch/arm/core/cortex_m/libarch__arm__core__cortex_m.a(fault.c.obj)
                              (--whole-archive)
zephyr/arch/arch/arm/core/cortex_m/libarch__arm__core__cortex_m.a(fault_s.S.obj)
                              (--whole-archive)
zephyr/arch/arch/arm/core/cortex_m/libarch__arm__core__cortex_m.a(fpu.c.obj)
                              (--whole-archive)
zephyr/arch/arch/arm/core/cortex_m/libarch__arm__core__cortex_m.a(reset.S.obj)
                              (--whole-archive)
zephyr/arch/arch/arm/core/cortex_m/libarch__arm__core__cortex_m.a(scb.c.obj)
                              (--whole-archive)
zephyr/arch/arch/arm/core/cortex_m/libarch__arm__core__cortex_m.a(thread_abort.c.obj)
                              (--whole-archive)
zephyr/arch/arch/arm/core/cortex_m/libarch__arm__core__cortex_m.a(vector_table.S.obj)
                              (--whole-archive)
zephyr/arch/arch/arm/core/cortex_m/libarch__arm__core__cortex_m.a(swap.c.obj)
                              (--whole-archive)
zephyr/arch/arch/arm/core/cortex_m/libarch__arm__core__cortex_m.a(swap_helper.S.obj)
                              (--whole-archive)
zephyr/arch/arch/arm/core/cortex_m/libarch__arm__core__cortex_m.a(irq_manage.c.obj)
                              (--whole-archive)
zephyr/arch/arch/arm/core/cortex_m/libarch__arm__core__cortex_m.a(prep_c.c.obj)
                              (--whole-archive)
zephyr/arch/arch/arm/core/cortex_m/libarch__arm__core__cortex_m.a(thread.c.obj)
                              (--whole-archive)
zephyr/arch/arch/arm/core/cortex_m/libarch__arm__core__cortex_m.a(cpu_idle.c.obj)
                              (--whole-archive)
zephyr/arch/arch/arm/core/cortex_m/libarch__arm__core__cortex_m.a(irq_init.c.obj)
                              (--whole-archive)
zephyr/arch/arch/arm/core/cortex_m/libarch__arm__core__cortex_m.a(isr_wrapper.c.obj)
                              (--whole-archive)
zephyr/arch/arch/arm/core/cortex_m/libarch__arm__core__cortex_m.a(__aeabi_read_tp.S.obj)
                              (--whole-archive)
zephyr/lib/libc/picolibc/liblib__libc__picolibc.a(libc-hooks.c.obj)
                              (--whole-archive)
zephyr/lib/libc/common/liblib__libc__common.a(abort.c.obj)
                              (--whole-archive)
zephyr/lib/libc/common/liblib__libc__common.a(malloc.c.obj)
                              (--whole-archive)
zephyr/soc/soc/nrf52832/libsoc__nordic.a(validate_base_addresses.c.obj)
                              (--whole-archive)
zephyr/soc/soc/nrf52832/libsoc__nordic.a(validate_binding_headers.c.obj)
                              (--whole-archive)
[...]
Memory Configuration

Name             Origin             Length             Attributes
FLASH            0x0000000000000000 0x0000000000080000 xr
RAM              0x0000000020000000 0x0000000000010000 xw
IDT_LIST         0x00000000ffff7fff 0x0000000000008000 xw
*default*        0x0000000000000000 0xffffffffffffffff

Linker script and memory map

                0x0000000000002f0c                vfprintf = __l_vfprintf
                0x0000000000000000                vfscanf = __l_vfscanf
LOAD zephyr/CMakeFiles/zephyr_pre0.dir/misc/empty_file.c.obj
LOAD zephyr/CMakeFiles/offsets.dir/./arch/arm/core/offsets/offsets.c.obj
LOAD app/libapp.a
LOAD zephyr/libzephyr.a
LOAD zephyr/arch/common/libarch__common.a
LOAD zephyr/arch/arch/arm/core/libarch__arm__core.a
LOAD zephyr/arch/arch/arm/core/cortex_m/libarch__arm__core__cortex_m.a
LOAD zephyr/lib/libc/picolibc/liblib__libc__picolibc.a
LOAD zephyr/lib/libc/common/liblib__libc__common.a
LOAD zephyr/soc/soc/nrf52832/libsoc__nordic.a
LOAD zephyr/subsys/random/libsubsys__random.a
LOAD zephyr/drivers/clock_control/libdrivers__clock_control.a
LOAD zephyr/drivers/console/libdrivers__console.a
LOAD zephyr/drivers/entropy/libdrivers__entropy.a
LOAD zephyr/drivers/timer/libdrivers__timer.a
LOAD modules/hal_nordic/nrfx/libmodules__hal_nordic__nrfx.a
LOAD modules/segger/libmodules__segger.a
LOAD zephyr/kernel/libkernel.a
LOAD zephyr/arch/common/libisr_tables.a
LOAD /home/ams/ncs/toolchains/b77d8c1312/opt/zephyr-sdk/arm-zephyr-eabi/bin/../lib/gcc/../../picolibc/arm-zephyr-eabi/lib/thumb/v7e-m/nofp/libc.a
LOAD /home/ams/ncs/toolchains/b77d8c1312/opt/zephyr-sdk/arm-zephyr-eabi/bin/../lib/gcc/arm-zephyr-eabi/12.2.0/thumb/v7e-m/nofp/libgcc.a
                0x0000000000000004                _region_min_align = 0x4

.rel.plt        0x0000000000000000        0x0
 *(SORT_BY_ALIGNMENT(.rel.plt))
                [!provide]                        PROVIDE (__rel_iplt_start = .)
 *(SORT_BY_ALIGNMENT(.rel.iplt))
 .rel.iplt      0x0000000000000000        0x0 app/libapp.a(main.c.obj)
                [!provide]                        PROVIDE (__rel_iplt_end = .)

.rela.plt       0x0000000000000000        0x0
 *(SORT_BY_ALIGNMENT(.rela.plt))
                [!provide]                        PROVIDE (__rela_iplt_start = .)
 *(SORT_BY_ALIGNMENT(.rela.iplt))
                [!provide]                        PROVIDE (__rela_iplt_end = .)

.rel.dyn
 *(SORT_BY_ALIGNMENT(.rel.*))

.rela.dyn
 *(SORT_BY_ALIGNMENT(.rela.*))

/DISCARD/
 *(SORT_BY_ALIGNMENT(.plt))

/DISCARD/
 *(SORT_BY_ALIGNMENT(.iplt))
                0x0000000000000000                __rom_region_start = 0x0

rom_start       0x0000000000000000       0xdc
                0x0000000000000000                __rom_start_address = .
 FILL mask 0x00
                0x0000000000000000                . = (. + (0x0 - (. - __rom_start_address)))
                0x0000000000000000                . = ALIGN (0x4)
                0x0000000000000000                . = ALIGN (0x80)
                0x0000000000000000                . = ALIGN (0x100)
                0x0000000000000000                _vector_start = .
 *(SORT_BY_ALIGNMENT(.exc_vector_table))
 *(SORT_BY_ALIGNMENT(.exc_vector_table.*))
 .exc_vector_table._vector_table_section
                0x0000000000000000       0x40 zephyr/arch/arch/arm/core/cortex_m/libarch__arm__core__cortex_m.a(vector_table.S.obj)
                0x0000000000000000                _vector_table
 *(SORT_BY_ALIGNMENT(.vectors))
                0x00000000000000dc                _vector_end = .
                0x0000000000000040                . = ALIGN (0x4)
 *(SORT_BY_ALIGNMENT(.gnu.linkonce.irq_vector_table*))
 .gnu.linkonce.irq_vector_table
                0x0000000000000040       0x9c zephyr/arch/common/libisr_tables.a(isr_tables.c.obj)
                0x0000000000000040                _irq_vector_table
                0x00000000000000dc                _vector_end = .

text            0x00000000000000dc     0x45e4
                0x00000000000000dc                __text_region_start = .
 *(SORT_BY_ALIGNMENT(.text))
 .text          0x00000000000000dc       0x30 /home/ams/ncs/toolchains/b77d8c1312/opt/zephyr-sdk/arm-zephyr-eabi/bin/../lib/gcc/arm-zephyr-eabi/12.2.0/thumb/v7e-m/nofp/libgcc.a(_aeabi_uldivmod.o)
                0x00000000000000dc                __aeabi_uldivmod
 .text          0x000000000000010c        0x4 /home/ams/ncs/toolchains/b77d8c1312/opt/zephyr-sdk/arm-zephyr-eabi/bin/../lib/gcc/arm-zephyr-eabi/12.2.0/thumb/v7e-m/nofp/libgcc.a(_dvmd_tls.o)
                0x000000000000010c                __aeabi_ldiv0
                0x000000000000010c                __aeabi_idiv0
 .text          0x0000000000000110      0x2a0 /home/ams/ncs/toolchains/b77d8c1312/opt/zephyr-sdk/arm-zephyr-eabi/bin/../lib/gcc/arm-zephyr-eabi/12.2.0/thumb/v7e-m/nofp/libgcc.a(_udivmoddi4.o)
                0x0000000000000110                __udivmoddi4
 *(SORT_BY_ALIGNMENT(.text.*))
 .text.critical_section
                0x00000000000003b0       0xc4 app/libapp.a(main.c.obj)
                0x00000000000003b0                critical_section
 .text.Thread1  0x0000000000000474       0x14 app/libapp.a(main.c.obj)
                0x0000000000000474                Thread1
 .text.Thread2  0x0000000000000488       0x14 app/libapp.a(main.c.obj)
                0x0000000000000488                Thread2
 .text.main     0x000000000000049c       0x10 app/libapp.a(main.c.obj)
                0x000000000000049c                main
 .text.char_out
                0x00000000000004ac       0x10 zephyr/libzephyr.a(printk.c.obj)
 .text.__printk_hook_install
                0x00000000000004bc        0xc zephyr/libzephyr.a(printk.c.obj)
                0x00000000000004bc                __printk_hook_install
 .text.vprintk  0x00000000000004c8       0x2c zephyr/libzephyr.a(printk.c.obj)
                0x00000000000004c8                vprintk
 .text.z_thread_entry
                0x00000000000004f4       0x34 zephyr/libzephyr.a(thread_entry.c.obj)
                0x00000000000004f4                z_thread_entry
 .text.process_event
                0x0000000000000528      0x16c zephyr/libzephyr.a(onoff.c.obj)
 .text.boot_banner
                0x0000000000000694       0x18 zephyr/libzephyr.a(banner.c.obj)
                0x0000000000000694                boot_banner
 .text.z_SysNmiOnReset
                0x00000000000006ac        0x8 zephyr/arch/arch/arm/core/libarch__arm__core.a(nmi_on_reset.S.obj)
                0x00000000000006ac                z_SysNmiOnReset
 .text.z_tls_copy
                0x00000000000006b4       0x28 zephyr/arch/arch/arm/core/libarch__arm__core.a(tls.c.obj)
 .text.arch_tls_stack_setup
                0x00000000000006dc       0x28 zephyr/arch/arch/arm/core/libarch__arm__core.a(tls.c.obj)
                0x00000000000006dc                arch_tls_stack_setup
 .text._HandlerModeExit
                0x0000000000000704       0x28 zephyr/arch/arch/arm/core/cortex_m/libarch__arm__core__cortex_m.a(exc_exit.c.obj)
                0x0000000000000704                z_arm_exc_exit
                0x0000000000000704                z_arm_int_exit
 .text.mem_manage_fault
                0x000000000000072c       0xa4 zephyr/arch/arch/arm/core/cortex_m/libarch__arm__core__cortex_m.a(fault.c.obj)
 .text.bus_fault
                0x00000000000007d0       0x8c zephyr/arch/arch/arm/core/cortex_m/libarch__arm__core__cortex_m.a(fault.c.obj)
 .text.usage_fault
                0x000000000000085c       0x64 zephyr/arch/arch/arm/core/cortex_m/libarch__arm__core__cortex_m.a(fault.c.obj)
 .text.z_arm_is_synchronous_svc
                0x00000000000008c0       0x3c zephyr/arch/arch/arm/core/cortex_m/libarch__arm__core__cortex_m.a(fault.c.obj)
 .text.hard_fault
                0x00000000000008fc       0x78 zephyr/arch/arch/arm/core/cortex_m/libarch__arm__core__cortex_m.a(fault.c.obj)
 .text.z_arm_fault
                0x0000000000000974       0xa4 zephyr/arch/arch/arm/core/cortex_m/libarch__arm__core__cortex_m.a(fault.c.obj)
                0x0000000000000974                z_arm_fault
 .text.z_arm_fault_init
                0x0000000000000a18       0x18 zephyr/arch/arch/arm/core/cortex_m/libarch__arm__core__cortex_m.a(fault.c.obj)
                0x0000000000000a18                z_arm_fault_init
 .text.__fault  0x0000000000000a30       0x14 zephyr/arch/arch/arm/core/cortex_m/libarch__arm__core__cortex_m.a(fault_s.S.obj)
                0x0000000000000a30                z_arm_bus_fault
                0x0000000000000a30                z_arm_usage_fault
                0x0000000000000a30                z_arm_mpu_fault
                0x0000000000000a30                z_arm_exc_spurious
                0x0000000000000a30                z_arm_debug_monitor
                0x0000000000000a30                z_arm_hard_fault
 .text._reset_section
                0x0000000000000a44       0x60 zephyr/arch/arch/arm/core/cortex_m/libarch__arm__core__cortex_m.a(reset.S.obj)
                0x0000000000000a44                z_arm_reset
                0x0000000000000a44                __start
 .text.z_arm_init_arch_hw_at_boot
                0x0000000000000aa4       0x4c zephyr/arch/arch/arm/core/cortex_m/libarch__arm__core__cortex_m.a(scb.c.obj)
                0x0000000000000aa4                z_arm_init_arch_hw_at_boot
 .text.z_impl_k_thread_abort
                0x0000000000000af0       0x34 zephyr/arch/arch/arm/core/cortex_m/libarch__arm__core__cortex_m.a(thread_abort.c.obj)
                0x0000000000000af0                z_impl_k_thread_abort
 .text.arch_swap
                0x0000000000000b24       0x34 zephyr/arch/arch/arm/core/cortex_m/libarch__arm__core__cortex_m.a(swap.c.obj)
                0x0000000000000b24                arch_swap
 .text.z_arm_pendsv_c
                0x0000000000000b58       0x44 zephyr/arch/arch/arm/core/cortex_m/libarch__arm__core__cortex_m.a(swap.c.obj)
                0x0000000000000b58                z_arm_pendsv_c
 .text.z_arm_pendsv
                0x0000000000000b9c       0x34 zephyr/arch/arch/arm/core/cortex_m/libarch__arm__core__cortex_m.a(swap_helper.S.obj)
                0x0000000000000b9c                z_arm_pendsv
 .text.z_arm_svc
                0x0000000000000bd0       0x20 zephyr/arch/arch/arm/core/cortex_m/libarch__arm__core__cortex_m.a(swap_helper.S.obj)
                0x0000000000000bd0                z_arm_svc
 .text.__NVIC_EnableIRQ
                0x0000000000000bf0       0x1c zephyr/arch/arch/arm/core/cortex_m/libarch__arm__core__cortex_m.a(irq_manage.c.obj)
 .text.__NVIC_DisableIRQ
                0x0000000000000c0c       0x24 zephyr/arch/arch/arm/core/cortex_m/libarch__arm__core__cortex_m.a(irq_manage.c.obj)
 .text.__NVIC_SetPriority
                0x0000000000000c30       0x28 zephyr/arch/arch/arm/core/cortex_m/libarch__arm__core__cortex_m.a(irq_manage.c.obj)
 .text.arch_irq_is_enabled
                0x0000000000000c58       0x1c zephyr/arch/arch/arm/core/cortex_m/libarch__arm__core__cortex_m.a(irq_manage.c.obj)
                0x0000000000000c58                arch_irq_is_enabled
 .text.z_prep_c
                0x0000000000000c74       0x38 zephyr/arch/arch/arm/core/cortex_m/libarch__arm__core__cortex_m.a(prep_c.c.obj)
                0x0000000000000c74                z_prep_c
 .text.arch_new_thread
                0x0000000000000cac       0x44 zephyr/arch/arch/arm/core/cortex_m/libarch__arm__core__cortex_m.a(thread.c.obj)
                0x0000000000000cac                arch_new_thread
 .text.arch_switch_to_main_thread
                0x0000000000000cf0       0x44 zephyr/arch/arch/arm/core/cortex_m/libarch__arm__core__cortex_m.a(thread.c.obj)
                0x0000000000000cf0                arch_switch_to_main_thread
 .text.z_arm_cpu_idle_init
                0x0000000000000d34        0xc zephyr/arch/arch/arm/core/cortex_m/libarch__arm__core__cortex_m.a(cpu_idle.c.obj)
                0x0000000000000d34                z_arm_cpu_idle_init
 .text.z_arm_interrupt_init
                0x0000000000000d40       0x34 zephyr/arch/arch/arm/core/cortex_m/libarch__arm__core__cortex_m.a(irq_init.c.obj)
                0x0000000000000d40                z_arm_interrupt_init
 .text._isr_wrapper
                0x0000000000000d74       0x20 zephyr/arch/arch/arm/core/cortex_m/libarch__arm__core__cortex_m.a(isr_wrapper.c.obj)
                0x0000000000000d74                _isr_wrapper
 .text.z_impl_zephyr_fputc
                0x0000000000000d94       0x10 zephyr/lib/libc/picolibc/liblib__libc__picolibc.a(libc-hooks.c.obj)
                0x0000000000000d94                z_impl_zephyr_fputc
 .text.__stdout_hook_install
                0x0000000000000da4       0x18 zephyr/lib/libc/picolibc/liblib__libc__picolibc.a(libc-hooks.c.obj)
                0x0000000000000da4                __stdout_hook_install
 .text.malloc_prepare
                0x0000000000000dbc       0x24 zephyr/lib/libc/common/liblib__libc__common.a(malloc.c.obj)
 .text.nordicsemi_nrf52_init
                0x0000000000000de0       0x10 zephyr/soc/soc/nrf52832/libsoc__nordic.a(soc.c.obj)
 .text.arch_busy_wait
                0x0000000000000df0       0x18 zephyr/soc/soc/nrf52832/libsoc__nordic.a(soc.c.obj)
                0x0000000000000df0                arch_busy_wait
 .text.rand_get
                0x0000000000000e08       0x50 zephyr/subsys/random/libsubsys__random.a(random_entropy_device.c.obj)
 .text.get_hf_flags
                0x0000000000000e58        0x8 zephyr/drivers/clock_control/libdrivers__clock_control.a(clock_control_nrf.c.obj)
 .text.get_subsys
                0x0000000000000e60       0x18 zephyr/drivers/clock_control/libdrivers__clock_control.a(clock_control_nrf.c.obj)
 .text.onoff_stop
                0x0000000000000e78       0x20 zephyr/drivers/clock_control/libdrivers__clock_control.a(clock_control_nrf.c.obj)
 .text.onoff_start
                0x0000000000000e98       0x34 zephyr/drivers/clock_control/libdrivers__clock_control.a(clock_control_nrf.c.obj)
 .text.clock_event_handler
                0x0000000000000ecc       0x34 zephyr/drivers/clock_control/libdrivers__clock_control.a(clock_control_nrf.c.obj)
 .text.generic_hfclk_start
                0x0000000000000f00       0x70 zephyr/drivers/clock_control/libdrivers__clock_control.a(clock_control_nrf.c.obj)
 .text.generic_hfclk_stop
                0x0000000000000f70       0x34 zephyr/drivers/clock_control/libdrivers__clock_control.a(clock_control_nrf.c.obj)
 .text.lfclk_spinwait
                0x0000000000000fa4       0xcc zephyr/drivers/clock_control/libdrivers__clock_control.a(clock_control_nrf.c.obj)
 .text.api_blocking_start
                0x0000000000001070       0x38 zephyr/drivers/clock_control/libdrivers__clock_control.a(clock_control_nrf.c.obj)
 .text.anomaly_132_workaround
                0x00000000000010a8       0x20 zephyr/drivers/clock_control/libdrivers__clock_control.a(clock_control_nrf.c.obj)
 .text.clk_init
                0x00000000000010c8       0x60 zephyr/drivers/clock_control/libdrivers__clock_control.a(clock_control_nrf.c.obj)
 .text.z_nrf_clock_control_lf_on
                0x0000000000001128       0x54 zephyr/drivers/clock_control/libdrivers__clock_control.a(clock_control_nrf.c.obj)
                0x0000000000001128                z_nrf_clock_control_lf_on
 .text.rtt_console_init
                0x000000000000117c       0x18 zephyr/drivers/console/libdrivers__console.a(rtt_console.c.obj)
 .text.rtt_console_out
                0x0000000000001194       0x44 zephyr/drivers/console/libdrivers__console.a(rtt_console.c.obj)
 .text.random_byte_get
                0x00000000000011d8       0x3c zephyr/drivers/entropy/libdrivers__entropy.a(entropy_nrf5.c.obj)
 .text.rng_pool_get
                0x0000000000001214       0x94 zephyr/drivers/entropy/libdrivers__entropy.a(entropy_nrf5.c.obj)
 .text.entropy_nrf5_get_entropy_isr
                0x00000000000012a8       0xb0 zephyr/drivers/entropy/libdrivers__entropy.a(entropy_nrf5.c.obj)
 .text.isr      0x0000000000001358       0x48 zephyr/drivers/entropy/libdrivers__entropy.a(entropy_nrf5.c.obj)
 .text.entropy_nrf5_get_entropy
                0x00000000000013a0       0x54 zephyr/drivers/entropy/libdrivers__entropy.a(entropy_nrf5.c.obj)
 .text.entropy_nrf5_init
                0x00000000000013f4       0x6c zephyr/drivers/entropy/libdrivers__entropy.a(entropy_nrf5.c.obj)
 .text.set_comparator
                0x0000000000001460       0x14 zephyr/drivers/timer/libdrivers__timer.a(nrf_rtc_timer.c.obj)
 .text.event_enable
                0x0000000000001474       0x14 zephyr/drivers/timer/libdrivers__timer.a(nrf_rtc_timer.c.obj)
 .text.event_disable
                0x0000000000001488       0x14 zephyr/drivers/timer/libdrivers__timer.a(nrf_rtc_timer.c.obj)
 .text.counter  0x000000000000149c        0xc zephyr/drivers/timer/libdrivers__timer.a(nrf_rtc_timer.c.obj)
 .text.set_alarm
                0x00000000000014a8       0x88 zephyr/drivers/timer/libdrivers__timer.a(nrf_rtc_timer.c.obj)
 .text.int_event_disable_rtc
                0x0000000000001530       0x18 zephyr/drivers/timer/libdrivers__timer.a(nrf_rtc_timer.c.obj)
 .text.compare_int_lock
                0x0000000000001548       0x4c zephyr/drivers/timer/libdrivers__timer.a(nrf_rtc_timer.c.obj)
 .text.channel_processing_check_and_clear
                0x0000000000001594       0x60 zephyr/drivers/timer/libdrivers__timer.a(nrf_rtc_timer.c.obj)
 .text.compare_int_unlock
                0x00000000000015f4       0x60 zephyr/drivers/timer/libdrivers__timer.a(nrf_rtc_timer.c.obj)
 .text.sys_clock_timeout_handler
                0x0000000000001654       0x50 zephyr/drivers/timer/libdrivers__timer.a(nrf_rtc_timer.c.obj)
 .text.z_nrf_rtc_timer_read
                0x00000000000016a4       0x40 zephyr/drivers/timer/libdrivers__timer.a(nrf_rtc_timer.c.obj)
                0x00000000000016a4                z_nrf_rtc_timer_read
 .text.compare_set_nolocks
                0x00000000000016e4       0xac zephyr/drivers/timer/libdrivers__timer.a(nrf_rtc_timer.c.obj)
 .text.sys_clock_driver_init
                0x0000000000001790       0x9c zephyr/drivers/timer/libdrivers__timer.a(nrf_rtc_timer.c.obj)
 .text.process_channel
                0x000000000000182c       0x7c zephyr/drivers/timer/libdrivers__timer.a(nrf_rtc_timer.c.obj)
 .text.rtc_nrf_isr
                0x00000000000018a8       0x40 zephyr/drivers/timer/libdrivers__timer.a(nrf_rtc_timer.c.obj)
                0x00000000000018a8                rtc_nrf_isr
 .text.sys_clock_set_timeout
                0x00000000000018e8       0x74 zephyr/drivers/timer/libdrivers__timer.a(nrf_rtc_timer.c.obj)
                0x00000000000018e8                sys_clock_set_timeout
 .text.sys_clock_elapsed
                0x000000000000195c       0x14 zephyr/drivers/timer/libdrivers__timer.a(nrf_rtc_timer.c.obj)
                0x000000000000195c                sys_clock_elapsed
 .text.SystemInit
                0x0000000000001970      0x1a4 modules/hal_nordic/nrfx/libmodules__hal_nordic__nrfx.a(system_nrf52.c.obj)
                0x0000000000001970                SystemInit
 .text.nrfx_clock_anomaly_132
                0x0000000000001b14       0x40 modules/hal_nordic/nrfx/libmodules__hal_nordic__nrfx.a(nrfx_clock.c.obj)
 .text.clock_stop
                0x0000000000001b54       0x8c modules/hal_nordic/nrfx/libmodules__hal_nordic__nrfx.a(nrfx_clock.c.obj)
 .text.nrfx_clock_init
                0x0000000000001be0       0x28 modules/hal_nordic/nrfx/libmodules__hal_nordic__nrfx.a(nrfx_clock.c.obj)
                0x0000000000001be0                nrfx_clock_init
 .text.nrfx_clock_enable
                0x0000000000001c08       0x20 modules/hal_nordic/nrfx/libmodules__hal_nordic__nrfx.a(nrfx_clock.c.obj)
                0x0000000000001c08                nrfx_clock_enable
 .text.nrfx_clock_start
                0x0000000000001c28       0xe4 modules/hal_nordic/nrfx/libmodules__hal_nordic__nrfx.a(nrfx_clock.c.obj)
                0x0000000000001c28                nrfx_clock_start
 .text.nrfx_power_clock_irq_handler
                0x0000000000001d0c       0x7c modules/hal_nordic/nrfx/libmodules__hal_nordic__nrfx.a(nrfx_clock.c.obj)
                0x0000000000001d0c                nrfx_power_clock_irq_handler
 .text._DoInit  0x0000000000001d88       0x6c modules/segger/libmodules__segger.a(SEGGER_RTT.c.obj)
 .text.SEGGER_RTT_WriteNoLock
                0x0000000000001df4       0x6c modules/segger/libmodules__segger.a(SEGGER_RTT.c.obj)
                0x0000000000001df4                SEGGER_RTT_WriteNoLock
 .text.SEGGER_RTT_Write
                0x0000000000001e60       0x34 modules/segger/libmodules__segger.a(SEGGER_RTT.c.obj)
                0x0000000000001e60                SEGGER_RTT_Write
 .text.z_fatal_error
                0x0000000000001e94       0x2c zephyr/kernel/libkernel.a(fatal.c.obj)
                0x0000000000001e94                z_fatal_error
 .text.z_sys_init_run_level
                0x0000000000001ec0       0x34 zephyr/kernel/libkernel.a(init.c.obj)
 .text.init_idle_thread
                0x0000000000001ef4       0x5c zephyr/kernel/libkernel.a(init.c.obj)
 .text.thread_schedule_new
                0x0000000000001f50       0x1c zephyr/kernel/libkernel.a(init.c.obj)
 .text.z_init_static_threads
                0x0000000000001f6c       0x70 zephyr/kernel/libkernel.a(init.c.obj)
 .text.bg_thread_main
                0x0000000000001fdc       0x38 zephyr/kernel/libkernel.a(init.c.obj)
 .text.switch_to_main_thread
                0x0000000000002014       0x14 zephyr/kernel/libkernel.a(init.c.obj)
 .text.z_bss_zero
                0x0000000000002028       0x18 zephyr/kernel/libkernel.a(init.c.obj)
                0x0000000000002028                z_bss_zero
 .text.z_init_cpu
                0x0000000000002040       0x40 zephyr/kernel/libkernel.a(init.c.obj)
                0x0000000000002040                z_init_cpu
 .text.prepare_multithreading
                0x0000000000002080       0x60 zephyr/kernel/libkernel.a(init.c.obj)
 .text.z_cstart
                0x00000000000020e0       0x80 zephyr/kernel/libkernel.a(init.c.obj)
                0x00000000000020e0                z_cstart
 .text.z_impl_k_mutex_lock
                0x0000000000002160      0x100 zephyr/kernel/libkernel.a(mutex.c.obj)
                0x0000000000002160                z_impl_k_mutex_lock
 .text.z_impl_k_mutex_unlock
                0x0000000000002260       0x7c zephyr/kernel/libkernel.a(mutex.c.obj)
                0x0000000000002260                z_impl_k_mutex_unlock
 .text.z_impl_k_sem_give
                0x00000000000022dc       0x4c zephyr/kernel/libkernel.a(sem.c.obj)
                0x00000000000022dc                z_impl_k_sem_give
 .text.z_impl_k_sem_take
                0x0000000000002328       0x50 zephyr/kernel/libkernel.a(sem.c.obj)
                0x0000000000002328                z_impl_k_sem_take
 .text.z_setup_new_thread
                0x0000000000002378       0xc4 zephyr/kernel/libkernel.a(thread.c.obj)
                0x0000000000002378                z_setup_new_thread
 .text.update_cache
                0x000000000000243c       0x4c zephyr/kernel/libkernel.a(sched.c.obj)
 .text.unready_thread
                0x0000000000002488       0x38 zephyr/kernel/libkernel.a(sched.c.obj)
 .text.add_thread_timeout
                0x00000000000024c0       0x20 zephyr/kernel/libkernel.a(sched.c.obj)
 .text.ready_thread
                0x00000000000024e0       0x78 zephyr/kernel/libkernel.a(sched.c.obj)
 .text.halt_thread
                0x0000000000002558       0xc4 zephyr/kernel/libkernel.a(sched.c.obj)
 .text.thread_halt_spin
                0x000000000000261c       0x54 zephyr/kernel/libkernel.a(sched.c.obj)
 .text.z_thread_halt
                0x0000000000002670       0x78 zephyr/kernel/libkernel.a(sched.c.obj)
 .text.move_thread_to_end_of_prio_q
                0x00000000000026e8       0x8c zephyr/kernel/libkernel.a(sched.c.obj)
                0x00000000000026e8                move_thread_to_end_of_prio_q
 .text.z_pend_curr
                0x0000000000002774       0x38 zephyr/kernel/libkernel.a(sched.c.obj)
                0x0000000000002774                z_pend_curr
 .text.z_thread_prio_set
                0x00000000000027ac       0xb8 zephyr/kernel/libkernel.a(sched.c.obj)
                0x00000000000027ac                z_thread_prio_set
 .text.z_reschedule
                0x0000000000002864       0x2c zephyr/kernel/libkernel.a(sched.c.obj)
                0x0000000000002864                z_reschedule
 .text.z_sched_start
                0x0000000000002890       0x3c zephyr/kernel/libkernel.a(sched.c.obj)
                0x0000000000002890                z_sched_start
 .text.z_reschedule_irqlock
                0x00000000000028cc       0x2c zephyr/kernel/libkernel.a(sched.c.obj)
                0x00000000000028cc                z_reschedule_irqlock
 .text.k_sched_lock
                0x00000000000028f8       0x30 zephyr/kernel/libkernel.a(sched.c.obj)
                0x00000000000028f8                k_sched_lock
 .text.k_sched_unlock
                0x0000000000002928       0x3c zephyr/kernel/libkernel.a(sched.c.obj)
                0x0000000000002928                k_sched_unlock
 .text.z_sched_init
                0x0000000000002964       0x10 zephyr/kernel/libkernel.a(sched.c.obj)
                0x0000000000002964                z_sched_init
 .text.z_impl_k_yield
                0x0000000000002974       0x90 zephyr/kernel/libkernel.a(sched.c.obj)
                0x0000000000002974                z_impl_k_yield
 .text.z_tick_sleep
                0x0000000000002a04       0x98 zephyr/kernel/libkernel.a(sched.c.obj)
 .text.z_impl_k_sleep
                0x0000000000002a9c       0x5c zephyr/kernel/libkernel.a(sched.c.obj)
                0x0000000000002a9c                z_impl_k_sleep
 .text.z_impl_k_sched_current_thread_query
                0x0000000000002af8        0xc zephyr/kernel/libkernel.a(sched.c.obj)
                0x0000000000002af8                z_impl_k_sched_current_thread_query
 .text.slice_timeout
                0x0000000000002b04       0x20 zephyr/kernel/libkernel.a(timeslicing.c.obj)
 .text.thread_is_sliceable
                0x0000000000002b24       0x4c zephyr/kernel/libkernel.a(timeslicing.c.obj)
                0x0000000000002b24                thread_is_sliceable
 .text.z_reset_time_slice
                0x0000000000002b70       0x50 zephyr/kernel/libkernel.a(timeslicing.c.obj)
                0x0000000000002b70                z_reset_time_slice
 .text.z_time_slice
                0x0000000000002bc0       0x70 zephyr/kernel/libkernel.a(timeslicing.c.obj)
                0x0000000000002bc0                z_time_slice
 .text.z_thread_monitor_exit
                0x0000000000002c30       0x3c zephyr/kernel/libkernel.a(thread_monitor.c.obj)
                0x0000000000002c30                z_thread_monitor_exit
 .text.z_data_copy
                0x0000000000002c6c       0x34 zephyr/kernel/libkernel.a(xip.c.obj)
                0x0000000000002c6c                z_data_copy
 .text.first    0x0000000000002ca0       0x14 zephyr/kernel/libkernel.a(timeout.c.obj)
 .text.next     0x0000000000002cb4       0x18 zephyr/kernel/libkernel.a(timeout.c.obj)
 .text.elapsed  0x0000000000002ccc       0x18 zephyr/kernel/libkernel.a(timeout.c.obj)
 .text.z_add_timeout
                0x0000000000002ce4      0x10c zephyr/kernel/libkernel.a(timeout.c.obj)
                0x0000000000002ce4                z_add_timeout
 .text.sys_clock_announce
                0x0000000000002df0       0xc4 zephyr/kernel/libkernel.a(timeout.c.obj)
                0x0000000000002df0                sys_clock_announce
 .text.sys_clock_tick_get
                0x0000000000002eb4       0x40 zephyr/kernel/libkernel.a(timeout.c.obj)
                0x0000000000002eb4                sys_clock_tick_get
 .text.z_device_state_init
                0x0000000000002ef4       0x18 zephyr/kernel/libkernel.a(device.c.obj)
                0x0000000000002ef4                z_device_state_init
 .text.__l_vfprintf
                0x0000000000002f0c      0x4b8 /home/ams/ncs/toolchains/b77d8c1312/opt/zephyr-sdk/arm-zephyr-eabi/bin/../lib/gcc/../../picolibc/arm-zephyr-eabi/lib/thumb/v7e-m/nofp/libc.a(libc_tinystdio_vflprintf.c.o)
                0x0000000000002f0c                __l_vfprintf
 .text._OffsetAbsSyms
                0x00000000000033c4        0x2 zephyr/CMakeFiles/offsets.dir/./arch/arm/core/offsets/offsets.c.obj
                0x00000000000033c4                _OffsetAbsSyms
 .text.k_msleep
                0x00000000000033c6       0x2c app/libapp.a(main.c.obj)
 .text.set_chunk_used
                0x00000000000033f2       0x38 zephyr/libzephyr.a(heap.c.obj)
 .text.free_list_add_bidx
                0x000000000000342a       0xa4 zephyr/libzephyr.a(heap.c.obj)
 .text.free_list_add
                0x00000000000034ce       0x52 zephyr/libzephyr.a(heap.c.obj)
 .text.sys_heap_init
                0x0000000000003520       0xfc zephyr/libzephyr.a(heap.c.obj)
                0x0000000000003520                sys_heap_init
 .text.arch_printk_char_out
                0x000000000000361c        0x4 zephyr/libzephyr.a(printk.c.obj)
                0x000000000000361c                arch_printk_char_out
 .text.printk   0x0000000000003620       0x1c zephyr/libzephyr.a(printk.c.obj)
                0x0000000000003620                printk
 .text.set_state
                0x000000000000363c       0x10 zephyr/libzephyr.a(onoff.c.obj)
 .text.notify_monitors
                0x000000000000364c       0x44 zephyr/libzephyr.a(onoff.c.obj)
 .text.process_recheck
                0x0000000000003690       0x32 zephyr/libzephyr.a(onoff.c.obj)
 .text.process_complete
                0x00000000000036c2       0xa2 zephyr/libzephyr.a(onoff.c.obj)
 .text.validate_args
                0x0000000000003764       0x2a zephyr/libzephyr.a(onoff.c.obj)
 .text.notify_one
                0x000000000000378e       0x26 zephyr/libzephyr.a(onoff.c.obj)
 .text.notify_all
                0x00000000000037b4       0x2e zephyr/libzephyr.a(onoff.c.obj)
 .text.transition_complete
                0x00000000000037e2       0x1c zephyr/libzephyr.a(onoff.c.obj)
 .text.onoff_manager_init
                0x00000000000037fe       0x3a zephyr/libzephyr.a(onoff.c.obj)
                0x00000000000037fe                onoff_manager_init
 .text.onoff_request
                0x0000000000003838       0xbe zephyr/libzephyr.a(onoff.c.obj)
                0x0000000000003838                onoff_request
 .text.sys_notify_validate
                0x00000000000038f6       0x2e zephyr/libzephyr.a(notify.c.obj)
                0x00000000000038f6                sys_notify_validate
 .text.sys_notify_finalize
                0x0000000000003924       0x1a zephyr/libzephyr.a(notify.c.obj)
                0x0000000000003924                sys_notify_finalize
 .text._ConfigAbsSyms
                0x000000000000393e        0x2 zephyr/libzephyr.a(configs.c.obj)
                0x000000000000393e                _ConfigAbsSyms
 .text.z_arm_fatal_error
                0x0000000000003940       0x12 zephyr/arch/arch/arm/core/libarch__arm__core.a(fatal.c.obj)
                0x0000000000003940                z_arm_fatal_error
 .text.z_do_kernel_oops
                0x0000000000003952        0xc zephyr/arch/arch/arm/core/libarch__arm__core.a(fatal.c.obj)
                0x0000000000003952                z_do_kernel_oops
 .text.z_arm_nmi
                0x000000000000395e        0xc zephyr/arch/arch/arm/core/libarch__arm__core.a(nmi.c.obj)
                0x000000000000395e                z_arm_nmi
 .text.memory_fault_recoverable
                0x000000000000396a        0x4 zephyr/arch/arch/arm/core/cortex_m/libarch__arm__core__cortex_m.a(fault.c.obj)
 .text.debug_monitor
                0x000000000000396e        0x6 zephyr/arch/arch/arm/core/cortex_m/libarch__arm__core__cortex_m.a(fault.c.obj)
 .text.fault_handle
                0x0000000000003974       0x46 zephyr/arch/arch/arm/core/cortex_m/libarch__arm__core__cortex_m.a(fault.c.obj)
 .text.arch_irq_enable
                0x00000000000039ba        0xa zephyr/arch/arch/arm/core/cortex_m/libarch__arm__core__cortex_m.a(irq_manage.c.obj)
                0x00000000000039ba                arch_irq_enable
 .text.arch_irq_disable
                0x00000000000039c4        0xa zephyr/arch/arch/arm/core/cortex_m/libarch__arm__core__cortex_m.a(irq_manage.c.obj)
                0x00000000000039c4                arch_irq_disable
 .text.z_arm_irq_priority_set
                0x00000000000039ce        0xc zephyr/arch/arch/arm/core/cortex_m/libarch__arm__core__cortex_m.a(irq_manage.c.obj)
                0x00000000000039ce                z_arm_irq_priority_set
 .text.z_irq_spurious
                0x00000000000039da        0xc zephyr/arch/arch/arm/core/cortex_m/libarch__arm__core__cortex_m.a(irq_manage.c.obj)
                0x00000000000039da                z_irq_spurious
 .text.arch_irq_unlock_outlined
                0x00000000000039e6        0xe zephyr/arch/arch/arm/core/cortex_m/libarch__arm__core__cortex_m.a(thread.c.obj)
                0x00000000000039e6                arch_irq_unlock_outlined
 .text.arch_cpu_idle
                0x00000000000039f4       0x1a zephyr/arch/arch/arm/core/cortex_m/libarch__arm__core__cortex_m.a(cpu_idle.c.obj)
                0x00000000000039f4                arch_cpu_idle
 .text.arch_cpu_atomic_idle
                0x0000000000003a0e       0x1e zephyr/arch/arch/arm/core/cortex_m/libarch__arm__core__cortex_m.a(cpu_idle.c.obj)
                0x0000000000003a0e                arch_cpu_atomic_idle
 .text.picolibc_put
                0x0000000000003a2c        0xa zephyr/lib/libc/picolibc/liblib__libc__picolibc.a(libc-hooks.c.obj)
 .text.z_impl_sys_rand_get
                0x0000000000003a36        0xa zephyr/subsys/random/libsubsys__random.a(random_entropy_device.c.obj)
                0x0000000000003a36                z_impl_sys_rand_get
 .text.nrf_clock_is_running
                0x0000000000003a40       0x38 zephyr/drivers/clock_control/libdrivers__clock_control.a(clock_control_nrf.c.obj)
 .text.get_sub_data
                0x0000000000003a78        0xe zephyr/drivers/clock_control/libdrivers__clock_control.a(clock_control_nrf.c.obj)
 .text.get_sub_config
                0x0000000000003a86        0x8 zephyr/drivers/clock_control/libdrivers__clock_control.a(clock_control_nrf.c.obj)
 .text.get_onoff_manager
                0x0000000000003a8e        0xc zephyr/drivers/clock_control/libdrivers__clock_control.a(clock_control_nrf.c.obj)
 .text.get_status
                0x0000000000003a9a       0x10 zephyr/drivers/clock_control/libdrivers__clock_control.a(clock_control_nrf.c.obj)
 .text.set_off_state
                0x0000000000003aaa       0x30 zephyr/drivers/clock_control/libdrivers__clock_control.a(clock_control_nrf.c.obj)
 .text.set_starting_state
                0x0000000000003ada       0x3a zephyr/drivers/clock_control/libdrivers__clock_control.a(clock_control_nrf.c.obj)
 .text.set_on_state
                0x0000000000003b14       0x24 zephyr/drivers/clock_control/libdrivers__clock_control.a(clock_control_nrf.c.obj)
 .text.clkstarted_handle
                0x0000000000003b38       0x24 zephyr/drivers/clock_control/libdrivers__clock_control.a(clock_control_nrf.c.obj)
 .text.stop     0x0000000000003b5c       0x2a zephyr/drivers/clock_control/libdrivers__clock_control.a(clock_control_nrf.c.obj)
 .text.api_stop
                0x0000000000003b86        0xa zephyr/drivers/clock_control/libdrivers__clock_control.a(clock_control_nrf.c.obj)
 .text.async_start
                0x0000000000003b90       0x38 zephyr/drivers/clock_control/libdrivers__clock_control.a(clock_control_nrf.c.obj)
 .text.api_start
                0x0000000000003bc8       0x10 zephyr/drivers/clock_control/libdrivers__clock_control.a(clock_control_nrf.c.obj)
 .text.onoff_started_callback
                0x0000000000003bd8       0x10 zephyr/drivers/clock_control/libdrivers__clock_control.a(clock_control_nrf.c.obj)
 .text.hfclk_start
                0x0000000000003be8        0xa zephyr/drivers/clock_control/libdrivers__clock_control.a(clock_control_nrf.c.obj)
 .text.hfclk_stop
                0x0000000000003bf2        0xa zephyr/drivers/clock_control/libdrivers__clock_control.a(clock_control_nrf.c.obj)
 .text.lfclk_stop
                0x0000000000003bfc        0xa zephyr/drivers/clock_control/libdrivers__clock_control.a(clock_control_nrf.c.obj)
 .text.k_msleep
                0x0000000000003c06       0x2c zephyr/drivers/clock_control/libdrivers__clock_control.a(clock_control_nrf.c.obj)
 .text.blocking_start_callback
                0x0000000000003c32        0xa zephyr/drivers/clock_control/libdrivers__clock_control.a(clock_control_nrf.c.obj)
 .text.lfclk_start
                0x0000000000003c3c        0xe zephyr/drivers/clock_control/libdrivers__clock_control.a(clock_control_nrf.c.obj)
 .text.k_msleep
                0x0000000000003c4a       0x2c zephyr/drivers/console/libdrivers__console.a(rtt_console.c.obj)
 .text.wait     0x0000000000003c76       0x12 zephyr/drivers/console/libdrivers__console.a(rtt_console.c.obj)
 .text.rng_pool_put
                0x0000000000003c88       0x26 zephyr/drivers/entropy/libdrivers__entropy.a(entropy_nrf5.c.obj)
 .text.rng_pool_init
                0x0000000000003cae       0x10 zephyr/drivers/entropy/libdrivers__entropy.a(entropy_nrf5.c.obj)
 .text.__nrfy_internal_rtc_event_handle
                0x0000000000003cbe       0x3a zephyr/drivers/timer/libdrivers__timer.a(nrf_rtc_timer.c.obj)
 .text.__nrfy_internal_rtc_events_process
                0x0000000000003cf8       0x6c zephyr/drivers/timer/libdrivers__timer.a(nrf_rtc_timer.c.obj)
 .text.counter_sub
                0x0000000000003d64        0x8 zephyr/drivers/timer/libdrivers__timer.a(nrf_rtc_timer.c.obj)
 .text.event_check
                0x0000000000003d6c       0x1a zephyr/drivers/timer/libdrivers__timer.a(nrf_rtc_timer.c.obj)
 .text.event_clear
                0x0000000000003d86       0x18 zephyr/drivers/timer/libdrivers__timer.a(nrf_rtc_timer.c.obj)
 .text.absolute_time_to_cc
                0x0000000000003d9e        0x6 zephyr/drivers/timer/libdrivers__timer.a(nrf_rtc_timer.c.obj)
 .text.full_int_lock
                0x0000000000003da4       0x10 zephyr/drivers/timer/libdrivers__timer.a(nrf_rtc_timer.c.obj)
 .text.full_int_unlock
                0x0000000000003db4        0xa zephyr/drivers/timer/libdrivers__timer.a(nrf_rtc_timer.c.obj)
 .text.compare_set
                0x0000000000003dbe       0x38 zephyr/drivers/timer/libdrivers__timer.a(nrf_rtc_timer.c.obj)
 .text.sys_clock_cycle_get_32
                0x0000000000003df6        0x8 zephyr/drivers/timer/libdrivers__timer.a(nrf_rtc_timer.c.obj)
                0x0000000000003df6                sys_clock_cycle_get_32
 .text.nrf52_errata_12
                0x0000000000003dfe       0x24 modules/hal_nordic/nrfx/libmodules__hal_nordic__nrfx.a(system_nrf52.c.obj)
 .text.nrf52_errata_16
                0x0000000000003e22       0x2c modules/hal_nordic/nrfx/libmodules__hal_nordic__nrfx.a(system_nrf52.c.obj)
 .text.nrf52_errata_31
                0x0000000000003e4e       0x24 modules/hal_nordic/nrfx/libmodules__hal_nordic__nrfx.a(system_nrf52.c.obj)
 .text.nrf52_errata_32
                0x0000000000003e72       0x2c modules/hal_nordic/nrfx/libmodules__hal_nordic__nrfx.a(system_nrf52.c.obj)
 .text.nrf52_errata_36
                0x0000000000003e9e       0x24 modules/hal_nordic/nrfx/libmodules__hal_nordic__nrfx.a(system_nrf52.c.obj)
 .text.nrf52_errata_37
                0x0000000000003ec2       0x2c modules/hal_nordic/nrfx/libmodules__hal_nordic__nrfx.a(system_nrf52.c.obj)
 .text.nrf52_errata_57
                0x0000000000003eee       0x2c modules/hal_nordic/nrfx/libmodules__hal_nordic__nrfx.a(system_nrf52.c.obj)
 .text.nrf52_errata_66
                0x0000000000003f1a       0x44 modules/hal_nordic/nrfx/libmodules__hal_nordic__nrfx.a(system_nrf52.c.obj)
 .text.nrf52_errata_108
                0x0000000000003f5e       0x24 modules/hal_nordic/nrfx/libmodules__hal_nordic__nrfx.a(system_nrf52.c.obj)
 .text.nrf52_errata_136
                0x0000000000003f82       0x24 modules/hal_nordic/nrfx/libmodules__hal_nordic__nrfx.a(system_nrf52.c.obj)
 .text.nrf52_errata_182
                0x0000000000003fa6       0x28 modules/hal_nordic/nrfx/libmodules__hal_nordic__nrfx.a(system_nrf52.c.obj)
 .text.nrf52_configuration_249
                0x0000000000003fce       0x28 modules/hal_nordic/nrfx/libmodules__hal_nordic__nrfx.a(system_nrf52.c.obj)
 .text.nrf52_handle_approtect
                0x0000000000003ff6       0x1a modules/hal_nordic/nrfx/libmodules__hal_nordic__nrfx.a(system_nrf52.c.obj)
 .text.nrfx_isr
                0x0000000000004010        0x6 modules/hal_nordic/nrfx/libmodules__hal_nordic__nrfx.a(nrfx_glue.c.obj)
                0x0000000000004010                nrfx_isr
 .text.nrfx_busy_wait
                0x0000000000004016        0x8 modules/hal_nordic/nrfx/libmodules__hal_nordic__nrfx.a(nrfx_glue.c.obj)
                0x0000000000004016                nrfx_busy_wait
 .text.nrf_clock_is_running
                0x000000000000401e       0x38 modules/hal_nordic/nrfx/libmodules__hal_nordic__nrfx.a(nrfx_clock.c.obj)
 .text.clock_initial_lfclksrc_get
                0x0000000000004056        0x4 modules/hal_nordic/nrfx/libmodules__hal_nordic__nrfx.a(nrfx_clock.c.obj)
 .text.nrfx_power_clock_irq_init
                0x000000000000405a       0x12 modules/hal_nordic/nrfx/libmodules__hal_nordic__nrfx.a(nrfx_clock.c.obj)
 .text.clock_lfclksrc_tweak
                0x000000000000406c       0x2c modules/hal_nordic/nrfx/libmodules__hal_nordic__nrfx.a(nrfx_clock.c.obj)
 .text.nrfx_clock_stop
                0x0000000000004098        0x8 modules/hal_nordic/nrfx/libmodules__hal_nordic__nrfx.a(nrfx_clock.c.obj)
                0x0000000000004098                nrfx_clock_stop
 .text._GetAvailWriteSpace
                0x00000000000040a0       0x18 modules/segger/libmodules__segger.a(SEGGER_RTT.c.obj)
 .text._WriteNoCheck
                0x00000000000040b8       0x4c modules/segger/libmodules__segger.a(SEGGER_RTT.c.obj)
 .text._WriteBlocking
                0x0000000000004104       0x62 modules/segger/libmodules__segger.a(SEGGER_RTT.c.obj)
 .text.SEGGER_RTT_Init
                0x0000000000004166        0x8 modules/segger/libmodules__segger.a(SEGGER_RTT.c.obj)
                0x0000000000004166                SEGGER_RTT_Init
 .text.rtt_init
                0x000000000000416e        0xa modules/segger/libmodules__segger.a(SEGGER_RTT_zephyr.c.obj)
 .text.z_impl_k_busy_wait
                0x0000000000004178        0xc zephyr/kernel/libkernel.a(busy_wait.c.obj)
                0x0000000000004178                z_impl_k_busy_wait
 .text.arch_system_halt
                0x0000000000004184       0x10 zephyr/kernel/libkernel.a(fatal.c.obj)
                0x0000000000004184                arch_system_halt
 .text.k_sys_fatal_error_handler
                0x0000000000004194        0x6 zephyr/kernel/libkernel.a(fatal.c.obj)
                0x0000000000004194                k_sys_fatal_error_handler
 .text.do_device_init
                0x000000000000419a       0x30 zephyr/kernel/libkernel.a(init.c.obj)
 .text.z_early_memset
                0x00000000000041ca        0x8 zephyr/kernel/libkernel.a(init.c.obj)
                0x00000000000041ca                z_early_memset
 .text.z_early_memcpy
                0x00000000000041d2        0x8 zephyr/kernel/libkernel.a(init.c.obj)
                0x00000000000041d2                z_early_memcpy
 .text.z_init_static
                0x00000000000041da        0x2 zephyr/kernel/libkernel.a(init_static.c.obj)
                0x00000000000041da                z_init_static
 .text.idle     0x00000000000041dc       0x16 zephyr/kernel/libkernel.a(idle.c.obj)
                0x00000000000041dc                idle
 .text.arch_spin_relax
                0x00000000000041f2        0x4 zephyr/kernel/libkernel.a(idle.c.obj)
                0x00000000000041f2                arch_spin_relax
 .text.new_prio_for_inheritance
                0x00000000000041f6       0x16 zephyr/kernel/libkernel.a(mutex.c.obj)
 .text.adjust_owner_prio
                0x000000000000420c       0x16 zephyr/kernel/libkernel.a(mutex.c.obj)
 .text.z_impl_k_sem_init
                0x0000000000004222       0x1e zephyr/kernel/libkernel.a(sem.c.obj)
                0x0000000000004222                z_impl_k_sem_init
 .text.setup_thread_stack
                0x0000000000004240       0x1a zephyr/kernel/libkernel.a(thread.c.obj)
 .text.k_is_in_isr
                0x000000000000425a        0xc zephyr/kernel/libkernel.a(thread.c.obj)
                0x000000000000425a                k_is_in_isr
 .text.k_thread_name_get
                0x0000000000004266        0x4 zephyr/kernel/libkernel.a(thread.c.obj)
                0x0000000000004266                k_thread_name_get
 .text.z_impl_k_thread_start
                0x000000000000426a        0x8 zephyr/kernel/libkernel.a(thread.c.obj)
                0x000000000000426a                z_impl_k_thread_start
 .text.z_init_thread_base
                0x0000000000004272       0x16 zephyr/kernel/libkernel.a(thread.c.obj)
                0x0000000000004272                z_init_thread_base
 .text.thread_active_elsewhere
                0x0000000000004288        0x4 zephyr/kernel/libkernel.a(sched.c.obj)
 .text.z_swap_irqlock
                0x000000000000428c        0x8 zephyr/kernel/libkernel.a(sched.c.obj)
 .text.z_sched_prio_cmp
                0x0000000000004294       0x14 zephyr/kernel/libkernel.a(sched.c.obj)
                0x0000000000004294                z_sched_prio_cmp
 .text.unpend_all
                0x00000000000042a8       0x46 zephyr/kernel/libkernel.a(sched.c.obj)
 .text.add_to_waitq_locked
                0x00000000000042ee       0x56 zephyr/kernel/libkernel.a(sched.c.obj)
 .text.pend_locked
                0x0000000000004344       0x18 zephyr/kernel/libkernel.a(sched.c.obj)
 .text.z_ready_thread
                0x000000000000435c       0x36 zephyr/kernel/libkernel.a(sched.c.obj)
                0x000000000000435c                z_ready_thread
 .text.z_impl_k_thread_suspend
                0x0000000000004392       0x34 zephyr/kernel/libkernel.a(sched.c.obj)
                0x0000000000004392                z_impl_k_thread_suspend
 .text.z_sched_wake_thread
                0x00000000000043c6       0x64 zephyr/kernel/libkernel.a(sched.c.obj)
                0x00000000000043c6                z_sched_wake_thread
 .text.z_thread_timeout
                0x000000000000442a        0xc zephyr/kernel/libkernel.a(sched.c.obj)
                0x000000000000442a                z_thread_timeout
 .text.z_unpend_first_thread
                0x0000000000004436       0x56 zephyr/kernel/libkernel.a(sched.c.obj)
                0x0000000000004436                z_unpend_first_thread
 .text.z_reschedule_unlocked
                0x000000000000448c       0x16 zephyr/kernel/libkernel.a(sched.c.obj)
 .text.init_ready_q
                0x00000000000044a2        0x8 zephyr/kernel/libkernel.a(sched.c.obj)
                0x00000000000044a2                init_ready_q
 .text.z_thread_abort
                0x00000000000044aa       0x4c zephyr/kernel/libkernel.a(sched.c.obj)
                0x00000000000044aa                z_thread_abort
 .text.remove_timeout
                0x00000000000044f6       0x2e zephyr/kernel/libkernel.a(timeout.c.obj)
 .text.next_timeout
                0x0000000000004524       0x3a zephyr/kernel/libkernel.a(timeout.c.obj)
 .text.z_abort_timeout
                0x000000000000455e       0x3a zephyr/kernel/libkernel.a(timeout.c.obj)
                0x000000000000455e                z_abort_timeout
 .text.sys_clock_tick_get_32
                0x0000000000004598        0x8 zephyr/kernel/libkernel.a(timeout.c.obj)
                0x0000000000004598                sys_clock_tick_get_32
 .text.memcpy   0x00000000000045a0       0x1c /home/ams/ncs/toolchains/b77d8c1312/opt/zephyr-sdk/arm-zephyr-eabi/bin/../lib/gcc/../../picolibc/arm-zephyr-eabi/lib/thumb/v7e-m/nofp/libc.a(memcpy.c.o)
                0x00000000000045a0                memcpy
                0x00000000000045a0                __aeabi_memcpy
                0x00000000000045a0                __aeabi_memcpy4
                0x00000000000045a0                __aeabi_memcpy8
 .text.memset   0x00000000000045bc       0x10 /home/ams/ncs/toolchains/b77d8c1312/opt/zephyr-sdk/arm-zephyr-eabi/bin/../lib/gcc/../../picolibc/arm-zephyr-eabi/lib/thumb/v7e-m/nofp/libc.a(memset.c.o)
                0x00000000000045bc                memset
 .text.strncpy  0x00000000000045cc       0x20 /home/ams/ncs/toolchains/b77d8c1312/opt/zephyr-sdk/arm-zephyr-eabi/bin/../lib/gcc/../../picolibc/arm-zephyr-eabi/lib/thumb/v7e-m/nofp/libc.a(libc_string_strncpy.c.o)
                0x00000000000045cc                strncpy
 .text.strnlen  0x00000000000045ec       0x18 /home/ams/ncs/toolchains/b77d8c1312/opt/zephyr-sdk/arm-zephyr-eabi/bin/../lib/gcc/../../picolibc/arm-zephyr-eabi/lib/thumb/v7e-m/nofp/libc.a(libc_string_strnlen.c.o)
                0x00000000000045ec                strnlen
 .text.__ultoa_invert
                0x0000000000004604       0xae /home/ams/ncs/toolchains/b77d8c1312/opt/zephyr-sdk/arm-zephyr-eabi/bin/../lib/gcc/../../picolibc/arm-zephyr-eabi/lib/thumb/v7e-m/nofp/libc.a(libc_tinystdio_vflprintf.c.o)
 *(SORT_BY_ALIGNMENT(.TEXT.*))
 *fill*         0x00000000000046b2        0x2 
 .TEXT.__aeabi_read_tp
                0x00000000000046b4        0xc zephyr/arch/arch/arm/core/cortex_m/libarch__arm__core__cortex_m.a(__aeabi_read_tp.S.obj)
                0x00000000000046b4                __aeabi_read_tp
 *(SORT_BY_ALIGNMENT(.gnu.linkonce.t.*))
 *(SORT_BY_ALIGNMENT(.glue_7t))
 .glue_7t       0x00000000000046c0        0x0 linker stubs
 *(SORT_BY_ALIGNMENT(.glue_7))
 .glue_7        0x00000000000046c0        0x0 linker stubs
 *(SORT_BY_ALIGNMENT(.vfp11_veneer))
 .vfp11_veneer  0x00000000000046c0        0x0 linker stubs
 *(SORT_BY_ALIGNMENT(.v4_bx))
 .v4_bx         0x00000000000046c0        0x0 linker stubs
                0x00000000000046c0                . = ALIGN (0x4)
                0x00000000000046c0                __text_region_end = .

.ARM.exidx      0x00000000000046c0        0x8
                0x00000000000046c0                __exidx_start = .
 *(SORT_BY_ALIGNMENT(.ARM.exidx*) SORT_BY_ALIGNMENT(gnu.linkonce.armexidx.*))
 .ARM.exidx     0x00000000000046c0        0x8 /home/ams/ncs/toolchains/b77d8c1312/opt/zephyr-sdk/arm-zephyr-eabi/bin/../lib/gcc/arm-zephyr-eabi/12.2.0/thumb/v7e-m/nofp/libgcc.a(_udivmoddi4.o)
                0x00000000000046c8                __exidx_end = .
                0x00000000000046c8                __rodata_region_start = .

initlevel       0x00000000000046c8       0x38
                0x00000000000046c8                __init_start = .
                0x00000000000046c8                __init_EARLY_start = .
 *(SORT_BY_NAME(SORT_BY_ALIGNMENT(.z_init_EARLY?_*)))
 *(SORT_BY_NAME(SORT_BY_ALIGNMENT(.z_init_EARLY??_*)))
                0x00000000000046c8                __init_PRE_KERNEL_1_start = .
 *(SORT_BY_NAME(SORT_BY_ALIGNMENT(.z_init_PRE_KERNEL_1?_*)))
 .z_init_PRE_KERNEL_10_0_
                0x00000000000046c8        0x8 zephyr/soc/soc/nrf52832/libsoc__nordic.a(soc.c.obj)
 *(SORT_BY_NAME(SORT_BY_ALIGNMENT(.z_init_PRE_KERNEL_1??_*)))
 .z_init_PRE_KERNEL_130_00015_
                0x00000000000046d0        0x8 zephyr/drivers/clock_control/libdrivers__clock_control.a(clock_control_nrf.c.obj)
 .z_init_PRE_KERNEL_130_0_
                0x00000000000046d8        0x8 modules/segger/libmodules__segger.a(SEGGER_RTT_zephyr.c.obj)
 .z_init_PRE_KERNEL_140_0_
                0x00000000000046e0        0x8 zephyr/drivers/console/libdrivers__console.a(rtt_console.c.obj)
 .z_init_PRE_KERNEL_150_00039_
                0x00000000000046e8        0x8 zephyr/drivers/entropy/libdrivers__entropy.a(entropy_nrf5.c.obj)
                0x00000000000046f0                __init_PRE_KERNEL_2_start = .
 *(SORT_BY_NAME(SORT_BY_ALIGNMENT(.z_init_PRE_KERNEL_2?_*)))
 .z_init_PRE_KERNEL_20_0_
                0x00000000000046f0        0x8 zephyr/drivers/timer/libdrivers__timer.a(nrf_rtc_timer.c.obj)
 *(SORT_BY_NAME(SORT_BY_ALIGNMENT(.z_init_PRE_KERNEL_2??_*)))
                0x00000000000046f8                __init_POST_KERNEL_start = .
 *(SORT_BY_NAME(SORT_BY_ALIGNMENT(.z_init_POST_KERNEL?_*)))
 *(SORT_BY_NAME(SORT_BY_ALIGNMENT(.z_init_POST_KERNEL??_*)))
 .z_init_POST_KERNEL35_0_
                0x00000000000046f8        0x8 zephyr/lib/libc/common/liblib__libc__common.a(malloc.c.obj)
                0x0000000000004700                __init_APPLICATION_start = .
 *(SORT_BY_NAME(SORT_BY_ALIGNMENT(.z_init_APPLICATION?_*)))
 *(SORT_BY_NAME(SORT_BY_ALIGNMENT(.z_init_APPLICATION??_*)))
                0x0000000000004700                __init_SMP_start = .
 *(SORT_BY_NAME(SORT_BY_ALIGNMENT(.z_init_SMP?_*)))
 *(SORT_BY_NAME(SORT_BY_ALIGNMENT(.z_init_SMP??_*)))
                0x0000000000004700                __init_end = .
                0x0000000000004700                __deferred_init_list_start = .
 *(SORT_BY_ALIGNMENT(.z_deferred_init*))
                0x0000000000004700                __deferred_init_list_end = .

device_area     0x0000000000004700       0x28
                0x0000000000004700                _device_list_start = .
 *(SORT_BY_NAME(SORT_BY_ALIGNMENT(._device.static.*_?_*)))
 *(SORT_BY_NAME(SORT_BY_ALIGNMENT(._device.static.*_??_*)))
 ._device.static.1_30_
                0x0000000000004700       0x14 zephyr/drivers/clock_control/libdrivers__clock_control.a(clock_control_nrf.c.obj)
                0x0000000000004700                __device_dts_ord_15
 ._device.static.1_50_
                0x0000000000004714       0x14 zephyr/drivers/entropy/libdrivers__entropy.a(entropy_nrf5.c.obj)
                0x0000000000004714                __device_dts_ord_39
                0x0000000000004728                _device_list_end = .

sw_isr_table    0x0000000000004728      0x138
                0x0000000000004728                . = ALIGN (0x4)
 *(SORT_BY_ALIGNMENT(.gnu.linkonce.sw_isr_table*))
 .gnu.linkonce.sw_isr_table
                0x0000000000004728      0x138 zephyr/arch/common/libisr_tables.a(isr_tables.c.obj)
                0x0000000000004728                _sw_isr_table

initlevel_error
                0x00000000000046c8        0x0
 *(SORT_BY_NAME(SORT_BY_ALIGNMENT(.z_init_[_A-Z0-9]*)))
                0x0000000000000001                ASSERT ((SIZEOF (initlevel_error) == 0x0), Undefined initialization levels used.)

app_shmem_regions
                0x0000000000004860        0x0
                0x0000000000004860                __app_shmem_regions_start = .
 *(SORT_BY_NAME(SORT_BY_ALIGNMENT(.app_regions.*)))
                0x0000000000004860                __app_shmem_regions_end = .

k_p4wq_initparam_area
                0x0000000000004860        0x0
                0x0000000000004860                _k_p4wq_initparam_list_start = .
 *(SORT_BY_NAME(SORT_BY_ALIGNMENT(._k_p4wq_initparam.static.*)))
                0x0000000000004860                _k_p4wq_initparam_list_end = .

_static_thread_data_area
                0x0000000000004860       0x60
                0x0000000000004860                __static_thread_data_list_start = .
 *(SORT_BY_NAME(SORT_BY_ALIGNMENT(.__static_thread_data.static.*)))
 .__static_thread_data.static._k_thread_data_thread1_ID_
                0x0000000000004860       0x30 app/libapp.a(main.c.obj)
                0x0000000000004860                _k_thread_data_thread1_ID
 .__static_thread_data.static._k_thread_data_thread2_ID_
                0x0000000000004890       0x30 app/libapp.a(main.c.obj)
                0x0000000000004890                _k_thread_data_thread2_ID
                0x00000000000048c0                __static_thread_data_list_end = .

device_deps     0x00000000000048c0        0x0
                0x00000000000048c0                __device_deps_start = .
 *(SORT_BY_NAME(SORT_BY_ALIGNMENT(.__device_deps_pass2*)))
                0x00000000000048c0                __device_deps_end = .

ztest           0x00000000000048c0        0x0
                0x00000000000048c0                _ztest_expected_result_entry_list_start = .
 *(SORT_BY_NAME(SORT_BY_ALIGNMENT(._ztest_expected_result_entry.static.*)))
                0x00000000000048c0                _ztest_expected_result_entry_list_end = .
                0x00000000000048c0                _ztest_suite_node_list_start = .
 *(SORT_BY_NAME(SORT_BY_ALIGNMENT(._ztest_suite_node.static.*)))
                0x00000000000048c0                _ztest_suite_node_list_end = .
                0x00000000000048c0                _ztest_unit_test_list_start = .
 *(SORT_BY_NAME(SORT_BY_ALIGNMENT(._ztest_unit_test.static.*)))
                0x00000000000048c0                _ztest_unit_test_list_end = .
                0x00000000000048c0                _ztest_test_rule_list_start = .
 *(SORT_BY_NAME(SORT_BY_ALIGNMENT(._ztest_test_rule.static.*)))
                0x00000000000048c0                _ztest_test_rule_list_end = .

init_array      0x00000000000048c0        0x0
 *(SORT_BY_NAME(SORT_BY_ALIGNMENT(.ctors*)))
 *(SORT_BY_NAME(SORT_BY_ALIGNMENT(.init_array*)))
                0x0000000000000001                ASSERT ((SIZEOF (init_array) == 0x0), GNU-style constructors required but STATIC_INIT_GNU not enabled)

bt_l2cap_fixed_chan_area
                0x00000000000048c0        0x0
                0x00000000000048c0                _bt_l2cap_fixed_chan_list_start = .
 *(SORT_BY_NAME(SORT_BY_ALIGNMENT(._bt_l2cap_fixed_chan.static.*)))
                0x00000000000048c0                _bt_l2cap_fixed_chan_list_end = .

bt_gatt_service_static_area
                0x00000000000048c0        0x0
                0x00000000000048c0                _bt_gatt_service_static_list_start = .
 *(SORT_BY_NAME(SORT_BY_ALIGNMENT(._bt_gatt_service_static.static.*)))
                0x00000000000048c0                _bt_gatt_service_static_list_end = .

log_strings_area
                0x00000000000048c0        0x0
                0x00000000000048c0                _log_strings_list_start = .
 *(SORT_BY_NAME(SORT_BY_ALIGNMENT(._log_strings.static.*)))
                0x00000000000048c0                _log_strings_list_end = .

log_const_area  0x00000000000048c0        0x0
                0x00000000000048c0                _log_const_list_start = .
 *(SORT_BY_NAME(SORT_BY_ALIGNMENT(._log_const.static.*)))
                0x00000000000048c0                _log_const_list_end = .

log_backend_area
                0x00000000000048c0        0x0
                0x00000000000048c0                _log_backend_list_start = .
 *(SORT_BY_NAME(SORT_BY_ALIGNMENT(._log_backend.static.*)))
                0x00000000000048c0                _log_backend_list_end = .

log_link_area   0x00000000000048c0        0x0
                0x00000000000048c0                _log_link_list_start = .
 *(SORT_BY_NAME(SORT_BY_ALIGNMENT(._log_link.static.*)))
                0x00000000000048c0                _log_link_list_end = .

tracing_backend_area
                0x00000000000048c0        0x0
                0x00000000000048c0                _tracing_backend_list_start = .
 *(SORT_BY_NAME(SORT_BY_ALIGNMENT(._tracing_backend.static.*)))
                0x00000000000048c0                _tracing_backend_list_end = .

zephyr_dbg_info
                0x00000000000048c0       0x44
 *(SORT_BY_ALIGNMENT(.dbg_thread_info))
 .dbg_thread_info
                0x00000000000048c0       0x44 zephyr/libzephyr.a(thread_info.c.obj)
                0x00000000000048c0                _kernel_openocd_size_t_size
                0x00000000000048c0                _kernel_thread_info_size_t_size
                0x00000000000048c4                _kernel_thread_info_num_offsets
                0x00000000000048c4                _kernel_openocd_num_offsets
                0x00000000000048c8                _kernel_thread_info_offsets
                0x00000000000048c8                _kernel_openocd_offsets

intc_table_area
                0x0000000000004904        0x0
                0x0000000000004904                _intc_table_list_start = .
 *(SORT_BY_NAME(SORT_BY_ALIGNMENT(._intc_table.static.*)))
                0x0000000000004904                _intc_table_list_end = .

symbol_to_keep  0x0000000000004904        0x0
                0x0000000000004904                __symbol_to_keep_start = .
 *(SORT_BY_NAME(SORT_BY_ALIGNMENT(.symbol_to_keep*)))
                0x0000000000004904                __symbol_to_keep_end = .

shell_area      0x0000000000004904        0x0
                0x0000000000004904                _shell_list_start = .
 *(SORT_BY_NAME(SORT_BY_ALIGNMENT(._shell.static.*)))
                0x0000000000004904                _shell_list_end = .

shell_root_cmds_area
                0x0000000000004904        0x0
                0x0000000000004904                _shell_root_cmds_list_start = .
 *(SORT_BY_NAME(SORT_BY_ALIGNMENT(._shell_root_cmds.static.*)))
                0x0000000000004904                _shell_root_cmds_list_end = .

shell_subcmds_area
                0x0000000000004904        0x0
                0x0000000000004904                _shell_subcmds_list_start = .
 *(SORT_BY_NAME(SORT_BY_ALIGNMENT(._shell_subcmds.static.*)))
                0x0000000000004904                _shell_subcmds_list_end = .

shell_dynamic_subcmds_area
                0x0000000000004904        0x0
                0x0000000000004904                _shell_dynamic_subcmds_list_start = .
 *(SORT_BY_NAME(SORT_BY_ALIGNMENT(._shell_dynamic_subcmds.static.*)))
                0x0000000000004904                _shell_dynamic_subcmds_list_end = .

cfb_font_area   0x0000000000004904        0x0
                0x0000000000004904                _cfb_font_list_start = .
 *(SORT_BY_NAME(SORT_BY_ALIGNMENT(._cfb_font.static.*)))
                0x0000000000004904                _cfb_font_list_end = .

tdata           0x0000000000004904        0x0
 *(SORT_BY_ALIGNMENT(.tdata) SORT_BY_ALIGNMENT(.tdata.*) SORT_BY_ALIGNMENT(.gnu.linkonce.td.*))

tbss            0x0000000000004904        0x4
 *(SORT_BY_ALIGNMENT(.tbss) SORT_BY_ALIGNMENT(.tbss.*) SORT_BY_ALIGNMENT(.gnu.linkonce.tb.*) SORT_BY_ALIGNMENT(.tcommon))
 .tbss.z_tls_current
                0x0000000000004904        0x4 zephyr/libzephyr.a(thread_entry.c.obj)
                0x0000000000004904                z_tls_current
                0x0000000000004904                PROVIDE (__tdata_start = LOADADDR (tdata))
                0x0000000000000001                PROVIDE (__tdata_align = ALIGNOF (tdata))
                0x0000000000000000                PROVIDE (__tdata_size = (((SIZEOF (tdata) + __tdata_align) - 0x1) & ~ ((__tdata_align - 0x1))))
                [!provide]                        PROVIDE (__tdata_end = (__tdata_start + __tdata_size))
                0x0000000000000004                PROVIDE (__tbss_align = ALIGNOF (tbss))
                [!provide]                        PROVIDE (__tbss_start = ADDR (tbss))
                0x0000000000000004                PROVIDE (__tbss_size = (((SIZEOF (tbss) + __tbss_align) - 0x1) & ~ ((__tbss_align - 0x1))))
                [!provide]                        PROVIDE (__tbss_end = (__tbss_start + __tbss_size))
                [!provide]                        PROVIDE (__tls_start = __tdata_start)
                [!provide]                        PROVIDE (__tls_end = __tbss_end)
                [!provide]                        PROVIDE (__tls_size = (__tbss_end - __tdata_start))

rodata          0x0000000000004910      0x1dc
 *(SORT_BY_ALIGNMENT(.rodata))
 *(SORT_BY_ALIGNMENT(.rodata.*))
 .rodata.delay_machine_code.0
                0x0000000000004910        0x6 zephyr/soc/soc/nrf52832/libsoc__nordic.a(soc.c.obj)
 *fill*         0x0000000000004916        0x2 
 .rodata.critical_section.str1.4
                0x0000000000004918       0x64 app/libapp.a(main.c.obj)
 .rodata.Thread1.str1.4
                0x000000000000497c       0x13 app/libapp.a(main.c.obj)
 *fill*         0x000000000000498f        0x1 
 .rodata.Thread2.str1.4
                0x0000000000004990       0x13 app/libapp.a(main.c.obj)
 *fill*         0x00000000000049a3        0x1 
 .rodata.main.str1.4
                0x00000000000049a4        0xf app/libapp.a(main.c.obj)
 *fill*         0x00000000000049b3        0x1 
 .rodata.str1.4
                0x00000000000049b4       0x17 app/libapp.a(main.c.obj)
 *fill*         0x00000000000049cb        0x1 
 .rodata.boot_banner.str1.4
                0x00000000000049cc       0x66 zephyr/libzephyr.a(banner.c.obj)
 *fill*         0x0000000000004a32        0x2 
 .rodata.transitions.0
                0x0000000000004a34        0xc zephyr/drivers/clock_control/libdrivers__clock_control.a(clock_control_nrf.c.obj)
 .rodata.str1.4
                0x0000000000004a40        0xf zephyr/drivers/clock_control/libdrivers__clock_control.a(clock_control_nrf.c.obj)
 *fill*         0x0000000000004a4f        0x1 
 .rodata.config
                0x0000000000004a50       0x10 zephyr/drivers/clock_control/libdrivers__clock_control.a(clock_control_nrf.c.obj)
 .rodata.clock_control_api
                0x0000000000004a60       0x1c zephyr/drivers/clock_control/libdrivers__clock_control.a(clock_control_nrf.c.obj)
 .rodata.str1.4
                0x0000000000004a7c       0x10 zephyr/drivers/entropy/libdrivers__entropy.a(entropy_nrf5.c.obj)
 .rodata.entropy_nrf5_api_funcs
                0x0000000000004a8c        0x8 zephyr/drivers/entropy/libdrivers__entropy.a(entropy_nrf5.c.obj)
 .rodata._DoInit.str1.4
                0x0000000000004a94        0x9 modules/segger/libmodules__segger.a(SEGGER_RTT.c.obj)
 *fill*         0x0000000000004a9d        0x3 
 .rodata._aInitStr.0
                0x0000000000004aa0       0x11 modules/segger/libmodules__segger.a(SEGGER_RTT.c.obj)
 *fill*         0x0000000000004ab1        0x3 
 .rodata.init_idle_thread.str1.4
                0x0000000000004ab4        0x5 zephyr/kernel/libkernel.a(init.c.obj)
 *fill*         0x0000000000004ab9        0x3 
 .rodata.prepare_multithreading.str1.4
                0x0000000000004abc        0x5 zephyr/kernel/libkernel.a(init.c.obj)
 *fill*         0x0000000000004ac1        0x3 
 .rodata.levels.0
                0x0000000000004ac4       0x18 zephyr/kernel/libkernel.a(init.c.obj)
 .rodata.__l_vfprintf.str1.1
                0x0000000000004adc        0xf /home/ams/ncs/toolchains/b77d8c1312/opt/zephyr-sdk/arm-zephyr-eabi/bin/../lib/gcc/../../picolibc/arm-zephyr-eabi/lib/thumb/v7e-m/nofp/libc.a(libc_tinystdio_vflprintf.c.o)
 *(SORT_BY_ALIGNMENT(.gnu.linkonce.r.*))
                0x0000000000004aec                . = ALIGN (0x4)
 *fill*         0x0000000000004aeb        0x1 
                0x0000000000004aec                __rodata_region_end = .
                0x0000000000004aec                . = ALIGN (_region_min_align)
                0x0000000000004aec                __rom_region_end = ((__rom_region_start + .) - ADDR (rom_start))

/DISCARD/
 *(SORT_BY_ALIGNMENT(.got.plt))
 *(SORT_BY_ALIGNMENT(.igot.plt))
 *(SORT_BY_ALIGNMENT(.got))
 *(SORT_BY_ALIGNMENT(.igot))
                0x0000000020000000                . = 0x20000000
                0x0000000020000000                . = ALIGN (_region_min_align)
                0x0000000020000000                _image_ram_start = .

_RTT_SECTION_NAME
                0x0000000020000000      0x4b8
                0x0000000020000000                __rtt_buff_data_start = .
 *(SORT_BY_ALIGNMENT(.rtt_buff_data))
 .rtt_buff_data
                0x0000000020000000      0x4b8 modules/segger/libmodules__segger.a(SEGGER_RTT.c.obj)
                0x0000000020000410                _SEGGER_RTT
                0x00000000200004b8                __rtt_buff_data_end = ALIGN (0x4)
                0x00000000000004b8                __rtt_buff_data_size = (__rtt_buff_data_end - __rtt_buff_data_start)

.ramfunc        0x00000000200004b8        0x0 load address 0x0000000000004aec
                0x00000000200004b8                . = ALIGN (_region_min_align)
                0x00000000200004b8                __ramfunc_start = .
 *(SORT_BY_ALIGNMENT(.ramfunc))
 *(SORT_BY_ALIGNMENT(.ramfunc.*))
                0x00000000200004b8                . = ALIGN (_region_min_align)
                0x00000000200004b8                __ramfunc_end = .
                0x0000000000000000                __ramfunc_size = (__ramfunc_end - __ramfunc_start)
                0x0000000000004aec                __ramfunc_load_start = LOADADDR (.ramfunc)

datas           0x00000000200004b8       0x28 load address 0x0000000000004aec
                0x00000000200004b8                __data_region_start = .
                0x00000000200004b8                __data_start = .
 *(SORT_BY_ALIGNMENT(.data))
 *(SORT_BY_ALIGNMENT(.data.*))
 .data.decrement_count
                0x00000000200004b8        0x4 app/libapp.a(main.c.obj)
                0x00000000200004b8                decrement_count
 .data._char_out
                0x00000000200004bc        0x4 zephyr/libzephyr.a(printk.c.obj)
 .data.__stdout
                0x00000000200004c0       0x10 zephyr/lib/libc/picolibc/liblib__libc__picolibc.a(libc-hooks.c.obj)
 .data.slice_max_prio
                0x00000000200004d0        0x4 zephyr/kernel/libkernel.a(timeslicing.c.obj)
 .data.slice_ticks
                0x00000000200004d4        0x4 zephyr/kernel/libkernel.a(timeslicing.c.obj)
 .data.timeout_list
                0x00000000200004d8        0x8 zephyr/kernel/libkernel.a(timeout.c.obj)
 *(SORT_BY_ALIGNMENT(.kernel.*))
                0x00000000200004e0                __data_end = .
                0x0000000000000028                __data_size = (__data_end - __data_start)
                0x0000000000004aec                __data_load_start = LOADADDR (datas)
                0x0000000000004aec                __data_region_load_start = LOADADDR (datas)

device_states   0x00000000200004e0        0x4 load address 0x0000000000004b14
                0x00000000200004e0                __device_states_start = .
 *(SORT_BY_ALIGNMENT(.z_devstate))
 .z_devstate    0x00000000200004e0        0x2 zephyr/drivers/clock_control/libdrivers__clock_control.a(clock_control_nrf.c.obj)
 .z_devstate    0x00000000200004e2        0x2 zephyr/drivers/entropy/libdrivers__entropy.a(entropy_nrf5.c.obj)
 *(SORT_BY_ALIGNMENT(.z_devstate.*))
                0x00000000200004e4                __device_states_end = .

log_mpsc_pbuf_area
                0x00000000200004e4        0x0 load address 0x0000000000004b18
                0x00000000200004e4                _log_mpsc_pbuf_list_start = .
 *(SORT_BY_NAME(SORT_BY_ALIGNMENT(._log_mpsc_pbuf.static.*)))
                0x00000000200004e4                _log_mpsc_pbuf_list_end = .

log_msg_ptr_area
                0x00000000200004e4        0x0 load address 0x0000000000004b18
                0x00000000200004e4                _log_msg_ptr_list_start = .
 *(SORT_BY_NAME(SORT_BY_ALIGNMENT(._log_msg_ptr.static.*)))
                0x00000000200004e4                _log_msg_ptr_list_end = .

log_dynamic_area
                0x00000000200004e4        0x0 load address 0x0000000000004b18
                0x00000000200004e4                _log_dynamic_list_start = .
 *(SORT_BY_NAME(SORT_BY_ALIGNMENT(._log_dynamic.static.*)))
                0x00000000200004e4                _log_dynamic_list_end = .

k_timer_area    0x00000000200004e4        0x0 load address 0x0000000000004b18
                0x00000000200004e4                _k_timer_list_start = .
 *(SORT_BY_NAME(SORT_BY_ALIGNMENT(._k_timer.static.*)))
                0x00000000200004e4                _k_timer_list_end = .

k_mem_slab_area
                0x00000000200004e4        0x0 load address 0x0000000000004b18
                0x00000000200004e4                _k_mem_slab_list_start = .
 *(SORT_BY_NAME(SORT_BY_ALIGNMENT(._k_mem_slab.static.*)))
                0x00000000200004e4                _k_mem_slab_list_end = .

k_heap_area     0x00000000200004e4        0x0 load address 0x0000000000004b18
                0x00000000200004e4                _k_heap_list_start = .
 *(SORT_BY_NAME(SORT_BY_ALIGNMENT(._k_heap.static.*)))
                0x00000000200004e4                _k_heap_list_end = .

k_mutex_area    0x00000000200004e4       0x14 load address 0x0000000000004b18
                0x00000000200004e4                _k_mutex_list_start = .
 *(SORT_BY_NAME(SORT_BY_ALIGNMENT(._k_mutex.static.*)))
 ._k_mutex.static.mutex_
                0x00000000200004e4       0x14 app/libapp.a(main.c.obj)
                0x00000000200004e4                mutex
                0x00000000200004f8                _k_mutex_list_end = .

k_stack_area    0x00000000200004f8        0x0 load address 0x0000000000004b2c
                0x00000000200004f8                _k_stack_list_start = .
 *(SORT_BY_NAME(SORT_BY_ALIGNMENT(._k_stack.static.*)))
                0x00000000200004f8                _k_stack_list_end = .

k_msgq_area     0x00000000200004f8        0x0 load address 0x0000000000004b2c
                0x00000000200004f8                _k_msgq_list_start = .
 *(SORT_BY_NAME(SORT_BY_ALIGNMENT(._k_msgq.static.*)))
                0x00000000200004f8                _k_msgq_list_end = .

k_mbox_area     0x00000000200004f8        0x0 load address 0x0000000000004b2c
                0x00000000200004f8                _k_mbox_list_start = .
 *(SORT_BY_NAME(SORT_BY_ALIGNMENT(._k_mbox.static.*)))
                0x00000000200004f8                _k_mbox_list_end = .

k_pipe_area     0x00000000200004f8        0x0 load address 0x0000000000004b2c
                0x00000000200004f8                _k_pipe_list_start = .
 *(SORT_BY_NAME(SORT_BY_ALIGNMENT(._k_pipe.static.*)))
                0x00000000200004f8                _k_pipe_list_end = .

k_sem_area      0x00000000200004f8        0x0 load address 0x0000000000004b2c
                0x00000000200004f8                _k_sem_list_start = .
 *(SORT_BY_NAME(SORT_BY_ALIGNMENT(._k_sem.static.*)))
                0x00000000200004f8                _k_sem_list_end = .

k_event_area    0x00000000200004f8        0x0 load address 0x0000000000004b2c
                0x00000000200004f8                _k_event_list_start = .
 *(SORT_BY_NAME(SORT_BY_ALIGNMENT(._k_event.static.*)))
                0x00000000200004f8                _k_event_list_end = .

k_queue_area    0x00000000200004f8        0x0 load address 0x0000000000004b2c
                0x00000000200004f8                _k_queue_list_start = .
 *(SORT_BY_NAME(SORT_BY_ALIGNMENT(._k_queue.static.*)))
                0x00000000200004f8                _k_queue_list_end = .

k_fifo_area     0x00000000200004f8        0x0 load address 0x0000000000004b2c
                0x00000000200004f8                _k_fifo_list_start = .
 *(SORT_BY_NAME(SORT_BY_ALIGNMENT(._k_fifo.static.*)))
                0x00000000200004f8                _k_fifo_list_end = .

k_lifo_area     0x00000000200004f8        0x0 load address 0x0000000000004b2c
                0x00000000200004f8                _k_lifo_list_start = .
 *(SORT_BY_NAME(SORT_BY_ALIGNMENT(._k_lifo.static.*)))
                0x00000000200004f8                _k_lifo_list_end = .

k_condvar_area  0x00000000200004f8        0x0 load address 0x0000000000004b2c
                0x00000000200004f8                _k_condvar_list_start = .
 *(SORT_BY_NAME(SORT_BY_ALIGNMENT(._k_condvar.static.*)))
                0x00000000200004f8                _k_condvar_list_end = .

sys_mem_blocks_ptr_area
                0x00000000200004f8        0x0 load address 0x0000000000004b2c
                0x00000000200004f8                _sys_mem_blocks_ptr_list_start = .
 *(SORT_BY_NAME(SORT_BY_ALIGNMENT(._sys_mem_blocks_ptr.static.*)))
                0x00000000200004f8                _sys_mem_blocks_ptr_list_end = .

net_buf_pool_area
                0x00000000200004f8        0x0 load address 0x0000000000004b2c
                0x00000000200004f8                _net_buf_pool_list_start = .
 *(SORT_BY_NAME(SORT_BY_ALIGNMENT(._net_buf_pool.static.*)))
                0x00000000200004f8                _net_buf_pool_list_end = .
                0x00000000200004f8                __data_region_end = .

bss             0x00000000200004f8      0x494
                0x00000000200004f8                . = ALIGN (0x4)
                0x00000000200004f8                __bss_start = .
                0x00000000200004f8                __kernel_ram_start = .
 *(SORT_BY_ALIGNMENT(.bss))
 *(SORT_BY_ALIGNMENT(.bss.*))
 .bss._k_thread_obj_thread2_ID
                0x00000000200004f8       0xa8 app/libapp.a(main.c.obj)
                0x00000000200004f8                _k_thread_obj_thread2_ID
 .bss._k_thread_obj_thread1_ID
                0x00000000200005a0       0xa8 app/libapp.a(main.c.obj)
                0x00000000200005a0                _k_thread_obj_thread1_ID
 .bss.cc_data   0x0000000020000648       0x10 zephyr/drivers/timer/libdrivers__timer.a(nrf_rtc_timer.c.obj)
 .bss.last_count
                0x0000000020000658        0x8 zephyr/drivers/timer/libdrivers__timer.a(nrf_rtc_timer.c.obj)
 .bss.anchor    0x0000000020000660        0x8 zephyr/drivers/timer/libdrivers__timer.a(nrf_rtc_timer.c.obj)
 .bss.z_idle_threads
                0x0000000020000668       0xa8 zephyr/kernel/libkernel.a(init.c.obj)
                0x0000000020000668                z_idle_threads
 .bss.z_main_thread
                0x0000000020000710       0xa8 zephyr/kernel/libkernel.a(init.c.obj)
                0x0000000020000710                z_main_thread
 .bss._thread_dummy
                0x00000000200007b8       0xa8 zephyr/kernel/libkernel.a(sched.c.obj)
                0x00000000200007b8                _thread_dummy
 .bss.slice_timeouts
                0x0000000020000860       0x18 zephyr/kernel/libkernel.a(timeslicing.c.obj)
 .bss.curr_tick
                0x0000000020000878        0x8 zephyr/kernel/libkernel.a(timeout.c.obj)
 .bss.increment_count
                0x0000000020000880        0x4 app/libapp.a(main.c.obj)
                0x0000000020000880                increment_count
 .bss.z_arm_tls_ptr
                0x0000000020000884        0x4 zephyr/arch/arch/arm/core/libarch__arm__core.a(tls.c.obj)
                0x0000000020000884                z_arm_tls_ptr
 .bss._stdout_hook
                0x0000000020000888        0x4 zephyr/lib/libc/picolibc/liblib__libc__picolibc.a(libc-hooks.c.obj)
 .bss.z_malloc_heap
                0x000000002000088c        0xc zephyr/lib/libc/common/liblib__libc__common.a(malloc.c.obj)
 .bss.cli.2     0x0000000020000898       0x10 zephyr/drivers/clock_control/libdrivers__clock_control.a(clock_control_nrf.c.obj)
 .bss.on.3      0x00000000200008a8        0x4 zephyr/drivers/clock_control/libdrivers__clock_control.a(clock_control_nrf.c.obj)
 .bss.data      0x00000000200008ac       0x50 zephyr/drivers/clock_control/libdrivers__clock_control.a(clock_control_nrf.c.obj)
 .bss.hfclk_users
                0x00000000200008fc        0x4 zephyr/drivers/clock_control/libdrivers__clock_control.a(clock_control_nrf.c.obj)
 .bss.entropy_nrf5_data
                0x0000000020000900       0x44 zephyr/drivers/entropy/libdrivers__entropy.a(entropy_nrf5.c.obj)
 .bss.force_isr_mask
                0x0000000020000944        0x4 zephyr/drivers/timer/libdrivers__timer.a(nrf_rtc_timer.c.obj)
 .bss.int_mask  0x0000000020000948        0x4 zephyr/drivers/timer/libdrivers__timer.a(nrf_rtc_timer.c.obj)
 .bss.overflow_cnt
                0x000000002000094c        0x4 zephyr/drivers/timer/libdrivers__timer.a(nrf_rtc_timer.c.obj)
 .bss.m_clock_cb
                0x0000000020000950        0x8 modules/hal_nordic/nrfx/libmodules__hal_nordic__nrfx.a(nrfx_clock.c.obj)
 .bss._kernel   0x0000000020000958       0x24 zephyr/kernel/libkernel.a(init.c.obj)
                0x0000000020000958                _kernel
 .bss.lock      0x000000002000097c        0x0 zephyr/kernel/libkernel.a(mutex.c.obj)
 .bss.lock      0x000000002000097c        0x0 zephyr/kernel/libkernel.a(sem.c.obj)
 .bss._sched_spinlock
                0x000000002000097c        0x0 zephyr/kernel/libkernel.a(sched.c.obj)
                0x000000002000097c                _sched_spinlock
 .bss.pending_current
                0x000000002000097c        0x4 zephyr/kernel/libkernel.a(timeslicing.c.obj)
                0x000000002000097c                pending_current
 .bss.slice_expired
                0x0000000020000980        0x1 zephyr/kernel/libkernel.a(timeslicing.c.obj)
 *fill*         0x0000000020000981        0x3 
 .bss.announce_remaining
                0x0000000020000984        0x4 zephyr/kernel/libkernel.a(timeout.c.obj)
 .bss.once.1    0x0000000020000988        0x1 zephyr/drivers/clock_control/libdrivers__clock_control.a(clock_control_nrf.c.obj)
 .bss.host_present
                0x0000000020000989        0x1 zephyr/drivers/console/libdrivers__console.a(rtt_console.c.obj)
 .bss.sys_busy  0x000000002000098a        0x1 zephyr/drivers/timer/libdrivers__timer.a(nrf_rtc_timer.c.obj)
 .bss.z_sys_post_kernel
                0x000000002000098b        0x1 zephyr/kernel/libkernel.a(init.c.obj)
                0x000000002000098b                z_sys_post_kernel
 *(SORT_BY_ALIGNMENT(COMMON))
 *(SORT_BY_ALIGNMENT(.kernel_bss.*))
                0x000000002000098c                __bss_end = ALIGN (0x4)

noinit          0x0000000020000990     0x1540
 *(SORT_BY_ALIGNMENT(.noinit))
 *(SORT_BY_ALIGNMENT(.noinit.*))
 .noinit."CMAKE_SOURCE_DIR/src/main.c".1
                0x0000000020000990      0x400 app/libapp.a(main.c.obj)
                0x0000000020000990                _k_thread_stack_thread2_ID
 .noinit."CMAKE_SOURCE_DIR/src/main.c".0
                0x0000000020000d90      0x400 app/libapp.a(main.c.obj)
                0x0000000020000d90                _k_thread_stack_thread1_ID
 .noinit."WEST_TOPDIR/zephyr/kernel/init.c".2
                0x0000000020001190      0x800 zephyr/kernel/libkernel.a(init.c.obj)
                0x0000000020001190                z_interrupt_stacks
 .noinit."WEST_TOPDIR/zephyr/kernel/init.c".1
                0x0000000020001990      0x140 zephyr/kernel/libkernel.a(init.c.obj)
 .noinit."WEST_TOPDIR/zephyr/kernel/init.c".0
                0x0000000020001ad0      0x400 zephyr/kernel/libkernel.a(init.c.obj)
                0x0000000020001ad0                z_main_stack
 *(SORT_BY_ALIGNMENT(.kernel_noinit.*))
                0x0000000020010000                __kernel_ram_end = 0x20010000
                0x000000000000fb08                __kernel_ram_size = (__kernel_ram_end - __kernel_ram_start)
                0x0000000000001970                PROVIDE (soc_reset_hook = SystemInit)

.intList        0x00000000ffff8000       0x38
 *(SORT_BY_ALIGNMENT(.irq_info*))
 .irq_info      0x00000000ffff8000        0x8 zephyr/arch/common/libisr_tables.a(isr_tables.c.obj)
                0x00000000ffff8000                _iheader
 *(SORT_BY_ALIGNMENT(.intList*))
 .intList       0x00000000ffff8008       0x10 zephyr/drivers/clock_control/libdrivers__clock_control.a(clock_control_nrf.c.obj)
 .intList       0x00000000ffff8018       0x10 zephyr/drivers/entropy/libdrivers__entropy.a(entropy_nrf5.c.obj)
 .intList       0x00000000ffff8028       0x10 zephyr/drivers/timer/libdrivers__timer.a(nrf_rtc_timer.c.obj)

.last_ram_section
                0x0000000020001ed0        0x0
                0x0000000020001ed0                _image_ram_end = .
                0x0000000000001ed0                _image_ram_size = (_image_ram_end - _image_ram_start)
                0x0000000020001ed0                _end = .
                0x0000000020001ed0                z_mapped_end = .

.stab
 *(SORT_BY_ALIGNMENT(.stab))

.stabstr
 *(SORT_BY_ALIGNMENT(.stabstr))

.stab.excl
 *(SORT_BY_ALIGNMENT(.stab.excl))

.stab.exclstr
 *(SORT_BY_ALIGNMENT(.stab.exclstr))

.stab.index
 *(SORT_BY_ALIGNMENT(.stab.index))

.stab.indexstr
 *(SORT_BY_ALIGNMENT(.stab.indexstr))

.gnu.build.attributes
 *(SORT_BY_ALIGNMENT(.gnu.build.attributes) SORT_BY_ALIGNMENT(.gnu.build.attributes.*))

.comment        0x0000000000000000       0x20
 *(SORT_BY_ALIGNMENT(.comment))
 .comment       0x0000000000000000       0x20 zephyr/CMakeFiles/offsets.dir/./arch/arm/core/offsets/offsets.c.obj
                                         0x21 (size before relaxing)
 .comment       0x0000000000000020       0x21 app/libapp.a(main.c.obj)
 .comment       0x0000000000000020       0x21 zephyr/libzephyr.a(heap.c.obj)
 .comment       0x0000000000000020       0x21 zephyr/libzephyr.a(printk.c.obj)
 .comment       0x0000000000000020       0x21 zephyr/libzephyr.a(thread_entry.c.obj)
 .comment       0x0000000000000020       0x21 zephyr/libzephyr.a(onoff.c.obj)
 .comment       0x0000000000000020       0x21 zephyr/libzephyr.a(notify.c.obj)
 .comment       0x0000000000000020       0x21 zephyr/libzephyr.a(configs.c.obj)
 .comment       0x0000000000000020       0x21 zephyr/libzephyr.a(thread_info.c.obj)
 .comment       0x0000000000000020       0x21 zephyr/libzephyr.a(banner.c.obj)
 .comment       0x0000000000000020       0x21 zephyr/arch/arch/arm/core/libarch__arm__core.a(fatal.c.obj)
 .comment       0x0000000000000020       0x21 zephyr/arch/arch/arm/core/libarch__arm__core.a(nmi.c.obj)
 .comment       0x0000000000000020       0x21 zephyr/arch/arch/arm/core/libarch__arm__core.a(tls.c.obj)
 .comment       0x0000000000000020       0x21 zephyr/arch/arch/arm/core/cortex_m/libarch__arm__core__cortex_m.a(exc_exit.c.obj)
 .comment       0x0000000000000020       0x21 zephyr/arch/arch/arm/core/cortex_m/libarch__arm__core__cortex_m.a(fault.c.obj)
 .comment       0x0000000000000020       0x21 zephyr/arch/arch/arm/core/cortex_m/libarch__arm__core__cortex_m.a(scb.c.obj)
 .comment       0x0000000000000020       0x21 zephyr/arch/arch/arm/core/cortex_m/libarch__arm__core__cortex_m.a(thread_abort.c.obj)
 .comment       0x0000000000000020       0x21 zephyr/arch/arch/arm/core/cortex_m/libarch__arm__core__cortex_m.a(swap.c.obj)
 .comment       0x0000000000000020       0x21 zephyr/arch/arch/arm/core/cortex_m/libarch__arm__core__cortex_m.a(irq_manage.c.obj)
 .comment       0x0000000000000020       0x21 zephyr/arch/arch/arm/core/cortex_m/libarch__arm__core__cortex_m.a(prep_c.c.obj)
 .comment       0x0000000000000020       0x21 zephyr/arch/arch/arm/core/cortex_m/libarch__arm__core__cortex_m.a(thread.c.obj)
 .comment       0x0000000000000020       0x21 zephyr/arch/arch/arm/core/cortex_m/libarch__arm__core__cortex_m.a(cpu_idle.c.obj)
 .comment       0x0000000000000020       0x21 zephyr/arch/arch/arm/core/cortex_m/libarch__arm__core__cortex_m.a(irq_init.c.obj)
 .comment       0x0000000000000020       0x21 zephyr/arch/arch/arm/core/cortex_m/libarch__arm__core__cortex_m.a(isr_wrapper.c.obj)
 .comment       0x0000000000000020       0x21 zephyr/lib/libc/picolibc/liblib__libc__picolibc.a(libc-hooks.c.obj)
 .comment       0x0000000000000020       0x21 zephyr/lib/libc/common/liblib__libc__common.a(malloc.c.obj)
 .comment       0x0000000000000020       0x21 zephyr/soc/soc/nrf52832/libsoc__nordic.a(soc.c.obj)
 .comment       0x0000000000000020       0x21 zephyr/subsys/random/libsubsys__random.a(random_entropy_device.c.obj)
 .comment       0x0000000000000020       0x21 zephyr/drivers/clock_control/libdrivers__clock_control.a(clock_control_nrf.c.obj)
 .comment       0x0000000000000020       0x21 zephyr/drivers/console/libdrivers__console.a(rtt_console.c.obj)
 .comment       0x0000000000000020       0x21 zephyr/drivers/entropy/libdrivers__entropy.a(entropy_nrf5.c.obj)
 .comment       0x0000000000000020       0x21 zephyr/drivers/timer/libdrivers__timer.a(nrf_rtc_timer.c.obj)
 .comment       0x0000000000000020       0x21 modules/hal_nordic/nrfx/libmodules__hal_nordic__nrfx.a(system_nrf52.c.obj)
 .comment       0x0000000000000020       0x21 modules/hal_nordic/nrfx/libmodules__hal_nordic__nrfx.a(nrfx_glue.c.obj)
 .comment       0x0000000000000020       0x21 modules/hal_nordic/nrfx/libmodules__hal_nordic__nrfx.a(nrfx_clock.c.obj)
 .comment       0x0000000000000020       0x21 modules/segger/libmodules__segger.a(SEGGER_RTT.c.obj)
 .comment       0x0000000000000020       0x21 modules/segger/libmodules__segger.a(SEGGER_RTT_zephyr.c.obj)
 .comment       0x0000000000000020       0x21 zephyr/kernel/libkernel.a(busy_wait.c.obj)
 .comment       0x0000000000000020       0x21 zephyr/kernel/libkernel.a(fatal.c.obj)
 .comment       0x0000000000000020       0x21 zephyr/kernel/libkernel.a(init.c.obj)
 .comment       0x0000000000000020       0x21 zephyr/kernel/libkernel.a(init_static.c.obj)
 .comment       0x0000000000000020       0x21 zephyr/kernel/libkernel.a(idle.c.obj)
 .comment       0x0000000000000020       0x21 zephyr/kernel/libkernel.a(mutex.c.obj)
 .comment       0x0000000000000020       0x21 zephyr/kernel/libkernel.a(sem.c.obj)
 .comment       0x0000000000000020       0x21 zephyr/kernel/libkernel.a(thread.c.obj)
 .comment       0x0000000000000020       0x21 zephyr/kernel/libkernel.a(sched.c.obj)
 .comment       0x0000000000000020       0x21 zephyr/kernel/libkernel.a(timeslicing.c.obj)
 .comment       0x0000000000000020       0x21 zephyr/kernel/libkernel.a(thread_monitor.c.obj)
 .comment       0x0000000000000020       0x21 zephyr/kernel/libkernel.a(xip.c.obj)
 .comment       0x0000000000000020       0x21 zephyr/kernel/libkernel.a(timeout.c.obj)
 .comment       0x0000000000000020       0x21 zephyr/kernel/libkernel.a(device.c.obj)
 .comment       0x0000000000000020       0x21 zephyr/arch/common/libisr_tables.a(isr_tables.c.obj)

.debug
 *(SORT_BY_ALIGNMENT(.debug))

.line
 *(SORT_BY_ALIGNMENT(.line))

.debug_srcinfo
 *(SORT_BY_ALIGNMENT(.debug_srcinfo))

.debug_sfnames
 *(SORT_BY_ALIGNMENT(.debug_sfnames))

.debug_aranges  0x0000000000000000     0x12c0
 *(SORT_BY_ALIGNMENT(.debug_aranges))
 .debug_aranges
                0x0000000000000000       0x20 zephyr/arch/arch/arm/core/libarch__arm__core.a(nmi_on_reset.S.obj)
 .debug_aranges
                0x0000000000000020       0x20 zephyr/arch/arch/arm/core/cortex_m/libarch__arm__core__cortex_m.a(fault_s.S.obj)
 .debug_aranges
                0x0000000000000040       0x20 zephyr/arch/arch/arm/core/cortex_m/libarch__arm__core__cortex_m.a(reset.S.obj)
 .debug_aranges
                0x0000000000000060       0x28 zephyr/arch/arch/arm/core/cortex_m/libarch__arm__core__cortex_m.a(swap_helper.S.obj)
 .debug_aranges
                0x0000000000000088       0x20 zephyr/arch/arch/arm/core/cortex_m/libarch__arm__core__cortex_m.a(__aeabi_read_tp.S.obj)
 .debug_aranges
                0x00000000000000a8       0x20 zephyr/CMakeFiles/offsets.dir/./arch/arm/core/offsets/offsets.c.obj
 .debug_aranges
                0x00000000000000c8       0x40 app/libapp.a(main.c.obj)
 .debug_aranges
                0x0000000000000108       0xa0 zephyr/libzephyr.a(heap.c.obj)
 .debug_aranges
                0x00000000000001a8       0x50 zephyr/libzephyr.a(printk.c.obj)
 .debug_aranges
                0x00000000000001f8       0x20 zephyr/libzephyr.a(thread_entry.c.obj)
 .debug_aranges
                0x0000000000000218       0xb8 zephyr/libzephyr.a(onoff.c.obj)
 .debug_aranges
                0x00000000000002d0       0x28 zephyr/libzephyr.a(notify.c.obj)
 .debug_aranges
                0x00000000000002f8       0x20 zephyr/libzephyr.a(configs.c.obj)
 .debug_aranges
                0x0000000000000318       0x18 zephyr/libzephyr.a(thread_info.c.obj)
 .debug_aranges
                0x0000000000000330       0x20 zephyr/libzephyr.a(banner.c.obj)
 .debug_aranges
                0x0000000000000350       0x30 zephyr/arch/arch/arm/core/libarch__arm__core.a(fatal.c.obj)
 .debug_aranges
                0x0000000000000380       0x20 zephyr/arch/arch/arm/core/libarch__arm__core.a(nmi.c.obj)
 .debug_aranges
                0x00000000000003a0       0x28 zephyr/arch/arch/arm/core/libarch__arm__core.a(tls.c.obj)
 .debug_aranges
                0x00000000000003c8       0x20 zephyr/arch/arch/arm/core/cortex_m/libarch__arm__core__cortex_m.a(exc_exit.c.obj)
 .debug_aranges
                0x00000000000003e8       0x68 zephyr/arch/arch/arm/core/cortex_m/libarch__arm__core__cortex_m.a(fault.c.obj)
 .debug_aranges
                0x0000000000000450       0x30 zephyr/arch/arch/arm/core/cortex_m/libarch__arm__core__cortex_m.a(scb.c.obj)
 .debug_aranges
                0x0000000000000480       0x20 zephyr/arch/arch/arm/core/cortex_m/libarch__arm__core__cortex_m.a(thread_abort.c.obj)
 .debug_aranges
                0x00000000000004a0       0x28 zephyr/arch/arch/arm/core/cortex_m/libarch__arm__core__cortex_m.a(swap.c.obj)
 .debug_aranges
                0x00000000000004c8       0x58 zephyr/arch/arch/arm/core/cortex_m/libarch__arm__core__cortex_m.a(irq_manage.c.obj)
 .debug_aranges
                0x0000000000000520       0x20 zephyr/arch/arch/arm/core/cortex_m/libarch__arm__core__cortex_m.a(prep_c.c.obj)
 .debug_aranges
                0x0000000000000540       0x38 zephyr/arch/arch/arm/core/cortex_m/libarch__arm__core__cortex_m.a(thread.c.obj)
 .debug_aranges
                0x0000000000000578       0x30 zephyr/arch/arch/arm/core/cortex_m/libarch__arm__core__cortex_m.a(cpu_idle.c.obj)
 .debug_aranges
                0x00000000000005a8       0x20 zephyr/arch/arch/arm/core/cortex_m/libarch__arm__core__cortex_m.a(irq_init.c.obj)
 .debug_aranges
                0x00000000000005c8       0x20 zephyr/arch/arch/arm/core/cortex_m/libarch__arm__core__cortex_m.a(isr_wrapper.c.obj)
 .debug_aranges
                0x00000000000005e8       0xb0 zephyr/lib/libc/picolibc/liblib__libc__picolibc.a(libc-hooks.c.obj)
 .debug_aranges
                0x0000000000000698       0x60 zephyr/lib/libc/common/liblib__libc__common.a(malloc.c.obj)
 .debug_aranges
                0x00000000000006f8       0x28 zephyr/soc/soc/nrf52832/libsoc__nordic.a(soc.c.obj)
 .debug_aranges
                0x0000000000000720       0x30 zephyr/subsys/random/libsubsys__random.a(random_entropy_device.c.obj)
 .debug_aranges
                0x0000000000000750      0x130 zephyr/drivers/clock_control/libdrivers__clock_control.a(clock_control_nrf.c.obj)
 .debug_aranges
                0x0000000000000880       0x38 zephyr/drivers/console/libdrivers__console.a(rtt_console.c.obj)
 .debug_aranges
                0x00000000000008b8       0x58 zephyr/drivers/entropy/libdrivers__entropy.a(entropy_nrf5.c.obj)
 .debug_aranges
                0x0000000000000910      0x158 zephyr/drivers/timer/libdrivers__timer.a(nrf_rtc_timer.c.obj)
 .debug_aranges
                0x0000000000000a68       0xa0 modules/hal_nordic/nrfx/libmodules__hal_nordic__nrfx.a(system_nrf52.c.obj)
 .debug_aranges
                0x0000000000000b08       0x30 modules/hal_nordic/nrfx/libmodules__hal_nordic__nrfx.a(nrfx_glue.c.obj)
 .debug_aranges