Archive member included to satisfy reference by file (symbol)

app/libapp.a(main.c.obj)      (--whole-archive)
zephyr/libzephyr.a(heap.c.obj)
                              (--whole-archive)
zephyr/libzephyr.a(cbprintf_packaged.c.obj)
                              (--whole-archive)
zephyr/libzephyr.a(printk.c.obj)
                              (--whole-archive)
zephyr/libzephyr.a(sem.c.obj)
                              (--whole-archive)
zephyr/libzephyr.a(thread_entry.c.obj)
                              (--whole-archive)
zephyr/libzephyr.a(cbprintf_complete.c.obj)
                              (--whole-archive)
zephyr/libzephyr.a(assert.c.obj)
                              (--whole-archive)
zephyr/libzephyr.a(dec.c.obj)
                              (--whole-archive)
zephyr/libzephyr.a(hex.c.obj)
                              (--whole-archive)
zephyr/libzephyr.a(rb.c.obj)  (--whole-archive)
zephyr/libzephyr.a(timeutil.c.obj)
                              (--whole-archive)
zephyr/libzephyr.a(bitarray.c.obj)
                              (--whole-archive)
zephyr/libzephyr.a(onoff.c.obj)
                              (--whole-archive)
zephyr/libzephyr.a(notify.c.obj)
                              (--whole-archive)
zephyr/libzephyr.a(configs.c.obj)
                              (--whole-archive)
zephyr/libzephyr.a(thread_info.c.obj)
                              (--whole-archive)
zephyr/libzephyr.a(tracing_none.c.obj)
                              (--whole-archive)
zephyr/libzephyr.a(banner.c.obj)
                              (--whole-archive)
zephyr/libzephyr.a(flash_map_partition_manager.c.obj)
                              (--whole-archive)
zephyr/arch/common/libarch__common.a(sw_isr_common.c.obj)
                              (--whole-archive)
zephyr/arch/arch/arm/core/libarch__arm__core.a(fatal.c.obj)
                              (--whole-archive)
zephyr/arch/arch/arm/core/libarch__arm__core.a(nmi.c.obj)
                              (--whole-archive)
zephyr/arch/arch/arm/core/libarch__arm__core.a(nmi_on_reset.S.obj)
                              (--whole-archive)
zephyr/arch/arch/arm/core/libarch__arm__core.a(tls.c.obj)
                              (--whole-archive)
zephyr/arch/arch/arm/core/cortex_m/libarch__arm__core__cortex_m.a(exc_exit.c.obj)
                              (--whole-archive)
zephyr/arch/arch/arm/core/cortex_m/libarch__arm__core__cortex_m.a(fault.c.obj)
                              (--whole-archive)
zephyr/arch/arch/arm/core/cortex_m/libarch__arm__core__cortex_m.a(fault_s.S.obj)
                              (--whole-archive)
zephyr/arch/arch/arm/core/cortex_m/libarch__arm__core__cortex_m.a(fpu.c.obj)
                              (--whole-archive)
zephyr/arch/arch/arm/core/cortex_m/libarch__arm__core__cortex_m.a(reset.S.obj)
                              (--whole-archive)
zephyr/arch/arch/arm/core/cortex_m/libarch__arm__core__cortex_m.a(scb.c.obj)
                              (--whole-archive)
zephyr/arch/arch/arm/core/cortex_m/libarch__arm__core__cortex_m.a(thread_abort.c.obj)
                              (--whole-archive)
zephyr/arch/arch/arm/core/cortex_m/libarch__arm__core__cortex_m.a(vector_table.S.obj)
                              (--whole-archive)
zephyr/arch/arch/arm/core/cortex_m/libarch__arm__core__cortex_m.a(swap.c.obj)
                              (--whole-archive)
zephyr/arch/arch/arm/core/cortex_m/libarch__arm__core__cortex_m.a(swap_helper.S.obj)
                              (--whole-archive)
zephyr/arch/arch/arm/core/cortex_m/libarch__arm__core__cortex_m.a(irq_manage.c.obj)
                              (--whole-archive)
zephyr/arch/arch/arm/core/cortex_m/libarch__arm__core__cortex_m.a(prep_c.c.obj)
                              (--whole-archive)
zephyr/arch/arch/arm/core/cortex_m/libarch__arm__core__cortex_m.a(thread.c.obj)
                              (--whole-archive)
zephyr/arch/arch/arm/core/cortex_m/libarch__arm__core__cortex_m.a(cpu_idle.c.obj)
                              (--whole-archive)
zephyr/arch/arch/arm/core/cortex_m/libarch__arm__core__cortex_m.a(irq_init.c.obj)
                              (--whole-archive)
zephyr/arch/arch/arm/core/cortex_m/libarch__arm__core__cortex_m.a(isr_wrapper.c.obj)
                              (--whole-archive)
zephyr/arch/arch/arm/core/cortex_m/libarch__arm__core__cortex_m.a(__aeabi_read_tp.S.obj)
                              (--whole-archive)
zephyr/lib/libc/picolibc/liblib__libc__picolibc.a(libc-hooks.c.obj)
                              (--whole-archive)
zephyr/lib/libc/common/liblib__libc__common.a(abort.c.obj)
                              (--whole-archive)
zephyr/lib/libc/common/liblib__libc__common.a(malloc.c.obj)
                              (--whole-archive)
zephyr/soc/soc/nrf52832/libsoc__nordic.a(validate_base_addresses.c.obj)
                              (--whole-archive)
zephyr/soc/soc/nrf52832/libsoc__nordic.a(validate_binding_headers.c.obj)
                              (--whole-archive)
[...]
Memory Configuration

Name             Origin             Length             Attributes
FLASH            0x0000000000000000 0x0000000000080000 xr
RAM              0x0000000020000000 0x0000000000010000 xw
IDT_LIST         0x00000000ffff7fff 0x0000000000008000 xw
*default*        0x0000000000000000 0xffffffffffffffff

Linker script and memory map

                0x0000000000002744                vfprintf = __l_vfprintf
                0x0000000000000000                vfscanf = __l_vfscanf
LOAD zephyr/CMakeFiles/zephyr_final.dir/misc/empty_file.c.obj
LOAD zephyr/CMakeFiles/zephyr_final.dir/isr_tables.c.obj
LOAD zephyr/CMakeFiles/offsets.dir/./arch/arm/core/offsets/offsets.c.obj
LOAD app/libapp.a
LOAD zephyr/libzephyr.a
LOAD zephyr/arch/common/libarch__common.a
LOAD zephyr/arch/arch/arm/core/libarch__arm__core.a
LOAD zephyr/arch/arch/arm/core/cortex_m/libarch__arm__core__cortex_m.a
LOAD zephyr/lib/libc/picolibc/liblib__libc__picolibc.a
LOAD zephyr/lib/libc/common/liblib__libc__common.a
LOAD zephyr/soc/soc/nrf52832/libsoc__nordic.a
LOAD zephyr/drivers/clock_control/libdrivers__clock_control.a
LOAD zephyr/drivers/timer/libdrivers__timer.a
LOAD modules/hal_nordic/nrfx/libmodules__hal_nordic__nrfx.a
LOAD zephyr/kernel/libkernel.a
LOAD zephyr/arch/common/libisr_tables.a
LOAD /home/ams/ncs/toolchains/b77d8c1312/opt/zephyr-sdk/arm-zephyr-eabi/bin/../lib/gcc/../../picolibc/arm-zephyr-eabi/lib/thumb/v7e-m/nofp/libc.a
LOAD /home/ams/ncs/toolchains/b77d8c1312/opt/zephyr-sdk/arm-zephyr-eabi/bin/../lib/gcc/arm-zephyr-eabi/12.2.0/thumb/v7e-m/nofp/libgcc.a
                0x0000000000000004                _region_min_align = 0x4

.rel.plt        0x0000000000000000        0x0
 *(SORT_BY_ALIGNMENT(.rel.plt))
                [!provide]                        PROVIDE (__rel_iplt_start = .)
 *(SORT_BY_ALIGNMENT(.rel.iplt))
 .rel.iplt      0x0000000000000000        0x0 zephyr/CMakeFiles/zephyr_final.dir/isr_tables.c.obj
                [!provide]                        PROVIDE (__rel_iplt_end = .)

.rela.plt       0x0000000000000000        0x0
 *(SORT_BY_ALIGNMENT(.rela.plt))
                [!provide]                        PROVIDE (__rela_iplt_start = .)
 *(SORT_BY_ALIGNMENT(.rela.iplt))
                [!provide]                        PROVIDE (__rela_iplt_end = .)

.rel.dyn
 *(SORT_BY_ALIGNMENT(.rel.*))

.rela.dyn
 *(SORT_BY_ALIGNMENT(.rela.*))

/DISCARD/
 *(SORT_BY_ALIGNMENT(.plt))

/DISCARD/
 *(SORT_BY_ALIGNMENT(.iplt))
                0x0000000000000000                __rom_region_start = 0x0

rom_start       0x0000000000000000       0xdc
                0x0000000000000000                __rom_start_address = .
 FILL mask 0x00
                0x0000000000000000                . = (. + (0x0 - (. - __rom_start_address)))
                0x0000000000000000                . = ALIGN (0x4)
                0x0000000000000000                . = ALIGN (0x80)
                0x0000000000000000                . = ALIGN (0x100)
                0x0000000000000000                _vector_start = .
 *(SORT_BY_ALIGNMENT(.exc_vector_table))
 *(SORT_BY_ALIGNMENT(.exc_vector_table.*))
 .exc_vector_table._vector_table_section
                0x0000000000000000       0x40 zephyr/arch/arch/arm/core/cortex_m/libarch__arm__core__cortex_m.a(vector_table.S.obj)
                0x0000000000000000                _vector_table
 *(SORT_BY_ALIGNMENT(.vectors))
                0x00000000000000dc                _vector_end = .
                0x0000000000000040                . = ALIGN (0x4)
 *(SORT_BY_ALIGNMENT(.gnu.linkonce.irq_vector_table*))
 .gnu.linkonce.irq_vector_table
                0x0000000000000040       0x9c zephyr/CMakeFiles/zephyr_final.dir/isr_tables.c.obj
                0x0000000000000040                _irq_vector_table
                0x00000000000000dc                _vector_end = .

text            0x00000000000000dc     0x3c34
                0x00000000000000dc                __text_region_start = .
 *(SORT_BY_ALIGNMENT(.text))
 .text          0x00000000000000dc       0x30 /home/ams/ncs/toolchains/b77d8c1312/opt/zephyr-sdk/arm-zephyr-eabi/bin/../lib/gcc/arm-zephyr-eabi/12.2.0/thumb/v7e-m/nofp/libgcc.a(_aeabi_uldivmod.o)
                0x00000000000000dc                __aeabi_uldivmod
 .text          0x000000000000010c        0x4 /home/ams/ncs/toolchains/b77d8c1312/opt/zephyr-sdk/arm-zephyr-eabi/bin/../lib/gcc/arm-zephyr-eabi/12.2.0/thumb/v7e-m/nofp/libgcc.a(_dvmd_tls.o)
                0x000000000000010c                __aeabi_ldiv0
                0x000000000000010c                __aeabi_idiv0
 .text          0x0000000000000110      0x2a0 /home/ams/ncs/toolchains/b77d8c1312/opt/zephyr-sdk/arm-zephyr-eabi/bin/../lib/gcc/arm-zephyr-eabi/12.2.0/thumb/v7e-m/nofp/libgcc.a(_udivmoddi4.o)
                0x0000000000000110                __udivmoddi4
 *(SORT_BY_ALIGNMENT(.text.*))
 .text.char_out
                0x00000000000003b0       0x10 zephyr/libzephyr.a(printk.c.obj)
 .text.vprintk  0x00000000000003c0       0x2c zephyr/libzephyr.a(printk.c.obj)
                0x00000000000003c0                vprintk
 .text.z_thread_entry
                0x00000000000003ec       0x34 zephyr/libzephyr.a(thread_entry.c.obj)
                0x00000000000003ec                z_thread_entry
 .text.process_event
                0x0000000000000420      0x16c zephyr/libzephyr.a(onoff.c.obj)
 .text.boot_banner
                0x000000000000058c       0x18 zephyr/libzephyr.a(banner.c.obj)
                0x000000000000058c                boot_banner
 .text.z_SysNmiOnReset
                0x00000000000005a4        0x8 zephyr/arch/arch/arm/core/libarch__arm__core.a(nmi_on_reset.S.obj)
                0x00000000000005a4                z_SysNmiOnReset
 .text.z_tls_copy
                0x00000000000005ac       0x28 zephyr/arch/arch/arm/core/libarch__arm__core.a(tls.c.obj)
 .text.arch_tls_stack_setup
                0x00000000000005d4       0x28 zephyr/arch/arch/arm/core/libarch__arm__core.a(tls.c.obj)
                0x00000000000005d4                arch_tls_stack_setup
 .text._HandlerModeExit
                0x00000000000005fc       0x28 zephyr/arch/arch/arm/core/cortex_m/libarch__arm__core__cortex_m.a(exc_exit.c.obj)
                0x00000000000005fc                z_arm_exc_exit
                0x00000000000005fc                z_arm_int_exit
 .text.mem_manage_fault
                0x0000000000000624       0xa4 zephyr/arch/arch/arm/core/cortex_m/libarch__arm__core__cortex_m.a(fault.c.obj)
 .text.bus_fault
                0x00000000000006c8       0x8c zephyr/arch/arch/arm/core/cortex_m/libarch__arm__core__cortex_m.a(fault.c.obj)
 .text.usage_fault
                0x0000000000000754       0x64 zephyr/arch/arch/arm/core/cortex_m/libarch__arm__core__cortex_m.a(fault.c.obj)
 .text.z_arm_is_synchronous_svc
                0x00000000000007b8       0x3c zephyr/arch/arch/arm/core/cortex_m/libarch__arm__core__cortex_m.a(fault.c.obj)
 .text.hard_fault
                0x00000000000007f4       0x78 zephyr/arch/arch/arm/core/cortex_m/libarch__arm__core__cortex_m.a(fault.c.obj)
 .text.z_arm_fault
                0x000000000000086c       0xa4 zephyr/arch/arch/arm/core/cortex_m/libarch__arm__core__cortex_m.a(fault.c.obj)
                0x000000000000086c                z_arm_fault
 .text.z_arm_fault_init
                0x0000000000000910       0x18 zephyr/arch/arch/arm/core/cortex_m/libarch__arm__core__cortex_m.a(fault.c.obj)
                0x0000000000000910                z_arm_fault_init
 .text.__fault  0x0000000000000928       0x14 zephyr/arch/arch/arm/core/cortex_m/libarch__arm__core__cortex_m.a(fault_s.S.obj)
                0x0000000000000928                z_arm_bus_fault
                0x0000000000000928                z_arm_usage_fault
                0x0000000000000928                z_arm_mpu_fault
                0x0000000000000928                z_arm_exc_spurious
                0x0000000000000928                z_arm_debug_monitor
                0x0000000000000928                z_arm_hard_fault
 .text._reset_section
                0x000000000000093c       0x60 zephyr/arch/arch/arm/core/cortex_m/libarch__arm__core__cortex_m.a(reset.S.obj)
                0x000000000000093c                z_arm_reset
                0x000000000000093c                __start
 .text.z_arm_init_arch_hw_at_boot
                0x000000000000099c       0x4c zephyr/arch/arch/arm/core/cortex_m/libarch__arm__core__cortex_m.a(scb.c.obj)
                0x000000000000099c                z_arm_init_arch_hw_at_boot
 .text.z_impl_k_thread_abort
                0x00000000000009e8       0x34 zephyr/arch/arch/arm/core/cortex_m/libarch__arm__core__cortex_m.a(thread_abort.c.obj)
                0x00000000000009e8                z_impl_k_thread_abort
 .text.arch_swap
                0x0000000000000a1c       0x34 zephyr/arch/arch/arm/core/cortex_m/libarch__arm__core__cortex_m.a(swap.c.obj)
                0x0000000000000a1c                arch_swap
 .text.z_arm_pendsv_c
                0x0000000000000a50       0x44 zephyr/arch/arch/arm/core/cortex_m/libarch__arm__core__cortex_m.a(swap.c.obj)
                0x0000000000000a50                z_arm_pendsv_c
 .text.z_arm_pendsv
                0x0000000000000a94       0x34 zephyr/arch/arch/arm/core/cortex_m/libarch__arm__core__cortex_m.a(swap_helper.S.obj)
                0x0000000000000a94                z_arm_pendsv
 .text.z_arm_svc
                0x0000000000000ac8       0x20 zephyr/arch/arch/arm/core/cortex_m/libarch__arm__core__cortex_m.a(swap_helper.S.obj)
                0x0000000000000ac8                z_arm_svc
 .text.__NVIC_EnableIRQ
                0x0000000000000ae8       0x1c zephyr/arch/arch/arm/core/cortex_m/libarch__arm__core__cortex_m.a(irq_manage.c.obj)
 .text.__NVIC_SetPriority
                0x0000000000000b04       0x28 zephyr/arch/arch/arm/core/cortex_m/libarch__arm__core__cortex_m.a(irq_manage.c.obj)
 .text.arch_irq_is_enabled
                0x0000000000000b2c       0x1c zephyr/arch/arch/arm/core/cortex_m/libarch__arm__core__cortex_m.a(irq_manage.c.obj)
                0x0000000000000b2c                arch_irq_is_enabled
 .text.z_prep_c
                0x0000000000000b48       0x38 zephyr/arch/arch/arm/core/cortex_m/libarch__arm__core__cortex_m.a(prep_c.c.obj)
                0x0000000000000b48                z_prep_c
 .text.arch_new_thread
                0x0000000000000b80       0x44 zephyr/arch/arch/arm/core/cortex_m/libarch__arm__core__cortex_m.a(thread.c.obj)
                0x0000000000000b80                arch_new_thread
 .text.arch_switch_to_main_thread
                0x0000000000000bc4       0x44 zephyr/arch/arch/arm/core/cortex_m/libarch__arm__core__cortex_m.a(thread.c.obj)
                0x0000000000000bc4                arch_switch_to_main_thread
 .text.z_arm_cpu_idle_init
                0x0000000000000c08        0xc zephyr/arch/arch/arm/core/cortex_m/libarch__arm__core__cortex_m.a(cpu_idle.c.obj)
                0x0000000000000c08                z_arm_cpu_idle_init
 .text.z_arm_interrupt_init
                0x0000000000000c14       0x34 zephyr/arch/arch/arm/core/cortex_m/libarch__arm__core__cortex_m.a(irq_init.c.obj)
                0x0000000000000c14                z_arm_interrupt_init
 .text._isr_wrapper
                0x0000000000000c48       0x20 zephyr/arch/arch/arm/core/cortex_m/libarch__arm__core__cortex_m.a(isr_wrapper.c.obj)
                0x0000000000000c48                _isr_wrapper
 .text.malloc_prepare
                0x0000000000000c68       0x24 zephyr/lib/libc/common/liblib__libc__common.a(malloc.c.obj)
 .text.nordicsemi_nrf52_init
                0x0000000000000c8c       0x10 zephyr/soc/soc/nrf52832/libsoc__nordic.a(soc.c.obj)
 .text.arch_busy_wait
                0x0000000000000c9c       0x18 zephyr/soc/soc/nrf52832/libsoc__nordic.a(soc.c.obj)
                0x0000000000000c9c                arch_busy_wait
 .text.get_hf_flags
                0x0000000000000cb4        0x8 zephyr/drivers/clock_control/libdrivers__clock_control.a(clock_control_nrf.c.obj)
 .text.get_subsys
                0x0000000000000cbc       0x18 zephyr/drivers/clock_control/libdrivers__clock_control.a(clock_control_nrf.c.obj)
 .text.onoff_stop
                0x0000000000000cd4       0x20 zephyr/drivers/clock_control/libdrivers__clock_control.a(clock_control_nrf.c.obj)
 .text.onoff_start
                0x0000000000000cf4       0x34 zephyr/drivers/clock_control/libdrivers__clock_control.a(clock_control_nrf.c.obj)
 .text.clock_event_handler
                0x0000000000000d28       0x34 zephyr/drivers/clock_control/libdrivers__clock_control.a(clock_control_nrf.c.obj)
 .text.generic_hfclk_start
                0x0000000000000d5c       0x70 zephyr/drivers/clock_control/libdrivers__clock_control.a(clock_control_nrf.c.obj)
 .text.generic_hfclk_stop
                0x0000000000000dcc       0x34 zephyr/drivers/clock_control/libdrivers__clock_control.a(clock_control_nrf.c.obj)
 .text.lfclk_spinwait
                0x0000000000000e00       0xcc zephyr/drivers/clock_control/libdrivers__clock_control.a(clock_control_nrf.c.obj)
 .text.api_blocking_start
                0x0000000000000ecc       0x38 zephyr/drivers/clock_control/libdrivers__clock_control.a(clock_control_nrf.c.obj)
 .text.anomaly_132_workaround
                0x0000000000000f04       0x20 zephyr/drivers/clock_control/libdrivers__clock_control.a(clock_control_nrf.c.obj)
 .text.clk_init
                0x0000000000000f24       0x60 zephyr/drivers/clock_control/libdrivers__clock_control.a(clock_control_nrf.c.obj)
 .text.z_nrf_clock_control_lf_on
                0x0000000000000f84       0x54 zephyr/drivers/clock_control/libdrivers__clock_control.a(clock_control_nrf.c.obj)
                0x0000000000000f84                z_nrf_clock_control_lf_on
 .text.set_comparator
                0x0000000000000fd8       0x14 zephyr/drivers/timer/libdrivers__timer.a(nrf_rtc_timer.c.obj)
 .text.event_enable
                0x0000000000000fec       0x14 zephyr/drivers/timer/libdrivers__timer.a(nrf_rtc_timer.c.obj)
 .text.event_disable
                0x0000000000001000       0x14 zephyr/drivers/timer/libdrivers__timer.a(nrf_rtc_timer.c.obj)
 .text.counter  0x0000000000001014        0xc zephyr/drivers/timer/libdrivers__timer.a(nrf_rtc_timer.c.obj)
 .text.set_alarm
                0x0000000000001020       0x88 zephyr/drivers/timer/libdrivers__timer.a(nrf_rtc_timer.c.obj)
 .text.int_event_disable_rtc
                0x00000000000010a8       0x18 zephyr/drivers/timer/libdrivers__timer.a(nrf_rtc_timer.c.obj)
 .text.compare_int_lock
                0x00000000000010c0       0x4c zephyr/drivers/timer/libdrivers__timer.a(nrf_rtc_timer.c.obj)
 .text.channel_processing_check_and_clear
                0x000000000000110c       0x60 zephyr/drivers/timer/libdrivers__timer.a(nrf_rtc_timer.c.obj)
 .text.compare_int_unlock
                0x000000000000116c       0x60 zephyr/drivers/timer/libdrivers__timer.a(nrf_rtc_timer.c.obj)
 .text.sys_clock_timeout_handler
                0x00000000000011cc       0x50 zephyr/drivers/timer/libdrivers__timer.a(nrf_rtc_timer.c.obj)
 .text.z_nrf_rtc_timer_read
                0x000000000000121c       0x40 zephyr/drivers/timer/libdrivers__timer.a(nrf_rtc_timer.c.obj)
                0x000000000000121c                z_nrf_rtc_timer_read
 .text.compare_set_nolocks
                0x000000000000125c       0xac zephyr/drivers/timer/libdrivers__timer.a(nrf_rtc_timer.c.obj)
 .text.sys_clock_driver_init
                0x0000000000001308       0x9c zephyr/drivers/timer/libdrivers__timer.a(nrf_rtc_timer.c.obj)
 .text.process_channel
                0x00000000000013a4       0x7c zephyr/drivers/timer/libdrivers__timer.a(nrf_rtc_timer.c.obj)
 .text.rtc_nrf_isr
                0x0000000000001420       0x40 zephyr/drivers/timer/libdrivers__timer.a(nrf_rtc_timer.c.obj)
                0x0000000000001420                rtc_nrf_isr
 .text.sys_clock_set_timeout
                0x0000000000001460       0x74 zephyr/drivers/timer/libdrivers__timer.a(nrf_rtc_timer.c.obj)
                0x0000000000001460                sys_clock_set_timeout
 .text.sys_clock_elapsed
                0x00000000000014d4       0x14 zephyr/drivers/timer/libdrivers__timer.a(nrf_rtc_timer.c.obj)
                0x00000000000014d4                sys_clock_elapsed
 .text.SystemInit
                0x00000000000014e8      0x1a4 modules/hal_nordic/nrfx/libmodules__hal_nordic__nrfx.a(system_nrf52.c.obj)
                0x00000000000014e8                SystemInit
 .text.nrfx_clock_anomaly_132
                0x000000000000168c       0x40 modules/hal_nordic/nrfx/libmodules__hal_nordic__nrfx.a(nrfx_clock.c.obj)
 .text.clock_stop
                0x00000000000016cc       0x8c modules/hal_nordic/nrfx/libmodules__hal_nordic__nrfx.a(nrfx_clock.c.obj)
 .text.nrfx_clock_init
                0x0000000000001758       0x28 modules/hal_nordic/nrfx/libmodules__hal_nordic__nrfx.a(nrfx_clock.c.obj)
                0x0000000000001758                nrfx_clock_init
 .text.nrfx_clock_enable
                0x0000000000001780       0x20 modules/hal_nordic/nrfx/libmodules__hal_nordic__nrfx.a(nrfx_clock.c.obj)
                0x0000000000001780                nrfx_clock_enable
 .text.nrfx_clock_start
                0x00000000000017a0       0xe4 modules/hal_nordic/nrfx/libmodules__hal_nordic__nrfx.a(nrfx_clock.c.obj)
                0x00000000000017a0                nrfx_clock_start
 .text.nrfx_power_clock_irq_handler
                0x0000000000001884       0x7c modules/hal_nordic/nrfx/libmodules__hal_nordic__nrfx.a(nrfx_clock.c.obj)
                0x0000000000001884                nrfx_power_clock_irq_handler
 .text.z_fatal_error
                0x0000000000001900       0x2c zephyr/kernel/libkernel.a(fatal.c.obj)
                0x0000000000001900                z_fatal_error
 .text.z_sys_init_run_level
                0x000000000000192c       0x34 zephyr/kernel/libkernel.a(init.c.obj)
 .text.init_idle_thread
                0x0000000000001960       0x5c zephyr/kernel/libkernel.a(init.c.obj)
 .text.thread_schedule_new
                0x00000000000019bc       0x1c zephyr/kernel/libkernel.a(init.c.obj)
 .text.z_init_static_threads
                0x00000000000019d8       0x70 zephyr/kernel/libkernel.a(init.c.obj)
 .text.bg_thread_main
                0x0000000000001a48       0x38 zephyr/kernel/libkernel.a(init.c.obj)
 .text.switch_to_main_thread
                0x0000000000001a80       0x14 zephyr/kernel/libkernel.a(init.c.obj)
 .text.z_bss_zero
                0x0000000000001a94       0x18 zephyr/kernel/libkernel.a(init.c.obj)
                0x0000000000001a94                z_bss_zero
 .text.z_init_cpu
                0x0000000000001aac       0x40 zephyr/kernel/libkernel.a(init.c.obj)
                0x0000000000001aac                z_init_cpu
 .text.prepare_multithreading
                0x0000000000001aec       0x60 zephyr/kernel/libkernel.a(init.c.obj)
 .text.z_cstart
                0x0000000000001b4c       0x80 zephyr/kernel/libkernel.a(init.c.obj)
                0x0000000000001b4c                z_cstart
 .text.z_impl_k_sem_give
                0x0000000000001bcc       0x4c zephyr/kernel/libkernel.a(sem.c.obj)
                0x0000000000001bcc                z_impl_k_sem_give
 .text.z_impl_k_sem_take
                0x0000000000001c18       0x50 zephyr/kernel/libkernel.a(sem.c.obj)
                0x0000000000001c18                z_impl_k_sem_take
 .text.z_setup_new_thread
                0x0000000000001c68       0xc4 zephyr/kernel/libkernel.a(thread.c.obj)
                0x0000000000001c68                z_setup_new_thread
 .text.update_cache
                0x0000000000001d2c       0x4c zephyr/kernel/libkernel.a(sched.c.obj)
 .text.unready_thread
                0x0000000000001d78       0x38 zephyr/kernel/libkernel.a(sched.c.obj)
 .text.add_thread_timeout
                0x0000000000001db0       0x20 zephyr/kernel/libkernel.a(sched.c.obj)
 .text.ready_thread
                0x0000000000001dd0       0x78 zephyr/kernel/libkernel.a(sched.c.obj)
 .text.halt_thread
                0x0000000000001e48       0xc4 zephyr/kernel/libkernel.a(sched.c.obj)
 .text.thread_halt_spin
                0x0000000000001f0c       0x54 zephyr/kernel/libkernel.a(sched.c.obj)
 .text.z_thread_halt
                0x0000000000001f60       0x78 zephyr/kernel/libkernel.a(sched.c.obj)
 .text.move_thread_to_end_of_prio_q
                0x0000000000001fd8       0x8c zephyr/kernel/libkernel.a(sched.c.obj)
                0x0000000000001fd8                move_thread_to_end_of_prio_q
 .text.z_pend_curr
                0x0000000000002064       0x38 zephyr/kernel/libkernel.a(sched.c.obj)
                0x0000000000002064                z_pend_curr
 .text.z_reschedule
                0x000000000000209c       0x2c zephyr/kernel/libkernel.a(sched.c.obj)
                0x000000000000209c                z_reschedule
 .text.z_sched_start
                0x00000000000020c8       0x3c zephyr/kernel/libkernel.a(sched.c.obj)
                0x00000000000020c8                z_sched_start
 .text.z_reschedule_irqlock
                0x0000000000002104       0x2c zephyr/kernel/libkernel.a(sched.c.obj)
                0x0000000000002104                z_reschedule_irqlock
 .text.k_sched_lock
                0x0000000000002130       0x30 zephyr/kernel/libkernel.a(sched.c.obj)
                0x0000000000002130                k_sched_lock
 .text.k_sched_unlock
                0x0000000000002160       0x3c zephyr/kernel/libkernel.a(sched.c.obj)
                0x0000000000002160                k_sched_unlock
 .text.z_sched_init
                0x000000000000219c       0x10 zephyr/kernel/libkernel.a(sched.c.obj)
                0x000000000000219c                z_sched_init
 .text.z_impl_k_yield
                0x00000000000021ac       0x90 zephyr/kernel/libkernel.a(sched.c.obj)
                0x00000000000021ac                z_impl_k_yield
 .text.z_tick_sleep
                0x000000000000223c       0x98 zephyr/kernel/libkernel.a(sched.c.obj)
 .text.z_impl_k_sleep
                0x00000000000022d4       0x5c zephyr/kernel/libkernel.a(sched.c.obj)
                0x00000000000022d4                z_impl_k_sleep
 .text.z_impl_k_sched_current_thread_query
                0x0000000000002330        0xc zephyr/kernel/libkernel.a(sched.c.obj)
                0x0000000000002330                z_impl_k_sched_current_thread_query
 .text.slice_timeout
                0x000000000000233c       0x20 zephyr/kernel/libkernel.a(timeslicing.c.obj)
 .text.thread_is_sliceable
                0x000000000000235c       0x4c zephyr/kernel/libkernel.a(timeslicing.c.obj)
                0x000000000000235c                thread_is_sliceable
 .text.z_reset_time_slice
                0x00000000000023a8       0x50 zephyr/kernel/libkernel.a(timeslicing.c.obj)
                0x00000000000023a8                z_reset_time_slice
 .text.z_time_slice
                0x00000000000023f8       0x70 zephyr/kernel/libkernel.a(timeslicing.c.obj)
                0x00000000000023f8                z_time_slice
 .text.z_thread_monitor_exit
                0x0000000000002468       0x3c zephyr/kernel/libkernel.a(thread_monitor.c.obj)
                0x0000000000002468                z_thread_monitor_exit
 .text.z_data_copy
                0x00000000000024a4       0x34 zephyr/kernel/libkernel.a(xip.c.obj)
                0x00000000000024a4                z_data_copy
 .text.first    0x00000000000024d8       0x14 zephyr/kernel/libkernel.a(timeout.c.obj)
 .text.next     0x00000000000024ec       0x18 zephyr/kernel/libkernel.a(timeout.c.obj)
 .text.elapsed  0x0000000000002504       0x18 zephyr/kernel/libkernel.a(timeout.c.obj)
 .text.z_add_timeout
                0x000000000000251c      0x10c zephyr/kernel/libkernel.a(timeout.c.obj)
                0x000000000000251c                z_add_timeout
 .text.sys_clock_announce
                0x0000000000002628       0xc4 zephyr/kernel/libkernel.a(timeout.c.obj)
                0x0000000000002628                sys_clock_announce
 .text.sys_clock_tick_get
                0x00000000000026ec       0x40 zephyr/kernel/libkernel.a(timeout.c.obj)
                0x00000000000026ec                sys_clock_tick_get
 .text.z_device_state_init
                0x000000000000272c       0x18 zephyr/kernel/libkernel.a(device.c.obj)
                0x000000000000272c                z_device_state_init
 .text.__l_vfprintf
                0x0000000000002744      0x4b8 /home/ams/ncs/toolchains/b77d8c1312/opt/zephyr-sdk/arm-zephyr-eabi/bin/../lib/gcc/../../picolibc/arm-zephyr-eabi/lib/thumb/v7e-m/nofp/libc.a(libc_tinystdio_vflprintf.c.o)
                0x0000000000002744                __l_vfprintf
 .text._OffsetAbsSyms
                0x0000000000002bfc        0x2 zephyr/CMakeFiles/offsets.dir/./arch/arm/core/offsets/offsets.c.obj
                0x0000000000002bfc                _OffsetAbsSyms
 .text.main     0x0000000000002bfe        0x4 app/libapp.a(main.c.obj)
                0x0000000000002bfe                main
 .text.set_chunk_used
                0x0000000000002c02       0x38 zephyr/libzephyr.a(heap.c.obj)
 .text.free_list_add_bidx
                0x0000000000002c3a       0xa4 zephyr/libzephyr.a(heap.c.obj)
 .text.free_list_add
                0x0000000000002cde       0x52 zephyr/libzephyr.a(heap.c.obj)
 .text.sys_heap_init
                0x0000000000002d30       0xfc zephyr/libzephyr.a(heap.c.obj)
                0x0000000000002d30                sys_heap_init
 .text.arch_printk_char_out
                0x0000000000002e2c        0x4 zephyr/libzephyr.a(printk.c.obj)
                0x0000000000002e2c                arch_printk_char_out
 .text.printk   0x0000000000002e30       0x1c zephyr/libzephyr.a(printk.c.obj)
                0x0000000000002e30                printk
 .text.set_state
                0x0000000000002e4c       0x10 zephyr/libzephyr.a(onoff.c.obj)
 .text.notify_monitors
                0x0000000000002e5c       0x44 zephyr/libzephyr.a(onoff.c.obj)
 .text.process_recheck
                0x0000000000002ea0       0x32 zephyr/libzephyr.a(onoff.c.obj)
 .text.process_complete
                0x0000000000002ed2       0xa2 zephyr/libzephyr.a(onoff.c.obj)
 .text.validate_args
                0x0000000000002f74       0x2a zephyr/libzephyr.a(onoff.c.obj)
 .text.notify_one
                0x0000000000002f9e       0x26 zephyr/libzephyr.a(onoff.c.obj)
 .text.notify_all
                0x0000000000002fc4       0x2e zephyr/libzephyr.a(onoff.c.obj)
 .text.transition_complete
                0x0000000000002ff2       0x1c zephyr/libzephyr.a(onoff.c.obj)
 .text.onoff_manager_init
                0x000000000000300e       0x3a zephyr/libzephyr.a(onoff.c.obj)
                0x000000000000300e                onoff_manager_init
 .text.onoff_request
                0x0000000000003048       0xbe zephyr/libzephyr.a(onoff.c.obj)
                0x0000000000003048                onoff_request
 .text.sys_notify_validate
                0x0000000000003106       0x2e zephyr/libzephyr.a(notify.c.obj)
                0x0000000000003106                sys_notify_validate
 .text.sys_notify_finalize
                0x0000000000003134       0x1a zephyr/libzephyr.a(notify.c.obj)
                0x0000000000003134                sys_notify_finalize
 .text._ConfigAbsSyms
                0x000000000000314e        0x2 zephyr/libzephyr.a(configs.c.obj)
                0x000000000000314e                _ConfigAbsSyms
 .text.z_arm_fatal_error
                0x0000000000003150       0x12 zephyr/arch/arch/arm/core/libarch__arm__core.a(fatal.c.obj)
                0x0000000000003150                z_arm_fatal_error
 .text.z_do_kernel_oops
                0x0000000000003162        0xc zephyr/arch/arch/arm/core/libarch__arm__core.a(fatal.c.obj)
                0x0000000000003162                z_do_kernel_oops
 .text.z_arm_nmi
                0x000000000000316e        0xc zephyr/arch/arch/arm/core/libarch__arm__core.a(nmi.c.obj)
                0x000000000000316e                z_arm_nmi
 .text.memory_fault_recoverable
                0x000000000000317a        0x4 zephyr/arch/arch/arm/core/cortex_m/libarch__arm__core__cortex_m.a(fault.c.obj)
 .text.debug_monitor
                0x000000000000317e        0x6 zephyr/arch/arch/arm/core/cortex_m/libarch__arm__core__cortex_m.a(fault.c.obj)
 .text.fault_handle
                0x0000000000003184       0x46 zephyr/arch/arch/arm/core/cortex_m/libarch__arm__core__cortex_m.a(fault.c.obj)
 .text.arch_irq_enable
                0x00000000000031ca        0xa zephyr/arch/arch/arm/core/cortex_m/libarch__arm__core__cortex_m.a(irq_manage.c.obj)
                0x00000000000031ca                arch_irq_enable
 .text.z_arm_irq_priority_set
                0x00000000000031d4        0xc zephyr/arch/arch/arm/core/cortex_m/libarch__arm__core__cortex_m.a(irq_manage.c.obj)
                0x00000000000031d4                z_arm_irq_priority_set
 .text.z_irq_spurious
                0x00000000000031e0        0xc zephyr/arch/arch/arm/core/cortex_m/libarch__arm__core__cortex_m.a(irq_manage.c.obj)
                0x00000000000031e0                z_irq_spurious
 .text.arch_irq_unlock_outlined
                0x00000000000031ec        0xe zephyr/arch/arch/arm/core/cortex_m/libarch__arm__core__cortex_m.a(thread.c.obj)
                0x00000000000031ec                arch_irq_unlock_outlined
 .text.arch_cpu_idle
                0x00000000000031fa       0x1a zephyr/arch/arch/arm/core/cortex_m/libarch__arm__core__cortex_m.a(cpu_idle.c.obj)
                0x00000000000031fa                arch_cpu_idle
 .text.arch_cpu_atomic_idle
                0x0000000000003214       0x1e zephyr/arch/arch/arm/core/cortex_m/libarch__arm__core__cortex_m.a(cpu_idle.c.obj)
                0x0000000000003214                arch_cpu_atomic_idle
 .text.nrf_clock_is_running
                0x0000000000003232       0x38 zephyr/drivers/clock_control/libdrivers__clock_control.a(clock_control_nrf.c.obj)
 .text.get_sub_data
                0x000000000000326a        0xe zephyr/drivers/clock_control/libdrivers__clock_control.a(clock_control_nrf.c.obj)
 .text.get_sub_config
                0x0000000000003278        0x8 zephyr/drivers/clock_control/libdrivers__clock_control.a(clock_control_nrf.c.obj)
 .text.get_onoff_manager
                0x0000000000003280        0xc zephyr/drivers/clock_control/libdrivers__clock_control.a(clock_control_nrf.c.obj)
 .text.get_status
                0x000000000000328c       0x10 zephyr/drivers/clock_control/libdrivers__clock_control.a(clock_control_nrf.c.obj)
 .text.set_off_state
                0x000000000000329c       0x30 zephyr/drivers/clock_control/libdrivers__clock_control.a(clock_control_nrf.c.obj)
 .text.set_starting_state
                0x00000000000032cc       0x3a zephyr/drivers/clock_control/libdrivers__clock_control.a(clock_control_nrf.c.obj)
 .text.set_on_state
                0x0000000000003306       0x24 zephyr/drivers/clock_control/libdrivers__clock_control.a(clock_control_nrf.c.obj)
 .text.clkstarted_handle
                0x000000000000332a       0x24 zephyr/drivers/clock_control/libdrivers__clock_control.a(clock_control_nrf.c.obj)
 .text.stop     0x000000000000334e       0x2a zephyr/drivers/clock_control/libdrivers__clock_control.a(clock_control_nrf.c.obj)
 .text.api_stop
                0x0000000000003378        0xa zephyr/drivers/clock_control/libdrivers__clock_control.a(clock_control_nrf.c.obj)
 .text.async_start
                0x0000000000003382       0x38 zephyr/drivers/clock_control/libdrivers__clock_control.a(clock_control_nrf.c.obj)
 .text.api_start
                0x00000000000033ba       0x10 zephyr/drivers/clock_control/libdrivers__clock_control.a(clock_control_nrf.c.obj)
 .text.onoff_started_callback
                0x00000000000033ca       0x10 zephyr/drivers/clock_control/libdrivers__clock_control.a(clock_control_nrf.c.obj)
 .text.hfclk_start
                0x00000000000033da        0xa zephyr/drivers/clock_control/libdrivers__clock_control.a(clock_control_nrf.c.obj)
 .text.hfclk_stop
                0x00000000000033e4        0xa zephyr/drivers/clock_control/libdrivers__clock_control.a(clock_control_nrf.c.obj)
 .text.lfclk_stop
                0x00000000000033ee        0xa zephyr/drivers/clock_control/libdrivers__clock_control.a(clock_control_nrf.c.obj)
 .text.k_msleep
                0x00000000000033f8       0x2c zephyr/drivers/clock_control/libdrivers__clock_control.a(clock_control_nrf.c.obj)
 .text.blocking_start_callback
                0x0000000000003424        0xa zephyr/drivers/clock_control/libdrivers__clock_control.a(clock_control_nrf.c.obj)
 .text.lfclk_start
                0x000000000000342e        0xe zephyr/drivers/clock_control/libdrivers__clock_control.a(clock_control_nrf.c.obj)
 .text.__nrfy_internal_rtc_event_handle
                0x000000000000343c       0x3a zephyr/drivers/timer/libdrivers__timer.a(nrf_rtc_timer.c.obj)
 .text.__nrfy_internal_rtc_events_process
                0x0000000000003476       0x6c zephyr/drivers/timer/libdrivers__timer.a(nrf_rtc_timer.c.obj)
 .text.counter_sub
                0x00000000000034e2        0x8 zephyr/drivers/timer/libdrivers__timer.a(nrf_rtc_timer.c.obj)
 .text.event_check
                0x00000000000034ea       0x1a zephyr/drivers/timer/libdrivers__timer.a(nrf_rtc_timer.c.obj)
 .text.event_clear
                0x0000000000003504       0x18 zephyr/drivers/timer/libdrivers__timer.a(nrf_rtc_timer.c.obj)
 .text.absolute_time_to_cc
                0x000000000000351c        0x6 zephyr/drivers/timer/libdrivers__timer.a(nrf_rtc_timer.c.obj)
 .text.full_int_lock
                0x0000000000003522       0x10 zephyr/drivers/timer/libdrivers__timer.a(nrf_rtc_timer.c.obj)
 .text.full_int_unlock
                0x0000000000003532        0xa zephyr/drivers/timer/libdrivers__timer.a(nrf_rtc_timer.c.obj)
 .text.compare_set
                0x000000000000353c       0x38 zephyr/drivers/timer/libdrivers__timer.a(nrf_rtc_timer.c.obj)
 .text.nrf52_errata_12
                0x0000000000003574       0x24 modules/hal_nordic/nrfx/libmodules__hal_nordic__nrfx.a(system_nrf52.c.obj)
 .text.nrf52_errata_16
                0x0000000000003598       0x2c modules/hal_nordic/nrfx/libmodules__hal_nordic__nrfx.a(system_nrf52.c.obj)
 .text.nrf52_errata_31
                0x00000000000035c4       0x24 modules/hal_nordic/nrfx/libmodules__hal_nordic__nrfx.a(system_nrf52.c.obj)
 .text.nrf52_errata_32
                0x00000000000035e8       0x2c modules/hal_nordic/nrfx/libmodules__hal_nordic__nrfx.a(system_nrf52.c.obj)
 .text.nrf52_errata_36
                0x0000000000003614       0x24 modules/hal_nordic/nrfx/libmodules__hal_nordic__nrfx.a(system_nrf52.c.obj)
 .text.nrf52_errata_37
                0x0000000000003638       0x2c modules/hal_nordic/nrfx/libmodules__hal_nordic__nrfx.a(system_nrf52.c.obj)
 .text.nrf52_errata_57
                0x0000000000003664       0x2c modules/hal_nordic/nrfx/libmodules__hal_nordic__nrfx.a(system_nrf52.c.obj)
 .text.nrf52_errata_66
                0x0000000000003690       0x44 modules/hal_nordic/nrfx/libmodules__hal_nordic__nrfx.a(system_nrf52.c.obj)
 .text.nrf52_errata_108
                0x00000000000036d4       0x24 modules/hal_nordic/nrfx/libmodules__hal_nordic__nrfx.a(system_nrf52.c.obj)
 .text.nrf52_errata_136
                0x00000000000036f8       0x24 modules/hal_nordic/nrfx/libmodules__hal_nordic__nrfx.a(system_nrf52.c.obj)
 .text.nrf52_errata_182
                0x000000000000371c       0x28 modules/hal_nordic/nrfx/libmodules__hal_nordic__nrfx.a(system_nrf52.c.obj)
 .text.nrf52_configuration_249
                0x0000000000003744       0x28 modules/hal_nordic/nrfx/libmodules__hal_nordic__nrfx.a(system_nrf52.c.obj)
 .text.nrf52_handle_approtect
                0x000000000000376c       0x1a modules/hal_nordic/nrfx/libmodules__hal_nordic__nrfx.a(system_nrf52.c.obj)
 .text.nrfx_isr
                0x0000000000003786        0x6 modules/hal_nordic/nrfx/libmodules__hal_nordic__nrfx.a(nrfx_glue.c.obj)
                0x0000000000003786                nrfx_isr
 .text.nrfx_busy_wait
                0x000000000000378c        0x8 modules/hal_nordic/nrfx/libmodules__hal_nordic__nrfx.a(nrfx_glue.c.obj)
                0x000000000000378c                nrfx_busy_wait
 .text.nrf_clock_is_running
                0x0000000000003794       0x38 modules/hal_nordic/nrfx/libmodules__hal_nordic__nrfx.a(nrfx_clock.c.obj)
 .text.clock_initial_lfclksrc_get
                0x00000000000037cc        0x4 modules/hal_nordic/nrfx/libmodules__hal_nordic__nrfx.a(nrfx_clock.c.obj)
 .text.nrfx_power_clock_irq_init
                0x00000000000037d0       0x12 modules/hal_nordic/nrfx/libmodules__hal_nordic__nrfx.a(nrfx_clock.c.obj)
 .text.clock_lfclksrc_tweak
                0x00000000000037e2       0x2c modules/hal_nordic/nrfx/libmodules__hal_nordic__nrfx.a(nrfx_clock.c.obj)
 .text.nrfx_clock_stop
                0x000000000000380e        0x8 modules/hal_nordic/nrfx/libmodules__hal_nordic__nrfx.a(nrfx_clock.c.obj)
                0x000000000000380e                nrfx_clock_stop
 .text.z_impl_k_busy_wait
                0x0000000000003816        0xc zephyr/kernel/libkernel.a(busy_wait.c.obj)
                0x0000000000003816                z_impl_k_busy_wait
 .text.arch_system_halt
                0x0000000000003822       0x10 zephyr/kernel/libkernel.a(fatal.c.obj)
                0x0000000000003822                arch_system_halt
 .text.k_sys_fatal_error_handler
                0x0000000000003832        0x6 zephyr/kernel/libkernel.a(fatal.c.obj)
                0x0000000000003832                k_sys_fatal_error_handler
 .text.do_device_init
                0x0000000000003838       0x30 zephyr/kernel/libkernel.a(init.c.obj)
 .text.z_early_memset
                0x0000000000003868        0x8 zephyr/kernel/libkernel.a(init.c.obj)
                0x0000000000003868                z_early_memset
 .text.z_early_memcpy
                0x0000000000003870        0x8 zephyr/kernel/libkernel.a(init.c.obj)
                0x0000000000003870                z_early_memcpy
 .text.z_init_static
                0x0000000000003878        0x2 zephyr/kernel/libkernel.a(init_static.c.obj)
                0x0000000000003878                z_init_static
 .text.idle     0x000000000000387a       0x16 zephyr/kernel/libkernel.a(idle.c.obj)
                0x000000000000387a                idle
 .text.arch_spin_relax
                0x0000000000003890        0x4 zephyr/kernel/libkernel.a(idle.c.obj)
                0x0000000000003890                arch_spin_relax
 .text.setup_thread_stack
                0x0000000000003894       0x1a zephyr/kernel/libkernel.a(thread.c.obj)
 .text.k_is_in_isr
                0x00000000000038ae        0xc zephyr/kernel/libkernel.a(thread.c.obj)
                0x00000000000038ae                k_is_in_isr
 .text.z_impl_k_thread_start
                0x00000000000038ba        0x8 zephyr/kernel/libkernel.a(thread.c.obj)
                0x00000000000038ba                z_impl_k_thread_start
 .text.z_init_thread_base
                0x00000000000038c2       0x16 zephyr/kernel/libkernel.a(thread.c.obj)
                0x00000000000038c2                z_init_thread_base
 .text.thread_active_elsewhere
                0x00000000000038d8        0x4 zephyr/kernel/libkernel.a(sched.c.obj)
 .text.z_swap_irqlock
                0x00000000000038dc        0x8 zephyr/kernel/libkernel.a(sched.c.obj)
 .text.z_sched_prio_cmp
                0x00000000000038e4       0x14 zephyr/kernel/libkernel.a(sched.c.obj)
                0x00000000000038e4                z_sched_prio_cmp
 .text.unpend_all
                0x00000000000038f8       0x46 zephyr/kernel/libkernel.a(sched.c.obj)
 .text.add_to_waitq_locked
                0x000000000000393e       0x56 zephyr/kernel/libkernel.a(sched.c.obj)
 .text.pend_locked
                0x0000000000003994       0x18 zephyr/kernel/libkernel.a(sched.c.obj)
 .text.z_ready_thread
                0x00000000000039ac       0x36 zephyr/kernel/libkernel.a(sched.c.obj)
                0x00000000000039ac                z_ready_thread
 .text.z_impl_k_thread_suspend
                0x00000000000039e2       0x34 zephyr/kernel/libkernel.a(sched.c.obj)
                0x00000000000039e2                z_impl_k_thread_suspend
 .text.z_sched_wake_thread
                0x0000000000003a16       0x64 zephyr/kernel/libkernel.a(sched.c.obj)
                0x0000000000003a16                z_sched_wake_thread
 .text.z_thread_timeout
                0x0000000000003a7a        0xc zephyr/kernel/libkernel.a(sched.c.obj)
                0x0000000000003a7a                z_thread_timeout
 .text.z_unpend_first_thread
                0x0000000000003a86       0x56 zephyr/kernel/libkernel.a(sched.c.obj)
                0x0000000000003a86                z_unpend_first_thread
 .text.z_reschedule_unlocked
                0x0000000000003adc       0x16 zephyr/kernel/libkernel.a(sched.c.obj)
 .text.init_ready_q
                0x0000000000003af2        0x8 zephyr/kernel/libkernel.a(sched.c.obj)
                0x0000000000003af2                init_ready_q
 .text.z_thread_abort
                0x0000000000003afa       0x4c zephyr/kernel/libkernel.a(sched.c.obj)
                0x0000000000003afa                z_thread_abort
 .text.remove_timeout
                0x0000000000003b46       0x2e zephyr/kernel/libkernel.a(timeout.c.obj)
 .text.next_timeout
                0x0000000000003b74       0x3a zephyr/kernel/libkernel.a(timeout.c.obj)
 .text.z_abort_timeout
                0x0000000000003bae       0x3a zephyr/kernel/libkernel.a(timeout.c.obj)
                0x0000000000003bae                z_abort_timeout
 .text.sys_clock_tick_get_32
                0x0000000000003be8        0x8 zephyr/kernel/libkernel.a(timeout.c.obj)
                0x0000000000003be8                sys_clock_tick_get_32
 .text.memcpy   0x0000000000003bf0       0x1c /home/ams/ncs/toolchains/b77d8c1312/opt/zephyr-sdk/arm-zephyr-eabi/bin/../lib/gcc/../../picolibc/arm-zephyr-eabi/lib/thumb/v7e-m/nofp/libc.a(memcpy.c.o)
                0x0000000000003bf0                memcpy
                0x0000000000003bf0                __aeabi_memcpy
                0x0000000000003bf0                __aeabi_memcpy4
                0x0000000000003bf0                __aeabi_memcpy8
 .text.memset   0x0000000000003c0c       0x10 /home/ams/ncs/toolchains/b77d8c1312/opt/zephyr-sdk/arm-zephyr-eabi/bin/../lib/gcc/../../picolibc/arm-zephyr-eabi/lib/thumb/v7e-m/nofp/libc.a(memset.c.o)
                0x0000000000003c0c                memset
 .text.strncpy  0x0000000000003c1c       0x20 /home/ams/ncs/toolchains/b77d8c1312/opt/zephyr-sdk/arm-zephyr-eabi/bin/../lib/gcc/../../picolibc/arm-zephyr-eabi/lib/thumb/v7e-m/nofp/libc.a(libc_string_strncpy.c.o)
                0x0000000000003c1c                strncpy
 .text.strnlen  0x0000000000003c3c       0x18 /home/ams/ncs/toolchains/b77d8c1312/opt/zephyr-sdk/arm-zephyr-eabi/bin/../lib/gcc/../../picolibc/arm-zephyr-eabi/lib/thumb/v7e-m/nofp/libc.a(libc_string_strnlen.c.o)
                0x0000000000003c3c                strnlen
 .text.__ultoa_invert
                0x0000000000003c54       0xae /home/ams/ncs/toolchains/b77d8c1312/opt/zephyr-sdk/arm-zephyr-eabi/bin/../lib/gcc/../../picolibc/arm-zephyr-eabi/lib/thumb/v7e-m/nofp/libc.a(libc_tinystdio_vflprintf.c.o)
 *(SORT_BY_ALIGNMENT(.TEXT.*))
 *fill*         0x0000000000003d02        0x2 
 .TEXT.__aeabi_read_tp
                0x0000000000003d04        0xc zephyr/arch/arch/arm/core/cortex_m/libarch__arm__core__cortex_m.a(__aeabi_read_tp.S.obj)
                0x0000000000003d04                __aeabi_read_tp
 *(SORT_BY_ALIGNMENT(.gnu.linkonce.t.*))
 *(SORT_BY_ALIGNMENT(.glue_7t))
 .glue_7t       0x0000000000003d10        0x0 linker stubs
 *(SORT_BY_ALIGNMENT(.glue_7))
 .glue_7        0x0000000000003d10        0x0 linker stubs
 *(SORT_BY_ALIGNMENT(.vfp11_veneer))
 .vfp11_veneer  0x0000000000003d10        0x0 linker stubs
 *(SORT_BY_ALIGNMENT(.v4_bx))
 .v4_bx         0x0000000000003d10        0x0 linker stubs
                0x0000000000003d10                . = ALIGN (0x4)
                0x0000000000003d10                __text_region_end = .

.ARM.exidx      0x0000000000003d10        0x8
                0x0000000000003d10                __exidx_start = .
 *(SORT_BY_ALIGNMENT(.ARM.exidx*) SORT_BY_ALIGNMENT(gnu.linkonce.armexidx.*))
 .ARM.exidx     0x0000000000003d10        0x8 /home/ams/ncs/toolchains/b77d8c1312/opt/zephyr-sdk/arm-zephyr-eabi/bin/../lib/gcc/arm-zephyr-eabi/12.2.0/thumb/v7e-m/nofp/libgcc.a(_udivmoddi4.o)
                0x0000000000003d18                __exidx_end = .
                0x0000000000003d18                __rodata_region_start = .

initlevel       0x0000000000003d18       0x20
                0x0000000000003d18                __init_start = .
                0x0000000000003d18                __init_EARLY_start = .
 *(SORT_BY_NAME(SORT_BY_ALIGNMENT(.z_init_EARLY?_*)))
 *(SORT_BY_NAME(SORT_BY_ALIGNMENT(.z_init_EARLY??_*)))
                0x0000000000003d18                __init_PRE_KERNEL_1_start = .
 *(SORT_BY_NAME(SORT_BY_ALIGNMENT(.z_init_PRE_KERNEL_1?_*)))
 .z_init_PRE_KERNEL_10_0_
                0x0000000000003d18        0x8 zephyr/soc/soc/nrf52832/libsoc__nordic.a(soc.c.obj)
 *(SORT_BY_NAME(SORT_BY_ALIGNMENT(.z_init_PRE_KERNEL_1??_*)))
 .z_init_PRE_KERNEL_130_00015_
                0x0000000000003d20        0x8 zephyr/drivers/clock_control/libdrivers__clock_control.a(clock_control_nrf.c.obj)
                0x0000000000003d28                __init_PRE_KERNEL_2_start = .
 *(SORT_BY_NAME(SORT_BY_ALIGNMENT(.z_init_PRE_KERNEL_2?_*)))
 .z_init_PRE_KERNEL_20_0_
                0x0000000000003d28        0x8 zephyr/drivers/timer/libdrivers__timer.a(nrf_rtc_timer.c.obj)
 *(SORT_BY_NAME(SORT_BY_ALIGNMENT(.z_init_PRE_KERNEL_2??_*)))
                0x0000000000003d30                __init_POST_KERNEL_start = .
 *(SORT_BY_NAME(SORT_BY_ALIGNMENT(.z_init_POST_KERNEL?_*)))
 *(SORT_BY_NAME(SORT_BY_ALIGNMENT(.z_init_POST_KERNEL??_*)))
 .z_init_POST_KERNEL35_0_
                0x0000000000003d30        0x8 zephyr/lib/libc/common/liblib__libc__common.a(malloc.c.obj)
                0x0000000000003d38                __init_APPLICATION_start = .
 *(SORT_BY_NAME(SORT_BY_ALIGNMENT(.z_init_APPLICATION?_*)))
 *(SORT_BY_NAME(SORT_BY_ALIGNMENT(.z_init_APPLICATION??_*)))
                0x0000000000003d38                __init_SMP_start = .
 *(SORT_BY_NAME(SORT_BY_ALIGNMENT(.z_init_SMP?_*)))
 *(SORT_BY_NAME(SORT_BY_ALIGNMENT(.z_init_SMP??_*)))
                0x0000000000003d38                __init_end = .
                0x0000000000003d38                __deferred_init_list_start = .
 *(SORT_BY_ALIGNMENT(.z_deferred_init*))
                0x0000000000003d38                __deferred_init_list_end = .

device_area     0x0000000000003d38       0x14
                0x0000000000003d38                _device_list_start = .
 *(SORT_BY_NAME(SORT_BY_ALIGNMENT(._device.static.*_?_*)))
 *(SORT_BY_NAME(SORT_BY_ALIGNMENT(._device.static.*_??_*)))
 ._device.static.1_30_
                0x0000000000003d38       0x14 zephyr/drivers/clock_control/libdrivers__clock_control.a(clock_control_nrf.c.obj)
                0x0000000000003d38                __device_dts_ord_15
                0x0000000000003d4c                _device_list_end = .

sw_isr_table    0x0000000000003d4c      0x138
                0x0000000000003d4c                . = ALIGN (0x4)
 *(SORT_BY_ALIGNMENT(.gnu.linkonce.sw_isr_table*))
 .gnu.linkonce.sw_isr_table
                0x0000000000003d4c      0x138 zephyr/CMakeFiles/zephyr_final.dir/isr_tables.c.obj
                0x0000000000003d4c                _sw_isr_table

initlevel_error
                0x0000000000003d18        0x0
 *(SORT_BY_NAME(SORT_BY_ALIGNMENT(.z_init_[_A-Z0-9]*)))
                0x0000000000000001                ASSERT ((SIZEOF (initlevel_error) == 0x0), Undefined initialization levels used.)

app_shmem_regions
                0x0000000000003e84        0x0
                0x0000000000003e84                __app_shmem_regions_start = .
 *(SORT_BY_NAME(SORT_BY_ALIGNMENT(.app_regions.*)))
                0x0000000000003e84                __app_shmem_regions_end = .

k_p4wq_initparam_area
                0x0000000000003e84        0x0
                0x0000000000003e84                _k_p4wq_initparam_list_start = .
 *(SORT_BY_NAME(SORT_BY_ALIGNMENT(._k_p4wq_initparam.static.*)))
                0x0000000000003e84                _k_p4wq_initparam_list_end = .

_static_thread_data_area
                0x0000000000003e84        0x0
                0x0000000000003e84                __static_thread_data_list_start = .
 *(SORT_BY_NAME(SORT_BY_ALIGNMENT(.__static_thread_data.static.*)))
                0x0000000000003e84                __static_thread_data_list_end = .

device_deps     0x0000000000003e84        0x0
                0x0000000000003e84                __device_deps_start = .
 *(SORT_BY_NAME(SORT_BY_ALIGNMENT(.__device_deps_pass2*)))
                0x0000000000003e84                __device_deps_end = .

ztest           0x0000000000003e84        0x0
                0x0000000000003e84                _ztest_expected_result_entry_list_start = .
 *(SORT_BY_NAME(SORT_BY_ALIGNMENT(._ztest_expected_result_entry.static.*)))
                0x0000000000003e84                _ztest_expected_result_entry_list_end = .
                0x0000000000003e84                _ztest_suite_node_list_start = .
 *(SORT_BY_NAME(SORT_BY_ALIGNMENT(._ztest_suite_node.static.*)))
                0x0000000000003e84                _ztest_suite_node_list_end = .
                0x0000000000003e84                _ztest_unit_test_list_start = .
 *(SORT_BY_NAME(SORT_BY_ALIGNMENT(._ztest_unit_test.static.*)))
                0x0000000000003e84                _ztest_unit_test_list_end = .
                0x0000000000003e84                _ztest_test_rule_list_start = .
 *(SORT_BY_NAME(SORT_BY_ALIGNMENT(._ztest_test_rule.static.*)))
                0x0000000000003e84                _ztest_test_rule_list_end = .

init_array      0x0000000000003e84        0x0
 *(SORT_BY_NAME(SORT_BY_ALIGNMENT(.ctors*)))
 *(SORT_BY_NAME(SORT_BY_ALIGNMENT(.init_array*)))
                0x0000000000000001                ASSERT ((SIZEOF (init_array) == 0x0), GNU-style constructors required but STATIC_INIT_GNU not enabled)

bt_l2cap_fixed_chan_area
                0x0000000000003e84        0x0
                0x0000000000003e84                _bt_l2cap_fixed_chan_list_start = .
 *(SORT_BY_NAME(SORT_BY_ALIGNMENT(._bt_l2cap_fixed_chan.static.*)))
                0x0000000000003e84                _bt_l2cap_fixed_chan_list_end = .

bt_gatt_service_static_area
                0x0000000000003e84        0x0
                0x0000000000003e84                _bt_gatt_service_static_list_start = .
 *(SORT_BY_NAME(SORT_BY_ALIGNMENT(._bt_gatt_service_static.static.*)))
                0x0000000000003e84                _bt_gatt_service_static_list_end = .

log_strings_area
                0x0000000000003e84        0x0
                0x0000000000003e84                _log_strings_list_start = .
 *(SORT_BY_NAME(SORT_BY_ALIGNMENT(._log_strings.static.*)))
                0x0000000000003e84                _log_strings_list_end = .

log_const_area  0x0000000000003e84        0x0
                0x0000000000003e84                _log_const_list_start = .
 *(SORT_BY_NAME(SORT_BY_ALIGNMENT(._log_const.static.*)))
                0x0000000000003e84                _log_const_list_end = .

log_backend_area
                0x0000000000003e84        0x0
                0x0000000000003e84                _log_backend_list_start = .
 *(SORT_BY_NAME(SORT_BY_ALIGNMENT(._log_backend.static.*)))
                0x0000000000003e84                _log_backend_list_end = .

log_link_area   0x0000000000003e84        0x0
                0x0000000000003e84                _log_link_list_start = .
 *(SORT_BY_NAME(SORT_BY_ALIGNMENT(._log_link.static.*)))
                0x0000000000003e84                _log_link_list_end = .

tracing_backend_area
                0x0000000000003e84        0x0
                0x0000000000003e84                _tracing_backend_list_start = .
 *(SORT_BY_NAME(SORT_BY_ALIGNMENT(._tracing_backend.static.*)))
                0x0000000000003e84                _tracing_backend_list_end = .

zephyr_dbg_info
                0x0000000000003e84       0x44
 *(SORT_BY_ALIGNMENT(.dbg_thread_info))
 .dbg_thread_info
                0x0000000000003e84       0x44 zephyr/libzephyr.a(thread_info.c.obj)
                0x0000000000003e84                _kernel_openocd_size_t_size
                0x0000000000003e84                _kernel_thread_info_size_t_size
                0x0000000000003e88                _kernel_thread_info_num_offsets
                0x0000000000003e88                _kernel_openocd_num_offsets
                0x0000000000003e8c                _kernel_thread_info_offsets
                0x0000000000003e8c                _kernel_openocd_offsets

intc_table_area
                0x0000000000003ec8        0x0
                0x0000000000003ec8                _intc_table_list_start = .
 *(SORT_BY_NAME(SORT_BY_ALIGNMENT(._intc_table.static.*)))
                0x0000000000003ec8                _intc_table_list_end = .

symbol_to_keep  0x0000000000003ec8        0x0
                0x0000000000003ec8                __symbol_to_keep_start = .
 *(SORT_BY_NAME(SORT_BY_ALIGNMENT(.symbol_to_keep*)))
                0x0000000000003ec8                __symbol_to_keep_end = .

shell_area      0x0000000000003ec8        0x0
                0x0000000000003ec8                _shell_list_start = .
 *(SORT_BY_NAME(SORT_BY_ALIGNMENT(._shell.static.*)))
                0x0000000000003ec8                _shell_list_end = .

shell_root_cmds_area
                0x0000000000003ec8        0x0
                0x0000000000003ec8                _shell_root_cmds_list_start = .
 *(SORT_BY_NAME(SORT_BY_ALIGNMENT(._shell_root_cmds.static.*)))
                0x0000000000003ec8                _shell_root_cmds_list_end = .

shell_subcmds_area
                0x0000000000003ec8        0x0
                0x0000000000003ec8                _shell_subcmds_list_start = .
 *(SORT_BY_NAME(SORT_BY_ALIGNMENT(._shell_subcmds.static.*)))
                0x0000000000003ec8                _shell_subcmds_list_end = .

shell_dynamic_subcmds_area
                0x0000000000003ec8        0x0
                0x0000000000003ec8                _shell_dynamic_subcmds_list_start = .
 *(SORT_BY_NAME(SORT_BY_ALIGNMENT(._shell_dynamic_subcmds.static.*)))
                0x0000000000003ec8                _shell_dynamic_subcmds_list_end = .

cfb_font_area   0x0000000000003ec8        0x0
                0x0000000000003ec8                _cfb_font_list_start = .
 *(SORT_BY_NAME(SORT_BY_ALIGNMENT(._cfb_font.static.*)))
                0x0000000000003ec8                _cfb_font_list_end = .

tdata           0x0000000000003ec8        0x0
 *(SORT_BY_ALIGNMENT(.tdata) SORT_BY_ALIGNMENT(.tdata.*) SORT_BY_ALIGNMENT(.gnu.linkonce.td.*))

tbss            0x0000000000003ec8        0x4
 *(SORT_BY_ALIGNMENT(.tbss) SORT_BY_ALIGNMENT(.tbss.*) SORT_BY_ALIGNMENT(.gnu.linkonce.tb.*) SORT_BY_ALIGNMENT(.tcommon))
 .tbss.z_tls_current
                0x0000000000003ec8        0x4 zephyr/libzephyr.a(thread_entry.c.obj)
                0x0000000000003ec8                z_tls_current
                0x0000000000003ec8                PROVIDE (__tdata_start = LOADADDR (tdata))
                0x0000000000000001                PROVIDE (__tdata_align = ALIGNOF (tdata))
                0x0000000000000000                PROVIDE (__tdata_size = (((SIZEOF (tdata) + __tdata_align) - 0x1) & ~ ((__tdata_align - 0x1))))
                [!provide]                        PROVIDE (__tdata_end = (__tdata_start + __tdata_size))
                0x0000000000000004                PROVIDE (__tbss_align = ALIGNOF (tbss))
                [!provide]                        PROVIDE (__tbss_start = ADDR (tbss))
                0x0000000000000004                PROVIDE (__tbss_size = (((SIZEOF (tbss) + __tbss_align) - 0x1) & ~ ((__tbss_align - 0x1))))
                [!provide]                        PROVIDE (__tbss_end = (__tbss_start + __tbss_size))
                [!provide]                        PROVIDE (__tls_start = __tdata_start)
                [!provide]                        PROVIDE (__tls_end = __tbss_end)
                [!provide]                        PROVIDE (__tls_size = (__tbss_end - __tdata_start))

rodata          0x0000000000003ed0       0xf0
 *(SORT_BY_ALIGNMENT(.rodata))
 *(SORT_BY_ALIGNMENT(.rodata.*))
 .rodata.delay_machine_code.0
                0x0000000000003ed0        0x6 zephyr/soc/soc/nrf52832/libsoc__nordic.a(soc.c.obj)
 *fill*         0x0000000000003ed6        0x2 
 .rodata.boot_banner.str1.4
                0x0000000000003ed8       0x66 zephyr/libzephyr.a(banner.c.obj)
 *fill*         0x0000000000003f3e        0x2 
 .rodata.transitions.0
                0x0000000000003f40        0xc zephyr/drivers/clock_control/libdrivers__clock_control.a(clock_control_nrf.c.obj)
 .rodata.str1.4
                0x0000000000003f4c        0xf zephyr/drivers/clock_control/libdrivers__clock_control.a(clock_control_nrf.c.obj)
 *fill*         0x0000000000003f5b        0x1 
 .rodata.config
                0x0000000000003f5c       0x10 zephyr/drivers/clock_control/libdrivers__clock_control.a(clock_control_nrf.c.obj)
 .rodata.clock_control_api
                0x0000000000003f6c       0x1c zephyr/drivers/clock_control/libdrivers__clock_control.a(clock_control_nrf.c.obj)
 .rodata.init_idle_thread.str1.4
                0x0000000000003f88        0x5 zephyr/kernel/libkernel.a(init.c.obj)
 *fill*         0x0000000000003f8d        0x3 
 .rodata.prepare_multithreading.str1.4
                0x0000000000003f90        0x5 zephyr/kernel/libkernel.a(init.c.obj)
 *fill*         0x0000000000003f95        0x3 
 .rodata.levels.0
                0x0000000000003f98       0x18 zephyr/kernel/libkernel.a(init.c.obj)
 .rodata.__l_vfprintf.str1.1
                0x0000000000003fb0        0xf /home/ams/ncs/toolchains/b77d8c1312/opt/zephyr-sdk/arm-zephyr-eabi/bin/../lib/gcc/../../picolibc/arm-zephyr-eabi/lib/thumb/v7e-m/nofp/libc.a(libc_tinystdio_vflprintf.c.o)
 *(SORT_BY_ALIGNMENT(.gnu.linkonce.r.*))
                0x0000000000003fc0                . = ALIGN (0x4)
 *fill*         0x0000000000003fbf        0x1 
                0x0000000000003fc0                __rodata_region_end = .
                0x0000000000003fc0                . = ALIGN (_region_min_align)
                0x0000000000003fc0                __rom_region_end = ((__rom_region_start + .) - ADDR (rom_start))

/DISCARD/
 *(SORT_BY_ALIGNMENT(.got.plt))
 *(SORT_BY_ALIGNMENT(.igot.plt))
 *(SORT_BY_ALIGNMENT(.got))
 *(SORT_BY_ALIGNMENT(.igot))
                0x0000000020000000                . = 0x20000000
                0x0000000020000000                . = ALIGN (_region_min_align)
                0x0000000020000000                _image_ram_start = .

.ramfunc        0x0000000020000000        0x0 load address 0x0000000000003fc0
                0x0000000020000000                . = ALIGN (_region_min_align)
                0x0000000020000000                __ramfunc_start = .
 *(SORT_BY_ALIGNMENT(.ramfunc))
 *(SORT_BY_ALIGNMENT(.ramfunc.*))
                0x0000000020000000                . = ALIGN (_region_min_align)
                0x0000000020000000                __ramfunc_end = .
                0x0000000000000000                __ramfunc_size = (__ramfunc_end - __ramfunc_start)
                0x0000000000003fc0                __ramfunc_load_start = LOADADDR (.ramfunc)

datas           0x0000000020000000        0xc load address 0x0000000000003fc0
                0x0000000020000000                __data_region_start = .
                0x0000000020000000                __data_start = .
 *(SORT_BY_ALIGNMENT(.data))
 *(SORT_BY_ALIGNMENT(.data.*))
 .data._char_out
                0x0000000020000000        0x4 zephyr/libzephyr.a(printk.c.obj)
 .data.timeout_list
                0x0000000020000004        0x8 zephyr/kernel/libkernel.a(timeout.c.obj)
 *(SORT_BY_ALIGNMENT(.kernel.*))
                0x000000002000000c                __data_end = .
                0x000000000000000c                __data_size = (__data_end - __data_start)
                0x0000000000003fc0                __data_load_start = LOADADDR (datas)
                0x0000000000003fc0                __data_region_load_start = LOADADDR (datas)

device_states   0x000000002000000c        0x2 load address 0x0000000000003fcc
                0x000000002000000c                __device_states_start = .
 *(SORT_BY_ALIGNMENT(.z_devstate))
 .z_devstate    0x000000002000000c        0x2 zephyr/drivers/clock_control/libdrivers__clock_control.a(clock_control_nrf.c.obj)
 *(SORT_BY_ALIGNMENT(.z_devstate.*))
                0x000000002000000e                __device_states_end = .

log_mpsc_pbuf_area
                0x000000002000000e        0x0 load address 0x0000000000003fce
                0x000000002000000e                _log_mpsc_pbuf_list_start = .
 *(SORT_BY_NAME(SORT_BY_ALIGNMENT(._log_mpsc_pbuf.static.*)))
                0x000000002000000e                _log_mpsc_pbuf_list_end = .

log_msg_ptr_area
                0x000000002000000e        0x0 load address 0x0000000000003fce
                0x000000002000000e                _log_msg_ptr_list_start = .
 *(SORT_BY_NAME(SORT_BY_ALIGNMENT(._log_msg_ptr.static.*)))
                0x000000002000000e                _log_msg_ptr_list_end = .

log_dynamic_area
                0x000000002000000e        0x0 load address 0x0000000000003fce
                0x000000002000000e                _log_dynamic_list_start = .
 *(SORT_BY_NAME(SORT_BY_ALIGNMENT(._log_dynamic.static.*)))
                0x000000002000000e                _log_dynamic_list_end = .

k_timer_area    0x000000002000000e        0x0 load address 0x0000000000003fce
                0x000000002000000e                _k_timer_list_start = .
 *(SORT_BY_NAME(SORT_BY_ALIGNMENT(._k_timer.static.*)))
                0x000000002000000e                _k_timer_list_end = .

k_mem_slab_area
                0x000000002000000e        0x0 load address 0x0000000000003fce
                0x000000002000000e                _k_mem_slab_list_start = .
 *(SORT_BY_NAME(SORT_BY_ALIGNMENT(._k_mem_slab.static.*)))
                0x000000002000000e                _k_mem_slab_list_end = .

k_heap_area     0x000000002000000e        0x0 load address 0x0000000000003fce
                0x000000002000000e                _k_heap_list_start = .
 *(SORT_BY_NAME(SORT_BY_ALIGNMENT(._k_heap.static.*)))
                0x000000002000000e                _k_heap_list_end = .

k_mutex_area    0x000000002000000e        0x0 load address 0x0000000000003fce
                0x000000002000000e                _k_mutex_list_start = .
 *(SORT_BY_NAME(SORT_BY_ALIGNMENT(._k_mutex.static.*)))
                0x000000002000000e                _k_mutex_list_end = .

k_stack_area    0x000000002000000e        0x0 load address 0x0000000000003fce
                0x000000002000000e                _k_stack_list_start = .
 *(SORT_BY_NAME(SORT_BY_ALIGNMENT(._k_stack.static.*)))
                0x000000002000000e                _k_stack_list_end = .

k_msgq_area     0x000000002000000e        0x0 load address 0x0000000000003fce
                0x000000002000000e                _k_msgq_list_start = .
 *(SORT_BY_NAME(SORT_BY_ALIGNMENT(._k_msgq.static.*)))
                0x000000002000000e                _k_msgq_list_end = .

k_mbox_area     0x000000002000000e        0x0 load address 0x0000000000003fce
                0x000000002000000e                _k_mbox_list_start = .
 *(SORT_BY_NAME(SORT_BY_ALIGNMENT(._k_mbox.static.*)))
                0x000000002000000e                _k_mbox_list_end = .

k_pipe_area     0x000000002000000e        0x0 load address 0x0000000000003fce
                0x000000002000000e                _k_pipe_list_start = .
 *(SORT_BY_NAME(SORT_BY_ALIGNMENT(._k_pipe.static.*)))
                0x000000002000000e                _k_pipe_list_end = .

k_sem_area      0x000000002000000e        0x0 load address 0x0000000000003fce
                0x000000002000000e                _k_sem_list_start = .
 *(SORT_BY_NAME(SORT_BY_ALIGNMENT(._k_sem.static.*)))
                0x000000002000000e                _k_sem_list_end = .

k_event_area    0x000000002000000e        0x0 load address 0x0000000000003fce
                0x000000002000000e                _k_event_list_start = .
 *(SORT_BY_NAME(SORT_BY_ALIGNMENT(._k_event.static.*)))
                0x000000002000000e                _k_event_list_end = .

k_queue_area    0x000000002000000e        0x0 load address 0x0000000000003fce
                0x000000002000000e                _k_queue_list_start = .
 *(SORT_BY_NAME(SORT_BY_ALIGNMENT(._k_queue.static.*)))
                0x000000002000000e                _k_queue_list_end = .

k_fifo_area     0x000000002000000e        0x0 load address 0x0000000000003fce
                0x000000002000000e                _k_fifo_list_start = .
 *(SORT_BY_NAME(SORT_BY_ALIGNMENT(._k_fifo.static.*)))
                0x000000002000000e                _k_fifo_list_end = .

k_lifo_area     0x000000002000000e        0x0 load address 0x0000000000003fce
                0x000000002000000e                _k_lifo_list_start = .
 *(SORT_BY_NAME(SORT_BY_ALIGNMENT(._k_lifo.static.*)))
                0x000000002000000e                _k_lifo_list_end = .

k_condvar_area  0x000000002000000e        0x0 load address 0x0000000000003fce
                0x000000002000000e                _k_condvar_list_start = .
 *(SORT_BY_NAME(SORT_BY_ALIGNMENT(._k_condvar.static.*)))
                0x000000002000000e                _k_condvar_list_end = .

sys_mem_blocks_ptr_area
                0x000000002000000e        0x0 load address 0x0000000000003fce
                0x000000002000000e                _sys_mem_blocks_ptr_list_start = .
 *(SORT_BY_NAME(SORT_BY_ALIGNMENT(._sys_mem_blocks_ptr.static.*)))
                0x000000002000000e                _sys_mem_blocks_ptr_list_end = .

net_buf_pool_area
                0x000000002000000e        0x0 load address 0x0000000000003fce
                0x000000002000000e                _net_buf_pool_list_start = .
 *(SORT_BY_NAME(SORT_BY_ALIGNMENT(._net_buf_pool.static.*)))
                0x000000002000000e                _net_buf_pool_list_end = .
                0x000000002000000e                __data_region_end = .

bss             0x0000000020000010      0x2ff
                0x0000000020000010                . = ALIGN (0x4)
                0x0000000020000010                __bss_start = .
                0x0000000020000010                __kernel_ram_start = .
 *(SORT_BY_ALIGNMENT(.bss))
 *(SORT_BY_ALIGNMENT(.bss.*))
 .bss.cc_data   0x0000000020000010       0x10 zephyr/drivers/timer/libdrivers__timer.a(nrf_rtc_timer.c.obj)
 .bss.last_count
                0x0000000020000020        0x8 zephyr/drivers/timer/libdrivers__timer.a(nrf_rtc_timer.c.obj)
 .bss.anchor    0x0000000020000028        0x8 zephyr/drivers/timer/libdrivers__timer.a(nrf_rtc_timer.c.obj)
 .bss.z_idle_threads
                0x0000000020000030       0xa8 zephyr/kernel/libkernel.a(init.c.obj)
                0x0000000020000030                z_idle_threads
 .bss.z_main_thread
                0x00000000200000d8       0xa8 zephyr/kernel/libkernel.a(init.c.obj)
                0x00000000200000d8                z_main_thread
 .bss._thread_dummy
                0x0000000020000180       0xa8 zephyr/kernel/libkernel.a(sched.c.obj)
                0x0000000020000180                _thread_dummy
 .bss.slice_timeouts
                0x0000000020000228       0x18 zephyr/kernel/libkernel.a(timeslicing.c.obj)
 .bss.curr_tick
                0x0000000020000240        0x8 zephyr/kernel/libkernel.a(timeout.c.obj)
 .bss.z_arm_tls_ptr
                0x0000000020000248        0x4 zephyr/arch/arch/arm/core/libarch__arm__core.a(tls.c.obj)
                0x0000000020000248                z_arm_tls_ptr
 .bss.z_malloc_heap
                0x000000002000024c        0xc zephyr/lib/libc/common/liblib__libc__common.a(malloc.c.obj)
 .bss.cli.2     0x0000000020000258       0x10 zephyr/drivers/clock_control/libdrivers__clock_control.a(clock_control_nrf.c.obj)
 .bss.on.3      0x0000000020000268        0x4 zephyr/drivers/clock_control/libdrivers__clock_control.a(clock_control_nrf.c.obj)
 .bss.data      0x000000002000026c       0x50 zephyr/drivers/clock_control/libdrivers__clock_control.a(clock_control_nrf.c.obj)
 .bss.hfclk_users
                0x00000000200002bc        0x4 zephyr/drivers/clock_control/libdrivers__clock_control.a(clock_control_nrf.c.obj)
 .bss.force_isr_mask
                0x00000000200002c0        0x4 zephyr/drivers/timer/libdrivers__timer.a(nrf_rtc_timer.c.obj)
 .bss.int_mask  0x00000000200002c4        0x4 zephyr/drivers/timer/libdrivers__timer.a(nrf_rtc_timer.c.obj)
 .bss.overflow_cnt
                0x00000000200002c8        0x4 zephyr/drivers/timer/libdrivers__timer.a(nrf_rtc_timer.c.obj)
 .bss.m_clock_cb
                0x00000000200002cc        0x8 modules/hal_nordic/nrfx/libmodules__hal_nordic__nrfx.a(nrfx_clock.c.obj)
 .bss._kernel   0x00000000200002d4       0x24 zephyr/kernel/libkernel.a(init.c.obj)
                0x00000000200002d4                _kernel
 .bss.lock      0x00000000200002f8        0x0 zephyr/kernel/libkernel.a(sem.c.obj)
 .bss._sched_spinlock
                0x00000000200002f8        0x0 zephyr/kernel/libkernel.a(sched.c.obj)
                0x00000000200002f8                _sched_spinlock
 .bss.pending_current
                0x00000000200002f8        0x4 zephyr/kernel/libkernel.a(timeslicing.c.obj)
                0x00000000200002f8                pending_current
 .bss.slice_expired
                0x00000000200002fc        0x1 zephyr/kernel/libkernel.a(timeslicing.c.obj)
 *fill*         0x00000000200002fd        0x3 
 .bss.slice_max_prio
                0x0000000020000300        0x4 zephyr/kernel/libkernel.a(timeslicing.c.obj)
 .bss.slice_ticks
                0x0000000020000304        0x4 zephyr/kernel/libkernel.a(timeslicing.c.obj)
 .bss.announce_remaining
                0x0000000020000308        0x4 zephyr/kernel/libkernel.a(timeout.c.obj)
 .bss.once.1    0x000000002000030c        0x1 zephyr/drivers/clock_control/libdrivers__clock_control.a(clock_control_nrf.c.obj)
 .bss.sys_busy  0x000000002000030d        0x1 zephyr/drivers/timer/libdrivers__timer.a(nrf_rtc_timer.c.obj)
 .bss.z_sys_post_kernel
                0x000000002000030e        0x1 zephyr/kernel/libkernel.a(init.c.obj)
                0x000000002000030e                z_sys_post_kernel
 *(SORT_BY_ALIGNMENT(COMMON))
 *(SORT_BY_ALIGNMENT(.kernel_bss.*))
                0x0000000020000310                __bss_end = ALIGN (0x4)

noinit          0x0000000020000310      0xd40
 *(SORT_BY_ALIGNMENT(.noinit))
 *(SORT_BY_ALIGNMENT(.noinit.*))
 .noinit."WEST_TOPDIR/zephyr/kernel/init.c".2
                0x0000000020000310      0x800 zephyr/kernel/libkernel.a(init.c.obj)
                0x0000000020000310                z_interrupt_stacks
 .noinit."WEST_TOPDIR/zephyr/kernel/init.c".1
                0x0000000020000b10      0x140 zephyr/kernel/libkernel.a(init.c.obj)
 .noinit."WEST_TOPDIR/zephyr/kernel/init.c".0
                0x0000000020000c50      0x400 zephyr/kernel/libkernel.a(init.c.obj)
                0x0000000020000c50                z_main_stack
 *(SORT_BY_ALIGNMENT(.kernel_noinit.*))
                0x0000000020010000                __kernel_ram_end = 0x20010000
                0x000000000000fff0                __kernel_ram_size = (__kernel_ram_end - __kernel_ram_start)
                0x00000000000014e8                PROVIDE (soc_reset_hook = SystemInit)

/DISCARD/
 *(SORT_BY_ALIGNMENT(.irq_info*))
 *(SORT_BY_ALIGNMENT(.intList*))

.last_ram_section
                0x0000000020001050        0x0
                0x0000000020001050                _image_ram_end = .
                0x0000000000001050                _image_ram_size = (_image_ram_end - _image_ram_start)
                0x0000000020001050                _end = .
                0x0000000020001050                z_mapped_end = .

.stab
 *(SORT_BY_ALIGNMENT(.stab))

.stabstr
 *(SORT_BY_ALIGNMENT(.stabstr))

.stab.excl
 *(SORT_BY_ALIGNMENT(.stab.excl))

.stab.exclstr
 *(SORT_BY_ALIGNMENT(.stab.exclstr))

.stab.index
 *(SORT_BY_ALIGNMENT(.stab.index))

.stab.indexstr
 *(SORT_BY_ALIGNMENT(.stab.indexstr))

.gnu.build.attributes
 *(SORT_BY_ALIGNMENT(.gnu.build.attributes) SORT_BY_ALIGNMENT(.gnu.build.attributes.*))

.comment        0x0000000000000000       0x20
 *(SORT_BY_ALIGNMENT(.comment))
 .comment       0x0000000000000000       0x20 zephyr/CMakeFiles/zephyr_final.dir/isr_tables.c.obj
                                         0x21 (size before relaxing)
 .comment       0x0000000000000020       0x21 zephyr/CMakeFiles/offsets.dir/./arch/arm/core/offsets/offsets.c.obj
 .comment       0x0000000000000020       0x21 app/libapp.a(main.c.obj)
 .comment       0x0000000000000020       0x21 zephyr/libzephyr.a(heap.c.obj)
 .comment       0x0000000000000020       0x21 zephyr/libzephyr.a(printk.c.obj)
 .comment       0x0000000000000020       0x21 zephyr/libzephyr.a(thread_entry.c.obj)
 .comment       0x0000000000000020       0x21 zephyr/libzephyr.a(onoff.c.obj)
 .comment       0x0000000000000020       0x21 zephyr/libzephyr.a(notify.c.obj)
 .comment       0x0000000000000020       0x21 zephyr/libzephyr.a(configs.c.obj)
 .comment       0x0000000000000020       0x21 zephyr/libzephyr.a(thread_info.c.obj)
 .comment       0x0000000000000020       0x21 zephyr/libzephyr.a(banner.c.obj)
 .comment       0x0000000000000020       0x21 zephyr/arch/arch/arm/core/libarch__arm__core.a(fatal.c.obj)
 .comment       0x0000000000000020       0x21 zephyr/arch/arch/arm/core/libarch__arm__core.a(nmi.c.obj)
 .comment       0x0000000000000020       0x21 zephyr/arch/arch/arm/core/libarch__arm__core.a(tls.c.obj)
 .comment       0x0000000000000020       0x21 zephyr/arch/arch/arm/core/cortex_m/libarch__arm__core__cortex_m.a(exc_exit.c.obj)
 .comment       0x0000000000000020       0x21 zephyr/arch/arch/arm/core/cortex_m/libarch__arm__core__cortex_m.a(fault.c.obj)
 .comment       0x0000000000000020       0x21 zephyr/arch/arch/arm/core/cortex_m/libarch__arm__core__cortex_m.a(scb.c.obj)
 .comment       0x0000000000000020       0x21 zephyr/arch/arch/arm/core/cortex_m/libarch__arm__core__cortex_m.a(thread_abort.c.obj)
 .comment       0x0000000000000020       0x21 zephyr/arch/arch/arm/core/cortex_m/libarch__arm__core__cortex_m.a(swap.c.obj)
 .comment       0x0000000000000020       0x21 zephyr/arch/arch/arm/core/cortex_m/libarch__arm__core__cortex_m.a(irq_manage.c.obj)
 .comment       0x0000000000000020       0x21 zephyr/arch/arch/arm/core/cortex_m/libarch__arm__core__cortex_m.a(prep_c.c.obj)
 .comment       0x0000000000000020       0x21 zephyr/arch/arch/arm/core/cortex_m/libarch__arm__core__cortex_m.a(thread.c.obj)
 .comment       0x0000000000000020       0x21 zephyr/arch/arch/arm/core/cortex_m/libarch__arm__core__cortex_m.a(cpu_idle.c.obj)
 .comment       0x0000000000000020       0x21 zephyr/arch/arch/arm/core/cortex_m/libarch__arm__core__cortex_m.a(irq_init.c.obj)
 .comment       0x0000000000000020       0x21 zephyr/arch/arch/arm/core/cortex_m/libarch__arm__core__cortex_m.a(isr_wrapper.c.obj)
 .comment       0x0000000000000020       0x21 zephyr/lib/libc/common/liblib__libc__common.a(malloc.c.obj)
 .comment       0x0000000000000020       0x21 zephyr/soc/soc/nrf52832/libsoc__nordic.a(soc.c.obj)
 .comment       0x0000000000000020       0x21 zephyr/drivers/clock_control/libdrivers__clock_control.a(clock_control_nrf.c.obj)
 .comment       0x0000000000000020       0x21 zephyr/drivers/timer/libdrivers__timer.a(nrf_rtc_timer.c.obj)
 .comment       0x0000000000000020       0x21 modules/hal_nordic/nrfx/libmodules__hal_nordic__nrfx.a(system_nrf52.c.obj)
 .comment       0x0000000000000020       0x21 modules/hal_nordic/nrfx/libmodules__hal_nordic__nrfx.a(nrfx_glue.c.obj)
 .comment       0x0000000000000020       0x21 modules/hal_nordic/nrfx/libmodules__hal_nordic__nrfx.a(nrfx_clock.c.obj)
 .comment       0x0000000000000020       0x21 zephyr/kernel/libkernel.a(busy_wait.c.obj)
 .comment       0x0000000000000020       0x21 zephyr/kernel/libkernel.a(fatal.c.obj)
 .comment       0x0000000000000020       0x21 zephyr/kernel/libkernel.a(init.c.obj)
 .comment       0x0000000000000020       0x21 zephyr/kernel/libkernel.a(init_static.c.obj)
 .comment       0x0000000000000020       0x21 zephyr/kernel/libkernel.a(idle.c.obj)
 .comment       0x0000000000000020       0x21 zephyr/kernel/libkernel.a(sem.c.obj)
 .comment       0x0000000000000020       0x21 zephyr/kernel/libkernel.a(thread.c.obj)
 .comment       0x0000000000000020       0x21 zephyr/kernel/libkernel.a(sched.c.obj)
 .comment       0x0000000000000020       0x21 zephyr/kernel/libkernel.a(timeslicing.c.obj)
 .comment       0x0000000000000020       0x21 zephyr/kernel/libkernel.a(thread_monitor.c.obj)
 .comment       0x0000000000000020       0x21 zephyr/kernel/libkernel.a(xip.c.obj)
 .comment       0x0000000000000020       0x21 zephyr/kernel/libkernel.a(timeout.c.obj)
 .comment       0x0000000000000020       0x21 zephyr/kernel/libkernel.a(device.c.obj)

.debug
 *(SORT_BY_ALIGNMENT(.debug))

.line
 *(SORT_BY_ALIGNMENT(.line))

.debug_srcinfo
 *(SORT_BY_ALIGNMENT(.debug_srcinfo))

.debug_sfnames
 *(SORT_BY_ALIGNMENT(.debug_sfnames))

.debug_aranges  0x0000000000000000      0xf78
 *(SORT_BY_ALIGNMENT(.debug_aranges))
 .debug_aranges
                0x0000000000000000       0x20 zephyr/arch/arch/arm/core/libarch__arm__core.a(nmi_on_reset.S.obj)
 .debug_aranges
                0x0000000000000020       0x20 zephyr/arch/arch/arm/core/cortex_m/libarch__arm__core__cortex_m.a(fault_s.S.obj)
 .debug_aranges
                0x0000000000000040       0x20 zephyr/arch/arch/arm/core/cortex_m/libarch__arm__core__cortex_m.a(reset.S.obj)
 .debug_aranges
                0x0000000000000060       0x28 zephyr/arch/arch/arm/core/cortex_m/libarch__arm__core__cortex_m.a(swap_helper.S.obj)
 .debug_aranges
                0x0000000000000088       0x20 zephyr/arch/arch/arm/core/cortex_m/libarch__arm__core__cortex_m.a(__aeabi_read_tp.S.obj)
 .debug_aranges
                0x00000000000000a8       0x18 zephyr/CMakeFiles/zephyr_final.dir/isr_tables.c.obj
 .debug_aranges
                0x00000000000000c0       0x20 zephyr/CMakeFiles/offsets.dir/./arch/arm/core/offsets/offsets.c.obj
 .debug_aranges
                0x00000000000000e0       0x20 app/libapp.a(main.c.obj)
 .debug_aranges
                0x0000000000000100       0xa0 zephyr/libzephyr.a(heap.c.obj)
 .debug_aranges
                0x00000000000001a0       0x50 zephyr/libzephyr.a(printk.c.obj)
 .debug_aranges
                0x00000000000001f0       0x20 zephyr/libzephyr.a(thread_entry.c.obj)
 .debug_aranges
                0x0000000000000210       0xb8 zephyr/libzephyr.a(onoff.c.obj)
 .debug_aranges
                0x00000000000002c8       0x28 zephyr/libzephyr.a(notify.c.obj)
 .debug_aranges
                0x00000000000002f0       0x20 zephyr/libzephyr.a(configs.c.obj)
 .debug_aranges
                0x0000000000000310       0x18 zephyr/libzephyr.a(thread_info.c.obj)
 .debug_aranges
                0x0000000000000328       0x20 zephyr/libzephyr.a(banner.c.obj)
 .debug_aranges
                0x0000000000000348       0x30 zephyr/arch/arch/arm/core/libarch__arm__core.a(fatal.c.obj)
 .debug_aranges
                0x0000000000000378       0x20 zephyr/arch/arch/arm/core/libarch__arm__core.a(nmi.c.obj)
 .debug_aranges
                0x0000000000000398       0x28 zephyr/arch/arch/arm/core/libarch__arm__core.a(tls.c.obj)
 .debug_aranges
                0x00000000000003c0       0x20 zephyr/arch/arch/arm/core/cortex_m/libarch__arm__core__cortex_m.a(exc_exit.c.obj)
 .debug_aranges
                0x00000000000003e0       0x68 zephyr/arch/arch/arm/core/cortex_m/libarch__arm__core__cortex_m.a(fault.c.obj)
 .debug_aranges
                0x0000000000000448       0x30 zephyr/arch/arch/arm/core/cortex_m/libarch__arm__core__cortex_m.a(scb.c.obj)
 .debug_aranges
                0x0000000000000478       0x20 zephyr/arch/arch/arm/core/cortex_m/libarch__arm__core__cortex_m.a(thread_abort.c.obj)
 .debug_aranges
                0x0000000000000498       0x28 zephyr/arch/arch/arm/core/cortex_m/libarch__arm__core__cortex_m.a(swap.c.obj)
 .debug_aranges
                0x00000000000004c0       0x58 zephyr/arch/arch/arm/core/cortex_m/libarch__arm__core__cortex_m.a(irq_manage.c.obj)
 .debug_aranges
                0x0000000000000518       0x20 zephyr/arch/arch/arm/core/cortex_m/libarch__arm__core__cortex_m.a(prep_c.c.obj)
 .debug_aranges
                0x0000000000000538       0x38 zephyr/arch/arch/arm/core/cortex_m/libarch__arm__core__cortex_m.a(thread.c.obj)
 .debug_aranges
                0x0000000000000570       0x30 zephyr/arch/arch/arm/core/cortex_m/libarch__arm__core__cortex_m.a(cpu_idle.c.obj)
 .debug_aranges
                0x00000000000005a0       0x20 zephyr/arch/arch/arm/core/cortex_m/libarch__arm__core__cortex_m.a(irq_init.c.obj)
 .debug_aranges
                0x00000000000005c0       0x20 zephyr/arch/arch/arm/core/cortex_m/libarch__arm__core__cortex_m.a(isr_wrapper.c.obj)
 .debug_aranges
                0x00000000000005e0       0x60 zephyr/lib/libc/common/liblib__libc__common.a(malloc.c.obj)
 .debug_aranges
                0x0000000000000640       0x28 zephyr/soc/soc/nrf52832/libsoc__nordic.a(soc.c.obj)
 .debug_aranges
                0x0000000000000668      0x130 zephyr/drivers/clock_control/libdrivers__clock_control.a(clock_control_nrf.c.obj)
 .debug_aranges
                0x0000000000000798      0x158 zephyr/drivers/timer/libdrivers__timer.a(nrf_rtc_timer.c.obj)
 .debug_aranges
                0x00000000000008f0       0xa0 modules/hal_nordic/nrfx/libmodules__hal_nordic__nrfx.a(system_nrf52.c.obj)
 .debug_aranges
                0x0000000000000990       0x30 modules/hal_nordic/nrfx/libmodules__hal_nordic__nrfx.a(nrfx_glue.c.obj)
 .debug_aranges
                0x00000000000009c0       0x88 modules/hal_nordic/nrfx/libmodules__hal_nordic__nrfx.a(nrfx_clock.c.obj)
 .debug_aranges
                0x0000000000000a48       0x20 zephyr/kernel/libkernel.a(busy_wait.c.obj)
 .debug_aranges
                0x0000000000000a68       0x38 zephyr/kernel/libkernel.a(fatal.c.obj)
 .debug_aranges
                0x0000000000000aa0       0x90 zephyr/kernel/libkernel.a(init.c.obj)
 .debug_aranges
                0x0000000000000b30       0x20 zephyr/kernel/libkernel.a(init_static.c.obj)
 .debug_aranges
                0x0000000000000b50       0x28 zephyr/kernel/libkernel.a(idle.c.obj)
 .debug_aranges
                0x0000000000000b78       0x38 zephyr/kernel/libkernel.a(sem.c.obj)
 .debug_aranges
                0x0000000000000bb0       0xa8 zephyr/kernel/libkernel.a(thread.c.obj)
 .debug_aranges
                0x0000000000000c58      0x1b8 zephyr/kernel/libkernel.a(sched.c.obj)
 .debug_aranges
                0x0000000000000e10       0x40 zephyr/kernel/libkernel.a(timeslicing.c.obj)
 .debug_aranges
                0x0000000000000e50       0x30 zephyr/kernel/libkernel.a(thread_monitor.c.obj)
 .debug_aranges
                0x0000000000000e80       0x20 zephyr/kernel/libkernel.a(xip.c.obj)
 .debug_aranges
                0x0000000000000ea0       0xa0 zephyr/kernel/libkernel.a(timeout.c.obj)
 .debug_aranges
                0x0000000000000f40       0x38 zephyr/kernel/libkernel.a(device.c.obj)

.debug_pubnames
 *(SORT_BY_ALIGNMENT(.debug_pubnames))

.debug_info     0x0000000000000000    0x288e5
 *(SORT_BY_ALIGNMENT(.debug_info) SORT_BY_ALIGNMENT(.gnu.linkonce.wi.*))
 .debug_info    0x0000000000000000      0x189 zephyr/CMakeFiles/zephyr_final.dir/isr_tables.c.obj
 .debug_info    0x0000000000000189       0xdc zephyr/CMakeFiles/offsets.dir/./arch/arm/core/offsets/offsets.c.obj
 .debug_info    0x0000000000000265       0x97 app/libapp.a(main.c.obj)
 .debug_info    0x00000000000002fc     0x3d3f zephyr/libzephyr.a(heap.c.obj)
 .debug_info    0x000000000000403b      0x550 zephyr/libzephyr.a(printk.c.obj)
 .debug_info    0x000000000000458b      0x78d zephyr/libzephyr.a(thread_entry.c.obj)
 .debug_info    0x0000000000004d18     0x29f4 zephyr/libzephyr.a(onoff.c.obj)
 .debug_info    0x000000000000770c      0x31b zephyr/libzephyr.a(notify.c.obj)
 .debug_info    0x0000000000007a27       0x38 zephyr/libzephyr.a(configs.c.obj)
 .debug_info    0x0000000000007a5f      0x250 zephyr/libzephyr.a(thread_info.c.obj)
 .debug_info    0x0000000000007caf       0xdc zephyr/libzephyr.a(banner.c.obj)
 .debug_info    0x0000000000007d8b      0x64d zephyr/arch/arch/arm/core/libarch__arm__core.a(fatal.c.obj)
 .debug_info    0x00000000000083d8       0xb6 zephyr/arch/arch/arm/core/libarch__arm__core.a(nmi.c.obj)
 .debug_info    0x000000000000848e       0x23 zephyr/arch/arch/arm/core/libarch__arm__core.a(nmi_on_reset.S.obj)
 .debug_info    0x00000000000084b1      0x793 zephyr/arch/arch/arm/core/libarch__arm__core.a(tls.c.obj)
 .debug_info    0x0000000000008c44      0x817 zephyr/arch/arch/arm/core/cortex_m/libarch__arm__core__cortex_m.a(exc_exit.c.obj)
 .debug_info    0x000000000000945b     0x1538 zephyr/arch/arch/arm/core/cortex_m/libarch__arm__core__cortex_m.a(fault.c.obj)
 .debug_info    0x000000000000a993       0x23 zephyr/arch/arch/arm/core/cortex_m/libarch__arm__core__cortex_m.a(fault_s.S.obj)
 .debug_info    0x000000000000a9b6       0x23 zephyr/arch/arch/arm/core/cortex_m/libarch__arm__core__cortex_m.a(reset.S.obj)
 .debug_info    0x000000000000a9d9      0x5bd zephyr/arch/arch/arm/core/cortex_m/libarch__arm__core__cortex_m.a(scb.c.obj)
 .debug_info    0x000000000000af96      0x8be zephyr/arch/arch/arm/core/cortex_m/libarch__arm__core__cortex_m.a(thread_abort.c.obj)
 .debug_info    0x000000000000b854      0xa63 zephyr/arch/arch/arm/core/cortex_m/libarch__arm__core__cortex_m.a(swap.c.obj)
 .debug_info    0x000000000000c2b7       0x22 zephyr/arch/arch/arm/core/cortex_m/libarch__arm__core__cortex_m.a(swap_helper.S.obj)
 .debug_info    0x000000000000c2d9      0x8c2 zephyr/arch/arch/arm/core/cortex_m/libarch__arm__core__cortex_m.a(irq_manage.c.obj)
 .debug_info    0x000000000000cb9b      0x3fa zephyr/arch/arch/arm/core/cortex_m/libarch__arm__core__cortex_m.a(prep_c.c.obj)
 .debug_info    0x000000000000cf95      0xada zephyr/arch/arch/arm/core/cortex_m/libarch__arm__core__cortex_m.a(thread.c.obj)
 .debug_info    0x000000000000da6f      0x48b zephyr/arch/arch/arm/core/cortex_m/libarch__arm__core__cortex_m.a(cpu_idle.c.obj)
 .debug_info    0x000000000000defa      0x56c zephyr/arch/arch/arm/core/cortex_m/libarch__arm__core__cortex_m.a(irq_init.c.obj)
 .debug_info    0x000000000000e466      0x1a1 zephyr/arch/arch/arm/core/cortex_m/libarch__arm__core__cortex_m.a(isr_wrapper.c.obj)
 .debug_info    0x000000000000e607       0x23 zephyr/arch/arch/arm/core/cortex_m/libarch__arm__core__cortex_m.a(__aeabi_read_tp.S.obj)
 .debug_info    0x000000000000e62a      0xf91 zephyr/lib/libc/common/liblib__libc__common.a(malloc.c.obj)
 .debug_info    0x000000000000f5bb      0x4ea zephyr/soc/soc/nrf52832/libsoc__nordic.a(soc.c.obj)
 .debug_info    0x000000000000faa5     0x3199 zephyr/drivers/clock_control/libdrivers__clock_control.a(clock_control_nrf.c.obj)
 .debug_info    0x0000000000012c3e     0x3121 zephyr/drivers/timer/libdrivers__timer.a(nrf_rtc_timer.c.obj)
 .debug_info    0x0000000000015d5f     0x12da modules/hal_nordic/nrfx/libmodules__hal_nordic__nrfx.a(system_nrf52.c.obj)
 .debug_info    0x0000000000017039      0x25d modules/hal_nordic/nrfx/libmodules__hal_nordic__nrfx.a(nrfx_glue.c.obj)
 .debug_info    0x0000000000017296     0x19e7 modules/hal_nordic/nrfx/libmodules__hal_nordic__nrfx.a(nrfx_clock.c.obj)
 .debug_info    0x0000000000018c7d       0xdb zephyr/kernel/libkernel.a(busy_wait.c.obj)
 .debug_info    0x0000000000018d58      0xd49 zephyr/kernel/libkernel.a(fatal.c.obj)
 .debug_info    0x0000000000019aa1     0x1c96 zephyr/kernel/libkernel.a(init.c.obj)
 .debug_info    0x000000000001b737       0x38 zephyr/kernel/libkernel.a(init_static.c.obj)
 .debug_info    0x000000000001b76f      0x2ea zephyr/kernel/libkernel.a(idle.c.obj)
 .debug_info    0x000000000001ba59      0xf32 zephyr/kernel/libkernel.a(sem.c.obj)
 .debug_info    0x000000000001c98b     0x17fe zephyr/kernel/libkernel.a(thread.c.obj)
 .debug_info    0x000000000001e189     0x6b21 zephyr/kernel/libkernel.a(sched.c.obj)
 .debug_info    0x0000000000024caa     0x1066 zephyr/kernel/libkernel.a(timeslicing.c.obj)
 .debug_info    0x0000000000025d10      0xeb2 zephyr/kernel/libkernel.a(thread_monitor.c.obj)
 .debug_info    0x0000000000026bc2      0x142 zephyr/kernel/libkernel.a(xip.c.obj)
 .debug_info    0x0000000000026d04     0x188a zephyr/kernel/libkernel.a(timeout.c.obj)
 .debug_info    0x000000000002858e      0x357 zephyr/kernel/libkernel.a(device.c.obj)

.debug_abbrev   0x0000000000000000     0x7728
 *(SORT_BY_ALIGNMENT(.debug_abbrev))
 .debug_abbrev  0x0000000000000000      0x118 zephyr/CMakeFiles/zephyr_final.dir/isr_tables.c.obj
 .debug_abbrev  0x0000000000000118       0x62 zephyr/CMakeFiles/offsets.dir/./arch/arm/core/offsets/offsets.c.obj
 .debug_abbrev  0x000000000000017a       0x46 app/libapp.a(main.c.obj)
 .debug_abbrev  0x00000000000001c0      0x3ea zephyr/libzephyr.a(heap.c.obj)
 .debug_abbrev  0x00000000000005aa      0x2c5 zephyr/libzephyr.a(printk.c.obj)
 .debug_abbrev  0x000000000000086f      0x2a6 zephyr/libzephyr.a(thread_entry.c.obj)
 .debug_abbrev  0x0000000000000b15      0x4ed zephyr/libzephyr.a(onoff.c.obj)
 .debug_abbrev  0x0000000000001002      0x1a4 zephyr/libzephyr.a(notify.c.obj)
 .debug_abbrev  0x00000000000011a6       0x2e zephyr/libzephyr.a(configs.c.obj)
 .debug_abbrev  0x00000000000011d4       0xb8 zephyr/libzephyr.a(thread_info.c.obj)
 .debug_abbrev  0x000000000000128c       0x99 zephyr/libzephyr.a(banner.c.obj)
 .debug_abbrev  0x0000000000001325      0x24d zephyr/arch/arch/arm/core/libarch__arm__core.a(fatal.c.obj)
 .debug_abbrev  0x0000000000001572       0x62 zephyr/arch/arch/arm/core/libarch__arm__core.a(nmi.c.obj)
 .debug_abbrev  0x00000000000015d4       0x14 zephyr/arch/arch/arm/core/libarch__arm__core.a(nmi_on_reset.S.obj)
 .debug_abbrev  0x00000000000015e8      0x27b zephyr/arch/arch/arm/core/libarch__arm__core.a(tls.c.obj)
 .debug_abbrev  0x0000000000001863      0x17f zephyr/arch/arch/arm/core/cortex_m/libarch__arm__core__cortex_m.a(exc_exit.c.obj)
 .debug_abbrev  0x00000000000019e2      0x48f zephyr/arch/arch/arm/core/cortex_m/libarch__arm__core__cortex_m.a(fault.c.obj)
 .debug_abbrev  0x0000000000001e71       0x14 zephyr/arch/arch/arm/core/cortex_m/libarch__arm__core__cortex_m.a(fault_s.S.obj)
 .debug_abbrev  0x0000000000001e85       0x14 zephyr/arch/arch/arm/core/cortex_m/libarch__arm__core__cortex_m.a(reset.S.obj)
 .debug_abbrev  0x0000000000001e99      0x1f4 zephyr/arch/arch/arm/core/cortex_m/libarch__arm__core__cortex_m.a(scb.c.obj)
 .debug_abbrev  0x000000000000208d      0x224 zephyr/arch/arch/arm/core/cortex_m/libarch__arm__core__cortex_m.a(thread_abort.c.obj)
 .debug_abbrev  0x00000000000022b1      0x2b0 zephyr/arch/arch/arm/core/cortex_m/libarch__arm__core__cortex_m.a(swap.c.obj)
 .debug_abbrev  0x0000000000002561       0x12 zephyr/arch/arch/arm/core/cortex_m/libarch__arm__core__cortex_m.a(swap_helper.S.obj)
 .debug_abbrev  0x0000000000002573      0x24e zephyr/arch/arch/arm/core/cortex_m/libarch__arm__core__cortex_m.a(irq_manage.c.obj)
 .debug_abbrev  0x00000000000027c1      0x167 zephyr/arch/arch/arm/core/cortex_m/libarch__arm__core__cortex_m.a(prep_c.c.obj)
 .debug_abbrev  0x0000000000002928      0x377 zephyr/arch/arch/arm/core/cortex_m/libarch__arm__core__cortex_m.a(thread.c.obj)
 .debug_abbrev  0x0000000000002c9f      0x16f zephyr/arch/arch/arm/core/cortex_m/libarch__arm__core__cortex_m.a(cpu_idle.c.obj)
 .debug_abbrev  0x0000000000002e0e      0x168 zephyr/arch/arch/arm/core/cortex_m/libarch__arm__core__cortex_m.a(irq_init.c.obj)
 .debug_abbrev  0x0000000000002f76      0x12e zephyr/arch/arch/arm/core/cortex_m/libarch__arm__core__cortex_m.a(isr_wrapper.c.obj)
 .debug_abbrev  0x00000000000030a4       0x14 zephyr/arch/arch/arm/core/cortex_m/libarch__arm__core__cortex_m.a(__aeabi_read_tp.S.obj)
 .debug_abbrev  0x00000000000030b8      0x47f zephyr/lib/libc/common/liblib__libc__common.a(malloc.c.obj)
 .debug_abbrev  0x0000000000003537      0x275 zephyr/soc/soc/nrf52832/libsoc__nordic.a(soc.c.obj)
 .debug_abbrev  0x00000000000037ac      0x708 zephyr/drivers/clock_control/libdrivers__clock_control.a(clock_control_nrf.c.obj)
 .debug_abbrev  0x0000000000003eb4      0x66e zephyr/drivers/timer/libdrivers__timer.a(nrf_rtc_timer.c.obj)
 .debug_abbrev  0x0000000000004522      0x206 modules/hal_nordic/nrfx/libmodules__hal_nordic__nrfx.a(system_nrf52.c.obj)
 .debug_abbrev  0x0000000000004728      0x14f modules/hal_nordic/nrfx/libmodules__hal_nordic__nrfx.a(nrfx_glue.c.obj)
 .debug_abbrev  0x0000000000004877      0x43d modules/hal_nordic/nrfx/libmodules__hal_nordic__nrfx.a(nrfx_clock.c.obj)
 .debug_abbrev  0x0000000000004cb4       0x8e zephyr/kernel/libkernel.a(busy_wait.c.obj)
 .debug_abbrev  0x0000000000004d42      0x398 zephyr/kernel/libkernel.a(fatal.c.obj)
 .debug_abbrev  0x00000000000050da      0x6b6 zephyr/kernel/libkernel.a(init.c.obj)
 .debug_abbrev  0x0000000000005790       0x2e zephyr/kernel/libkernel.a(init_static.c.obj)
 .debug_abbrev  0x00000000000057be      0x1c2 zephyr/kernel/libkernel.a(idle.c.obj)
 .debug_abbrev  0x0000000000005980      0x3cd zephyr/kernel/libkernel.a(sem.c.obj)
 .debug_abbrev  0x0000000000005d4d      0x51c zephyr/kernel/libkernel.a(thread.c.obj)
 .debug_abbrev  0x0000000000006269      0x637 zephyr/kernel/libkernel.a(sched.c.obj)
 .debug_abbrev  0x00000000000068a0      0x3f9 zephyr/kernel/libkernel.a(timeslicing.c.obj)
 .debug_abbrev  0x0000000000006c99      0x355 zephyr/kernel/libkernel.a(thread_monitor.c.obj)
 .debug_abbrev  0x0000000000006fee       0xb0 zephyr/kernel/libkernel.a(xip.c.obj)
 .debug_abbrev  0x000000000000709e      0x4ce zephyr/kernel/libkernel.a(timeout.c.obj)
 .debug_abbrev  0x000000000000756c      0x1bc zephyr/kernel/libkernel.a(device.c.obj)

.debug_line     0x0000000000000000    0x1554f
 *(SORT_BY_ALIGNMENT(.debug_line) SORT_BY_ALIGNMENT(.debug_line.*) SORT_BY_ALIGNMENT(.debug_line_end))
 .debug_line    0x0000000000000000      0x177 zephyr/CMakeFiles/zephyr_final.dir/isr_tables.c.obj
 .debug_line    0x0000000000000177      0x125 zephyr/CMakeFiles/offsets.dir/./arch/arm/core/offsets/offsets.c.obj
 .debug_line    0x000000000000029c       0x58 app/libapp.a(main.c.obj)
 .debug_line    0x00000000000002f4     0x19f3 zephyr/libzephyr.a(heap.c.obj)
 .debug_line    0x0000000000001ce7      0x3f4 zephyr/libzephyr.a(printk.c.obj)